Archive member included to satisfy reference by file (symbol)

/usr/lib/gcc/arm-none-eabi/10.3.1/thumb/v6-m/nofp/libgcc.a(_dvmd_tls.o)
                              CMakeFiles/adc.dir/home/kwon/pico-sdk/src/rp2_common/pico_divider/divider.S.obj (__aeabi_idiv0)
/usr/lib/gcc/arm-none-eabi/10.3.1/../../../arm-none-eabi/lib/thumb/v6-m/nofp/libc.a(lib_a-atexit.o)
                              /usr/lib/gcc/arm-none-eabi/10.3.1/../../../arm-none-eabi/lib/thumb/v6-m/nofp/crt0.o (atexit)
/usr/lib/gcc/arm-none-eabi/10.3.1/../../../arm-none-eabi/lib/thumb/v6-m/nofp/libc.a(lib_a-atof.o)
                              CMakeFiles/adc.dir/src/main.c.obj (atof)
/usr/lib/gcc/arm-none-eabi/10.3.1/../../../arm-none-eabi/lib/thumb/v6-m/nofp/libc.a(lib_a-calloc.o)
                              CMakeFiles/adc.dir/home/kwon/pico-sdk/src/rp2_common/pico_malloc/pico_malloc.c.obj (calloc)
/usr/lib/gcc/arm-none-eabi/10.3.1/../../../arm-none-eabi/lib/thumb/v6-m/nofp/libc.a(lib_a-callocr.o)
                              /usr/lib/gcc/arm-none-eabi/10.3.1/../../../arm-none-eabi/lib/thumb/v6-m/nofp/libc.a(lib_a-calloc.o) (_calloc_r)
/usr/lib/gcc/arm-none-eabi/10.3.1/../../../arm-none-eabi/lib/thumb/v6-m/nofp/libc.a(lib_a-fini.o)
                              /usr/lib/gcc/arm-none-eabi/10.3.1/../../../arm-none-eabi/lib/thumb/v6-m/nofp/crt0.o (__libc_fini_array)
/usr/lib/gcc/arm-none-eabi/10.3.1/../../../arm-none-eabi/lib/thumb/v6-m/nofp/libc.a(lib_a-impure.o)
                              /usr/lib/gcc/arm-none-eabi/10.3.1/../../../arm-none-eabi/lib/thumb/v6-m/nofp/libc.a(lib_a-calloc.o) (_impure_ptr)
/usr/lib/gcc/arm-none-eabi/10.3.1/../../../arm-none-eabi/lib/thumb/v6-m/nofp/libc.a(lib_a-init.o)
                              /usr/lib/gcc/arm-none-eabi/10.3.1/../../../arm-none-eabi/lib/thumb/v6-m/nofp/crt0.o (__libc_init_array)
/usr/lib/gcc/arm-none-eabi/10.3.1/../../../arm-none-eabi/lib/thumb/v6-m/nofp/libc.a(lib_a-malloc.o)
                              CMakeFiles/adc.dir/home/kwon/pico-sdk/src/rp2_common/pico_malloc/pico_malloc.c.obj (malloc)
/usr/lib/gcc/arm-none-eabi/10.3.1/../../../arm-none-eabi/lib/thumb/v6-m/nofp/libc.a(lib_a-mallocr.o)
                              /usr/lib/gcc/arm-none-eabi/10.3.1/../../../arm-none-eabi/lib/thumb/v6-m/nofp/libc.a(lib_a-callocr.o) (_malloc_r)
/usr/lib/gcc/arm-none-eabi/10.3.1/../../../arm-none-eabi/lib/thumb/v6-m/nofp/libc.a(lib_a-mlock.o)
                              /usr/lib/gcc/arm-none-eabi/10.3.1/../../../arm-none-eabi/lib/thumb/v6-m/nofp/libc.a(lib_a-mallocr.o) (__malloc_lock)
/usr/lib/gcc/arm-none-eabi/10.3.1/../../../arm-none-eabi/lib/thumb/v6-m/nofp/libc.a(lib_a-realloc.o)
                              CMakeFiles/adc.dir/home/kwon/pico-sdk/src/rp2_common/pico_malloc/pico_malloc.c.obj (realloc)
/usr/lib/gcc/arm-none-eabi/10.3.1/../../../arm-none-eabi/lib/thumb/v6-m/nofp/libc.a(lib_a-reallocr.o)
                              /usr/lib/gcc/arm-none-eabi/10.3.1/../../../arm-none-eabi/lib/thumb/v6-m/nofp/libc.a(lib_a-realloc.o) (_realloc_r)
/usr/lib/gcc/arm-none-eabi/10.3.1/../../../arm-none-eabi/lib/thumb/v6-m/nofp/libc.a(lib_a-sbrkr.o)
                              /usr/lib/gcc/arm-none-eabi/10.3.1/../../../arm-none-eabi/lib/thumb/v6-m/nofp/libc.a(lib_a-mallocr.o) (_sbrk_r)
/usr/lib/gcc/arm-none-eabi/10.3.1/../../../arm-none-eabi/lib/thumb/v6-m/nofp/libc.a(lib_a-strlen-stub.o)
                              CMakeFiles/adc.dir/home/kwon/pico-sdk/src/rp2_common/pico_stdio/stdio.c.obj (strlen)
/usr/lib/gcc/arm-none-eabi/10.3.1/../../../arm-none-eabi/lib/thumb/v6-m/nofp/libc.a(lib_a-strtod.o)
                              /usr/lib/gcc/arm-none-eabi/10.3.1/../../../arm-none-eabi/lib/thumb/v6-m/nofp/libc.a(lib_a-atof.o) (strtod)
/usr/lib/gcc/arm-none-eabi/10.3.1/../../../arm-none-eabi/lib/thumb/v6-m/nofp/libc.a(lib_a-__atexit.o)
                              /usr/lib/gcc/arm-none-eabi/10.3.1/../../../arm-none-eabi/lib/thumb/v6-m/nofp/libc.a(lib_a-atexit.o) (__register_exitproc)
/usr/lib/gcc/arm-none-eabi/10.3.1/../../../arm-none-eabi/lib/thumb/v6-m/nofp/libc.a(lib_a-freer.o)
                              /usr/lib/gcc/arm-none-eabi/10.3.1/../../../arm-none-eabi/lib/thumb/v6-m/nofp/libc.a(lib_a-malloc.o) (_free_r)
/usr/lib/gcc/arm-none-eabi/10.3.1/../../../arm-none-eabi/lib/thumb/v6-m/nofp/libc.a(lib_a-gdtoa-gethex.o)
                              /usr/lib/gcc/arm-none-eabi/10.3.1/../../../arm-none-eabi/lib/thumb/v6-m/nofp/libc.a(lib_a-strtod.o) (__gethex)
/usr/lib/gcc/arm-none-eabi/10.3.1/../../../arm-none-eabi/lib/thumb/v6-m/nofp/libc.a(lib_a-gdtoa-hexnan.o)
                              /usr/lib/gcc/arm-none-eabi/10.3.1/../../../arm-none-eabi/lib/thumb/v6-m/nofp/libc.a(lib_a-strtod.o) (__match)
/usr/lib/gcc/arm-none-eabi/10.3.1/../../../arm-none-eabi/lib/thumb/v6-m/nofp/libc.a(lib_a-lnumeric.o)
                              /usr/lib/gcc/arm-none-eabi/10.3.1/../../../arm-none-eabi/lib/thumb/v6-m/nofp/libc.a(lib_a-strtod.o) (_C_numeric_locale)
[...]
Memory Configuration

Name             Origin             Length             Attributes
FLASH            0x0000000010000000 0x0000000000200000 xr
RAM              0x0000000020000000 0x0000000000040000 xrw
SCRATCH_X        0x0000000020040000 0x0000000000001000 xrw
SCRATCH_Y        0x0000000020041000 0x0000000000001000 xrw
*default*        0x0000000000000000 0xffffffffffffffff

Linker script and memory map

LOAD /usr/lib/gcc/arm-none-eabi/10.3.1/thumb/v6-m/nofp/crti.o
LOAD /usr/lib/gcc/arm-none-eabi/10.3.1/thumb/v6-m/nofp/crtbegin.o
LOAD /usr/lib/gcc/arm-none-eabi/10.3.1/../../../arm-none-eabi/lib/thumb/v6-m/nofp/crt0.o

.flash_begin    0x0000000010000000        0x0
                0x0000000010000000                __flash_binary_start = .

.boot2          0x0000000010000000      0x100
                0x0000000010000000                __boot2_start__ = .
 *(.boot2)
 .boot2         0x0000000010000000      0x100 /tmp/ccL44xd8.o
                0x0000000010000100                __boot2_end__ = .
                0x0000000000000001                ASSERT (((__boot2_end__ - __boot2_start__) == 0x100), ERROR: Pico second stage bootloader must be 256 bytes in size)

.text           0x0000000010000100     0x9d50
                0x0000000010000100                __logical_binary_start = .
 *(.vectors)
 .vectors       0x0000000010000100       0xd4 CMakeFiles/adc.dir/home/kwon/pico-sdk/src/rp2_common/pico_standard_link/crt0.S.obj
                0x0000000010000100                __vectors
                0x0000000010000100                __VECTOR_TABLE
                0x00000000100001c0                isr_invalid
                0x00000000100001c0                __default_isrs_start
                0x00000000100001c2                isr_nmi
                0x00000000100001c4                isr_hardfault
                0x00000000100001c6                isr_svcall
                0x00000000100001c8                isr_pendsv
                0x00000000100001ca                isr_systick
                0x00000000100001cc                isr_irq30
                0x00000000100001cc                __unhandled_user_irq
                0x00000000100001cc                isr_irq13
                0x00000000100001cc                isr_irq27
                0x00000000100001cc                isr_irq31
                0x00000000100001cc                isr_irq5
                0x00000000100001cc                isr_irq11
                0x00000000100001cc                isr_irq23
                0x00000000100001cc                isr_irq18
                0x00000000100001cc                isr_irq28
                0x00000000100001cc                isr_irq19
                0x00000000100001cc                isr_irq0
                0x00000000100001cc                isr_irq6
                0x00000000100001cc                isr_irq22
                0x00000000100001cc                isr_irq17
                0x00000000100001cc                isr_irq14
                0x00000000100001cc                isr_irq2
                0x00000000100001cc                isr_irq10
                0x00000000100001cc                isr_irq8
                0x00000000100001cc                isr_irq24
                0x00000000100001cc                isr_irq1
                0x00000000100001cc                isr_irq7
                0x00000000100001cc                isr_irq21
                0x00000000100001cc                isr_irq20
                0x00000000100001cc                isr_irq15
                0x00000000100001cc                isr_irq25
                0x00000000100001cc                isr_irq4
                0x00000000100001cc                isr_irq16
                0x00000000100001cc                isr_irq29
                0x00000000100001cc                isr_irq26
                0x00000000100001cc                __default_isrs_end
                0x00000000100001cc                isr_irq3
                0x00000000100001cc                isr_irq12
                0x00000000100001cc                isr_irq9
                0x00000000100001d2                unhandled_user_irq_num_in_r0
 *(.binary_info_header)
 .binary_info_header
                0x00000000100001d4       0x14 CMakeFiles/adc.dir/home/kwon/pico-sdk/src/rp2_common/pico_standard_link/crt0.S.obj
                0x00000000100001e8                __binary_info_header_end = .
 *(.reset)
 .reset         0x00000000100001e8       0xa0 CMakeFiles/adc.dir/home/kwon/pico-sdk/src/rp2_common/pico_standard_link/crt0.S.obj
                0x00000000100001e8                _entry_point
 .reset         0x0000000010000288       0x30 CMakeFiles/adc.dir/home/kwon/pico-sdk/src/rp2_common/pico_standard_link/binary_info.c.obj
 *(.init)
 .init          0x00000000100002b8        0x4 /usr/lib/gcc/arm-none-eabi/10.3.1/thumb/v6-m/nofp/crti.o
                0x00000000100002b8                _init
 *(EXCLUDE_FILE(*libm.a: *libc.a:*lib_a-mem*.o *libgcc.a:) .text*)
 .text          0x00000000100002bc       0x98 /usr/lib/gcc/arm-none-eabi/10.3.1/thumb/v6-m/nofp/crtbegin.o
 .text.startup.main
                0x0000000010000354      0x1e0 CMakeFiles/adc.dir/src/main.c.obj
                0x0000000010000354                main
 .text.gpio_set_function
                0x0000000010000534       0x30 CMakeFiles/adc.dir/home/kwon/pico-sdk/src/rp2_common/hardware_gpio/gpio.c.obj
                0x0000000010000534                gpio_set_function
 .text.gpio_set_pulls
                0x0000000010000564       0x30 CMakeFiles/adc.dir/home/kwon/pico-sdk/src/rp2_common/hardware_gpio/gpio.c.obj
                0x0000000010000564                gpio_set_pulls
 .text.gpio_set_input_enabled
                0x0000000010000594       0x28 CMakeFiles/adc.dir/home/kwon/pico-sdk/src/rp2_common/hardware_gpio/gpio.c.obj
                0x0000000010000594                gpio_set_input_enabled
 .text.gpio_init
                0x00000000100005bc       0x3c CMakeFiles/adc.dir/home/kwon/pico-sdk/src/rp2_common/hardware_gpio/gpio.c.obj
                0x00000000100005bc                gpio_init
 .text.running_on_fpga
                0x00000000100005f8       0x10 CMakeFiles/adc.dir/home/kwon/pico-sdk/src/rp2_common/pico_platform/platform.c.obj
                0x00000000100005f8                running_on_fpga
 .text.hw_claim_or_assert
                0x0000000010000608       0x44 CMakeFiles/adc.dir/home/kwon/pico-sdk/src/rp2_common/hardware_claim/claim.c.obj
                0x0000000010000608                hw_claim_or_assert
 .text.hw_claim_unused_from_range
                0x000000001000064c       0x9c CMakeFiles/adc.dir/home/kwon/pico-sdk/src/rp2_common/hardware_claim/claim.c.obj
                0x000000001000064c                hw_claim_unused_from_range
 .text.spin_locks_reset
                0x00000000100006e8       0x1c CMakeFiles/adc.dir/home/kwon/pico-sdk/src/rp2_common/hardware_sync/sync.c.obj
                0x00000000100006e8                spin_locks_reset
 .text.next_striped_spin_lock_num
                0x0000000010000704       0x18 CMakeFiles/adc.dir/home/kwon/pico-sdk/src/rp2_common/hardware_sync/sync.c.obj
                0x0000000010000704                next_striped_spin_lock_num
 .text.spin_lock_claim_unused
                0x000000001000071c       0x20 CMakeFiles/adc.dir/home/kwon/pico-sdk/src/rp2_common/hardware_sync/sync.c.obj
                0x000000001000071c                spin_lock_claim_unused
 .text.irq_set_enabled
                0x000000001000073c       0x24 CMakeFiles/adc.dir/home/kwon/pico-sdk/src/rp2_common/hardware_irq/irq.c.obj
                0x000000001000073c                irq_set_enabled
 .text.irq_set_pending
                0x0000000010000760       0x10 CMakeFiles/adc.dir/home/kwon/pico-sdk/src/rp2_common/hardware_irq/irq.c.obj
                0x0000000010000760                irq_set_pending
 .text.irq_has_shared_handler
                0x0000000010000770       0x2c CMakeFiles/adc.dir/home/kwon/pico-sdk/src/rp2_common/hardware_irq/irq.c.obj
                0x0000000010000770                irq_has_shared_handler
 .text.irq_get_vtable_handler
                0x000000001000079c       0x10 CMakeFiles/adc.dir/home/kwon/pico-sdk/src/rp2_common/hardware_irq/irq.c.obj
                0x000000001000079c                irq_get_vtable_handler
 .text.irq_set_exclusive_handler
                0x00000000100007ac       0x54 CMakeFiles/adc.dir/home/kwon/pico-sdk/src/rp2_common/hardware_irq/irq.c.obj
                0x00000000100007ac                irq_set_exclusive_handler
 .text.irq_add_shared_handler
                0x0000000010000800      0x1e8 CMakeFiles/adc.dir/home/kwon/pico-sdk/src/rp2_common/hardware_irq/irq.c.obj
                0x0000000010000800                irq_add_shared_handler
 .text.irq_remove_handler
                0x00000000100009e8      0x1b0 CMakeFiles/adc.dir/home/kwon/pico-sdk/src/rp2_common/hardware_irq/irq.c.obj
                0x00000000100009e8                irq_remove_handler
 .text.irq_add_tail_to_free_list
                0x0000000010000b98       0xb4 CMakeFiles/adc.dir/home/kwon/pico-sdk/src/rp2_common/hardware_irq/irq.c.obj
                0x0000000010000b98                irq_add_tail_to_free_list
 .text.irq_init_priorities
                0x0000000010000c4c       0x24 CMakeFiles/adc.dir/home/kwon/pico-sdk/src/rp2_common/hardware_irq/irq.c.obj
                0x0000000010000c4c                irq_init_priorities
 .text.user_irq_claim_unused
                0x0000000010000c70       0x28 CMakeFiles/adc.dir/home/kwon/pico-sdk/src/rp2_common/hardware_irq/irq.c.obj
                0x0000000010000c70                user_irq_claim_unused
 .text.lock_init
                0x0000000010000c98       0x10 CMakeFiles/adc.dir/home/kwon/pico-sdk/src/common/pico_sync/lock_core.c.obj
                0x0000000010000c98                lock_init
 .text.mutex_init
                0x0000000010000ca8       0x1c CMakeFiles/adc.dir/home/kwon/pico-sdk/src/common/pico_sync/mutex.c.obj
                0x0000000010000ca8                mutex_init
 .text.recursive_mutex_init
                0x0000000010000cc4       0x1c CMakeFiles/adc.dir/home/kwon/pico-sdk/src/common/pico_sync/mutex.c.obj
                0x0000000010000cc4                recursive_mutex_init
 .text.critical_section_init
                0x0000000010000ce0       0x20 CMakeFiles/adc.dir/home/kwon/pico-sdk/src/common/pico_sync/critical_section.c.obj
                0x0000000010000ce0                critical_section_init
 .text.critical_section_init_with_lock_num
                0x0000000010000d00       0x14 CMakeFiles/adc.dir/home/kwon/pico-sdk/src/common/pico_sync/critical_section.c.obj
                0x0000000010000d00                critical_section_init_with_lock_num
 .text.timer_pool_entry_comparator
                0x0000000010000d14       0x34 CMakeFiles/adc.dir/home/kwon/pico-sdk/src/common/pico_time/time.c.obj
                0x0000000010000d14                timer_pool_entry_comparator
 .text.sleep_until_callback
                0x0000000010000d48       0x30 CMakeFiles/adc.dir/home/kwon/pico-sdk/src/common/pico_time/time.c.obj
 .text.add_alarm_under_lock.isra.0
                0x0000000010000d78      0x100 CMakeFiles/adc.dir/home/kwon/pico-sdk/src/common/pico_time/time.c.obj
 .text.alarm_pool_alarm_callback
                0x0000000010000e78      0x1bc CMakeFiles/adc.dir/home/kwon/pico-sdk/src/common/pico_time/time.c.obj
 .text.alarm_pool_init_default
                0x0000000010001034       0x6c CMakeFiles/adc.dir/home/kwon/pico-sdk/src/common/pico_time/time.c.obj
                0x0000000010001034                alarm_pool_init_default
 .text.alarm_pool_get_default
                0x00000000100010a0        0x8 CMakeFiles/adc.dir/home/kwon/pico-sdk/src/common/pico_time/time.c.obj
                0x00000000100010a0                alarm_pool_get_default
 .text.alarm_pool_add_alarm_at
                0x00000000100010a8      0x178 CMakeFiles/adc.dir/home/kwon/pico-sdk/src/common/pico_time/time.c.obj
                0x00000000100010a8                alarm_pool_add_alarm_at
 .text.alarm_pool_core_num
                0x0000000010001220        0x4 CMakeFiles/adc.dir/home/kwon/pico-sdk/src/common/pico_time/time.c.obj
                0x0000000010001220                alarm_pool_core_num
 .text.sleep_until
                0x0000000010001224       0xc4 CMakeFiles/adc.dir/home/kwon/pico-sdk/src/common/pico_time/time.c.obj
                0x0000000010001224                sleep_until
 .text.sleep_ms
                0x00000000100012e8       0x34 CMakeFiles/adc.dir/home/kwon/pico-sdk/src/common/pico_time/time.c.obj
                0x00000000100012e8                sleep_ms
 .text.best_effort_wfe_or_timeout
                0x000000001000131c       0xd4 CMakeFiles/adc.dir/home/kwon/pico-sdk/src/common/pico_time/time.c.obj
                0x000000001000131c                best_effort_wfe_or_timeout
 .text.hardware_alarm_irq_handler
                0x00000000100013f0       0xbc CMakeFiles/adc.dir/home/kwon/pico-sdk/src/rp2_common/hardware_timer/timer.c.obj
 .text.hardware_alarm_claim
                0x00000000100014ac       0x18 CMakeFiles/adc.dir/home/kwon/pico-sdk/src/rp2_common/hardware_timer/timer.c.obj
                0x00000000100014ac                hardware_alarm_claim
 .text.time_us_64
                0x00000000100014c4       0x14 CMakeFiles/adc.dir/home/kwon/pico-sdk/src/rp2_common/hardware_timer/timer.c.obj
                0x00000000100014c4                time_us_64
 .text.busy_wait_us
                0x00000000100014d8       0x54 CMakeFiles/adc.dir/home/kwon/pico-sdk/src/rp2_common/hardware_timer/timer.c.obj
                0x00000000100014d8                busy_wait_us
 .text.busy_wait_until
                0x000000001000152c       0x20 CMakeFiles/adc.dir/home/kwon/pico-sdk/src/rp2_common/hardware_timer/timer.c.obj
                0x000000001000152c                busy_wait_until
 .text.hardware_alarm_set_callback
                0x000000001000154c       0x8c CMakeFiles/adc.dir/home/kwon/pico-sdk/src/rp2_common/hardware_timer/timer.c.obj
                0x000000001000154c                hardware_alarm_set_callback
 .text.hardware_alarm_set_target
                0x00000000100015d8       0xd4 CMakeFiles/adc.dir/home/kwon/pico-sdk/src/rp2_common/hardware_timer/timer.c.obj
                0x00000000100015d8                hardware_alarm_set_target
 .text.hardware_alarm_cancel
                0x00000000100016ac       0x3c CMakeFiles/adc.dir/home/kwon/pico-sdk/src/rp2_common/hardware_timer/timer.c.obj
                0x00000000100016ac                hardware_alarm_cancel
 .text.ph_merge_nodes
                0x00000000100016e8       0x68 CMakeFiles/adc.dir/home/kwon/pico-sdk/src/common/pico_util/pheap.c.obj
 .text.ph_post_alloc_init
                0x0000000010001750       0x3c CMakeFiles/adc.dir/home/kwon/pico-sdk/src/common/pico_util/pheap.c.obj
                0x0000000010001750                ph_post_alloc_init
 .text.ph_merge_two_pass
                0x000000001000178c       0x90 CMakeFiles/adc.dir/home/kwon/pico-sdk/src/common/pico_util/pheap.c.obj
                0x000000001000178c                ph_merge_two_pass
 .text.ph_remove_any_head
                0x000000001000181c      0x100 CMakeFiles/adc.dir/home/kwon/pico-sdk/src/common/pico_util/pheap.c.obj
 .text.ph_remove_head
                0x000000001000191c      0x104 CMakeFiles/adc.dir/home/kwon/pico-sdk/src/common/pico_util/pheap.c.obj
                0x000000001000191c                ph_remove_head
 .text.ph_remove_and_free_node
                0x0000000010001a20       0x7c CMakeFiles/adc.dir/home/kwon/pico-sdk/src/common/pico_util/pheap.c.obj
                0x0000000010001a20                ph_remove_and_free_node
 .text.clocks_init
                0x0000000010001a9c      0x2d0 CMakeFiles/adc.dir/home/kwon/pico-sdk/src/rp2_common/hardware_clocks/clocks.c.obj
                0x0000000010001a9c                clocks_init
 .text.pll_init
                0x0000000010001d6c       0xa0 CMakeFiles/adc.dir/home/kwon/pico-sdk/src/rp2_common/hardware_pll/pll.c.obj
                0x0000000010001d6c                pll_init
 .text.watchdog_start_tick
                0x0000000010001e0c       0x10 CMakeFiles/adc.dir/home/kwon/pico-sdk/src/rp2_common/hardware_watchdog/watchdog.c.obj
                0x0000000010001e0c                watchdog_start_tick
 .text.watchdog_reboot
                0x0000000010001e1c       0x98 CMakeFiles/adc.dir/home/kwon/pico-sdk/src/rp2_common/hardware_watchdog/watchdog.c.obj
                0x0000000010001e1c                watchdog_reboot
 .text.xosc_init
                0x0000000010001eb4       0x28 CMakeFiles/adc.dir/home/kwon/pico-sdk/src/rp2_common/hardware_xosc/xosc.c.obj
                0x0000000010001eb4                xosc_init
 .text.runtime_init
                0x0000000010001edc       0xf0 CMakeFiles/adc.dir/home/kwon/pico-sdk/src/rp2_common/pico_runtime/runtime.c.obj
                0x0000000010001edc                runtime_init
 .text._exit    0x0000000010001fcc        0x4 CMakeFiles/adc.dir/home/kwon/pico-sdk/src/rp2_common/pico_runtime/runtime.c.obj
                0x0000000010001fcc                _exit
 .text._sbrk    0x0000000010001fd0       0x34 CMakeFiles/adc.dir/home/kwon/pico-sdk/src/rp2_common/pico_runtime/runtime.c.obj
                0x0000000010001fd0                _sbrk
 .text.exit     0x0000000010002004        0x8 CMakeFiles/adc.dir/home/kwon/pico-sdk/src/rp2_common/pico_runtime/runtime.c.obj
                0x0000000010002004                exit
 .text.__assert_func
                0x000000001000200c       0x34 CMakeFiles/adc.dir/home/kwon/pico-sdk/src/rp2_common/pico_runtime/runtime.c.obj
                0x000000001000200c                __assert_func
 .text.panic    0x0000000010002040       0x30 CMakeFiles/adc.dir/home/kwon/pico-sdk/src/rp2_common/pico_runtime/runtime.c.obj
                0x0000000010002040                panic
 .text.hard_assertion_failure
                0x0000000010002070        0xc CMakeFiles/adc.dir/home/kwon/pico-sdk/src/rp2_common/pico_runtime/runtime.c.obj
                0x0000000010002070                hard_assertion_failure
 .text._out_null
                0x000000001000207c        0x4 CMakeFiles/adc.dir/home/kwon/pico-sdk/src/rp2_common/pico_printf/printf.c.obj
 .text._out_rev
                0x0000000010002080       0x9c CMakeFiles/adc.dir/home/kwon/pico-sdk/src/rp2_common/pico_printf/printf.c.obj
 .text._ntoa_format
                0x000000001000211c      0x1cc CMakeFiles/adc.dir/home/kwon/pico-sdk/src/rp2_common/pico_printf/printf.c.obj
 .text._out_char
                0x00000000100022e8       0x10 CMakeFiles/adc.dir/home/kwon/pico-sdk/src/rp2_common/pico_printf/printf.c.obj
 .text._out_fct
                0x00000000100022f8       0x10 CMakeFiles/adc.dir/home/kwon/pico-sdk/src/rp2_common/pico_printf/printf.c.obj
 .text._etoa    0x0000000010002308      0x44c CMakeFiles/adc.dir/home/kwon/pico-sdk/src/rp2_common/pico_printf/printf.c.obj
 .text._ftoa    0x0000000010002754      0x398 CMakeFiles/adc.dir/home/kwon/pico-sdk/src/rp2_common/pico_printf/printf.c.obj
 .text._vsnprintf
                0x0000000010002aec      0xb04 CMakeFiles/adc.dir/home/kwon/pico-sdk/src/rp2_common/pico_printf/printf.c.obj
 .text.vfctprintf
                0x00000000100035f0       0x20 CMakeFiles/adc.dir/home/kwon/pico-sdk/src/rp2_common/pico_printf/printf.c.obj
                0x00000000100035f0                vfctprintf
 .text.weak_raw_printf
                0x0000000010003610       0x40 CMakeFiles/adc.dir/home/kwon/pico-sdk/src/rp2_common/pico_printf/printf.c.obj
                0x0000000010003610                weak_raw_printf
 .text.weak_raw_vprintf
                0x0000000010003650       0x30 CMakeFiles/adc.dir/home/kwon/pico-sdk/src/rp2_common/pico_printf/printf.c.obj
                0x0000000010003650                weak_raw_vprintf
 .text          0x0000000010003680       0x10 CMakeFiles/adc.dir/home/kwon/pico-sdk/src/rp2_common/pico_bit_ops/bit_ops_aeabi.S.obj
 .text.rom_func_lookup
                0x0000000010003690       0x10 CMakeFiles/adc.dir/home/kwon/pico-sdk/src/rp2_common/pico_bootrom/bootrom.c.obj
                0x0000000010003690                rom_func_lookup
 .text.rom_data_lookup
                0x00000000100036a0       0x10 CMakeFiles/adc.dir/home/kwon/pico-sdk/src/rp2_common/pico_bootrom/bootrom.c.obj
                0x00000000100036a0                rom_data_lookup
 .text.rom_funcs_lookup
                0x00000000100036b0       0x44 CMakeFiles/adc.dir/home/kwon/pico-sdk/src/rp2_common/pico_bootrom/bootrom.c.obj
                0x00000000100036b0                rom_funcs_lookup
 .text.__wrap___aeabi_idiv
                0x00000000100036f4       0x50 CMakeFiles/adc.dir/home/kwon/pico-sdk/src/rp2_common/pico_divider/divider.S.obj
                0x00000000100036f4                __wrap___aeabi_idivmod
                0x00000000100036f4                divmod_s32s32
                0x00000000100036f4                div_s32s32
                0x00000000100036f4                __wrap___aeabi_idiv
                0x00000000100036fc                divmod_s32s32_unsafe
                0x0000000010003728                divmod_s32s32_savestate
 .text.__wrap___aeabi_uidiv
                0x0000000010003744       0x4c CMakeFiles/adc.dir/home/kwon/pico-sdk/src/rp2_common/pico_divider/divider.S.obj
                0x0000000010003744                __wrap___aeabi_uidiv
                0x0000000010003744                __wrap___aeabi_uidivmod
                0x0000000010003744                div_u32u32
                0x0000000010003744                divmod_u32u32
                0x000000001000374c                divmod_u32u32_unsafe
                0x0000000010003774                divmod_u32u32_savestate
 .text.__wrap___aeabi_ldiv
                0x0000000010003790      0x424 CMakeFiles/adc.dir/home/kwon/pico-sdk/src/rp2_common/pico_divider/divider.S.obj
                0x0000000010003790                div_s64s64
                0x0000000010003790                divmod_s64s64
                0x0000000010003790                __wrap___aeabi_ldivmod
                0x00000000100037c0                div_u64u64
                0x00000000100037c0                divmod_u64u64
                0x00000000100037c0                __wrap___aeabi_uldivmod
                0x00000000100037d0                divmod_u64u64_savestate
                0x00000000100037f0                divmod_s64s64_unsafe
                0x0000000010003878                divmod_u64u64_unsafe
 .text.__wrap___aeabi_darithmetic
                0x0000000010003bb4       0x80 CMakeFiles/adc.dir/home/kwon/pico-sdk/src/rp2_common/pico_double/double_aeabi.S.obj
                0x0000000010003bb4                __wrap___aeabi_drsub
                0x0000000010003bba                __wrap___aeabi_dsub
                0x0000000010003bcc                __wrap___aeabi_dadd
                0x0000000010003bde                __wrap___aeabi_ddiv
                0x0000000010003c1a                __wrap___aeabi_dmul
 .text.__wrap___aeabi_cdcmple
                0x0000000010003c34       0x6c CMakeFiles/adc.dir/home/kwon/pico-sdk/src/rp2_common/pico_double/double_aeabi.S.obj
                0x0000000010003c34                __wrap___aeabi_cdrcmple
                0x0000000010003c44                __wrap___aeabi_cdcmple
                0x0000000010003c44                __wrap___aeabi_cdcmpeq
 .text.__wrap___aeabi_dcmpeq
                0x0000000010003ca0       0x10 CMakeFiles/adc.dir/home/kwon/pico-sdk/src/rp2_common/pico_double/double_aeabi.S.obj
                0x0000000010003ca0                __wrap___aeabi_dcmpeq
 .text.__wrap___aeabi_dcmplt
                0x0000000010003cb0        0xc CMakeFiles/adc.dir/home/kwon/pico-sdk/src/rp2_common/pico_double/double_aeabi.S.obj
                0x0000000010003cb0                __wrap___aeabi_dcmplt
 .text.__wrap___aeabi_dcmple
                0x0000000010003cbc       0x10 CMakeFiles/adc.dir/home/kwon/pico-sdk/src/rp2_common/pico_double/double_aeabi.S.obj
                0x0000000010003cbc                __wrap___aeabi_dcmple
 .text.__wrap___aeabi_dcmpge
                0x0000000010003ccc       0x10 CMakeFiles/adc.dir/home/kwon/pico-sdk/src/rp2_common/pico_double/double_aeabi.S.obj
                0x0000000010003ccc                __wrap___aeabi_dcmpge
 .text.__wrap___aeabi_dcmpgt
                0x0000000010003cdc        0xa CMakeFiles/adc.dir/home/kwon/pico-sdk/src/rp2_common/pico_double/double_aeabi.S.obj
                0x0000000010003cdc                __wrap___aeabi_dcmpgt
 .text.__wrap___aeabi_dcmpun
                0x0000000010003ce6       0x1c CMakeFiles/adc.dir/home/kwon/pico-sdk/src/rp2_common/pico_double/double_aeabi.S.obj
                0x0000000010003ce6                __wrap___aeabi_dcmpun
 *fill*         0x0000000010003d02        0x2 
 .text.__wrap___aeabi_i2d
                0x0000000010003d04       0x38 CMakeFiles/adc.dir/home/kwon/pico-sdk/src/rp2_common/pico_double/double_aeabi.S.obj
                0x0000000010003d04                __wrap___aeabi_ui2d
                0x0000000010003d0c                __wrap___aeabi_i2d
 .text.__wrap___aeabi_d2iz
                0x0000000010003d3c       0x48 CMakeFiles/adc.dir/home/kwon/pico-sdk/src/rp2_common/pico_double/double_aeabi.S.obj
                0x0000000010003d3c                __wrap___aeabi_d2iz
                0x0000000010003d3c                double2int_z
 .text.__wrap___aeabi_d2uiz
                0x0000000010003d84       0x18 CMakeFiles/adc.dir/home/kwon/pico-sdk/src/rp2_common/pico_double/double_aeabi.S.obj
                0x0000000010003d84                double2uint
                0x0000000010003d84                __wrap___aeabi_d2uiz
 .text.__wrap___aeabi_l2d
                0x0000000010003d9c       0x18 CMakeFiles/adc.dir/home/kwon/pico-sdk/src/rp2_common/pico_double/double_aeabi.S.obj
                0x0000000010003d9c                __wrap___aeabi_l2d
 .text.__wrap___aeabi_d2lz
                0x0000000010003db4       0x26 CMakeFiles/adc.dir/home/kwon/pico-sdk/src/rp2_common/pico_double/double_aeabi.S.obj
                0x0000000010003db4                __wrap___aeabi_d2lz
                0x0000000010003db4                double2int64_z
 *fill*         0x0000000010003dda        0x2 
 .text.double2int64
                0x0000000010003ddc       0x18 CMakeFiles/adc.dir/home/kwon/pico-sdk/src/rp2_common/pico_double/double_aeabi.S.obj
                0x0000000010003ddc                double2int64
 .text.double2ufix64
                0x0000000010003df4       0x18 CMakeFiles/adc.dir/home/kwon/pico-sdk/src/rp2_common/pico_double/double_aeabi.S.obj
                0x0000000010003df4                double2ufix64
 .text.__wrap___aeabi_d2f
                0x0000000010003e0c       0x18 CMakeFiles/adc.dir/home/kwon/pico-sdk/src/rp2_common/pico_double/double_aeabi.S.obj
                0x0000000010003e0c                __wrap___aeabi_d2f
 .text.__aeabi_double_init
                0x0000000010003e24       0x94 CMakeFiles/adc.dir/home/kwon/pico-sdk/src/rp2_common/pico_double/double_init_rom.c.obj
                0x0000000010003e24                __aeabi_double_init
 .text.double_table_shim_on_use_helper
                0x0000000010003eb8       0x2c CMakeFiles/adc.dir/home/kwon/pico-sdk/src/rp2_common/pico_double/double_v1_rom_shim.S.obj
                0x0000000010003eb8                double_table_shim_on_use_helper
 .text.__wrap___aeabi_dsub
                0x0000000010003ee4       0x10 CMakeFiles/adc.dir/home/kwon/pico-sdk/src/rp2_common/pico_double/double_v1_rom_shim.S.obj
                0x0000000010003ee4                drsub_shim
                0x0000000010003eea                dsub_shim
 .text.dadd_shim
                0x0000000010003ef4      0x15c CMakeFiles/adc.dir/home/kwon/pico-sdk/src/rp2_common/pico_double/double_v1_rom_shim.S.obj
                0x0000000010003ef4                dadd_shim
 .text.dmul_shim
                0x0000000010004050      0x15c CMakeFiles/adc.dir/home/kwon/pico-sdk/src/rp2_common/pico_double/double_v1_rom_shim.S.obj
                0x0000000010004050                dmul_shim
 .text.ddiv_shim
                0x00000000100041ac      0x1b0 CMakeFiles/adc.dir/home/kwon/pico-sdk/src/rp2_common/pico_double/double_v1_rom_shim.S.obj
                0x00000000100041ac                ddiv_shim
 .text.double2uint_shim
                0x000000001000435c        0xe CMakeFiles/adc.dir/home/kwon/pico-sdk/src/rp2_common/pico_double/double_v1_rom_shim.S.obj
                0x000000001000435c                double2uint_shim
                0x000000001000435e                double2ufix_shim
 .text.double2int64_shim
                0x000000001000436a       0x1a CMakeFiles/adc.dir/home/kwon/pico-sdk/src/rp2_common/pico_double/double_v1_rom_shim.S.obj
                0x000000001000436a                double2int64_shim
                0x000000001000436c                double2fix64_shim
 .text.double2uint64_shim
                0x0000000010004384       0x70 CMakeFiles/adc.dir/home/kwon/pico-sdk/src/rp2_common/pico_double/double_v1_rom_shim.S.obj
                0x0000000010004384                double2uint64_shim
                0x0000000010004386                double2ufix64_shim
                0x00000000100043a6                d2fix_a
 .text.double2float_shim
                0x00000000100043f4       0x5c CMakeFiles/adc.dir/home/kwon/pico-sdk/src/rp2_common/pico_double/double_v1_rom_shim.S.obj
                0x00000000100043f4                double2float_shim
 .text.x2double_shims
                0x0000000010004450       0x90 CMakeFiles/adc.dir/home/kwon/pico-sdk/src/rp2_common/pico_double/double_v1_rom_shim.S.obj
                0x0000000010004450                uint2double_shim
                0x0000000010004452                ufix2double_shim
                0x0000000010004458                int2double_shim
                0x000000001000445a                fix2double_shim
                0x0000000010004460                uint642double_shim
                0x0000000010004462                ufix642double_shim
                0x0000000010004468                int642double_shim
                0x000000001000446a                fix642double_shim
 .text.dunpacks
                0x00000000100044e0       0x3c CMakeFiles/adc.dir/home/kwon/pico-sdk/src/rp2_common/pico_double/double_v1_rom_shim.S.obj
                0x00000000100044e0                dunpacks
 .text.__aeabi_lmul
                0x000000001000451c       0x32 CMakeFiles/adc.dir/home/kwon/pico-sdk/src/rp2_common/pico_int64_ops/pico_int64_ops_aeabi.S.obj
                0x000000001000451c                __wrap___aeabi_lmul
 *fill*         0x000000001000454e        0x2 
 .text.__wrap___aeabi_farithmetic
                0x0000000010004550       0x48 CMakeFiles/adc.dir/home/kwon/pico-sdk/src/rp2_common/pico_float/float_aeabi.S.obj
                0x0000000010004550                __wrap___aeabi_frsub
                0x0000000010004556                __wrap___aeabi_fsub
                0x000000001000455c                __wrap___aeabi_fadd
                0x0000000010004562                __wrap___aeabi_fdiv
                0x000000001000458a                __wrap___aeabi_fmul
 .text.__wrap___aeabi_cfcmple
                0x0000000010004598       0x50 CMakeFiles/adc.dir/home/kwon/pico-sdk/src/rp2_common/pico_float/float_aeabi.S.obj
                0x0000000010004598                __wrap___aeabi_cfrcmple
                0x00000000100045a4                __wrap___aeabi_cfcmpeq
                0x00000000100045a4                __wrap___aeabi_cfcmple
 .text.__wrap___aeabi_fcmplt
                0x00000000100045e8        0xc CMakeFiles/adc.dir/home/kwon/pico-sdk/src/rp2_common/pico_float/float_aeabi.S.obj
                0x00000000100045e8                __wrap___aeabi_fcmplt
 .text.__wrap___aeabi_fcmple
                0x00000000100045f4       0x10 CMakeFiles/adc.dir/home/kwon/pico-sdk/src/rp2_common/pico_float/float_aeabi.S.obj
                0x00000000100045f4                __wrap___aeabi_fcmple
 .text.__wrap___aeabi_fcmpgt
                0x0000000010004604        0xa CMakeFiles/adc.dir/home/kwon/pico-sdk/src/rp2_common/pico_float/float_aeabi.S.obj
                0x0000000010004604                __wrap___aeabi_fcmpgt
 .text.__wrap___aeabi_fcmpun
                0x000000001000460e       0x18 CMakeFiles/adc.dir/home/kwon/pico-sdk/src/rp2_common/pico_float/float_aeabi.S.obj
                0x000000001000460e                __wrap___aeabi_fcmpun
 .text.__wrap___aeabi_ui2f
                0x0000000010004626        0xa CMakeFiles/adc.dir/home/kwon/pico-sdk/src/rp2_common/pico_float/float_aeabi.S.obj
                0x0000000010004626                __wrap___aeabi_ui2f
 .text.__wrap___aeabi_i2f
                0x0000000010004630       0x44 CMakeFiles/adc.dir/home/kwon/pico-sdk/src/rp2_common/pico_float/float_aeabi.S.obj
                0x0000000010004630                __wrap___aeabi_i2f
 .text.__wrap___aeabi_f2d
                0x0000000010004674       0x14 CMakeFiles/adc.dir/home/kwon/pico-sdk/src/rp2_common/pico_float/float_aeabi.S.obj
                0x0000000010004674                __wrap___aeabi_f2d
 .text.__aeabi_float_init
                0x0000000010004688       0x64 CMakeFiles/adc.dir/home/kwon/pico-sdk/src/rp2_common/pico_float/float_init_rom.c.obj
                0x0000000010004688                __aeabi_float_init
 .text.float_table_shim_on_use_helper
                0x00000000100046ec       0x2c CMakeFiles/adc.dir/home/kwon/pico-sdk/src/rp2_common/pico_float/float_v1_rom_shim.S.obj
                0x00000000100046ec                float_table_shim_on_use_helper
 .text.float2double_shim
                0x0000000010004718       0x30 CMakeFiles/adc.dir/home/kwon/pico-sdk/src/rp2_common/pico_float/float_v1_rom_shim.S.obj
                0x0000000010004718                float2double_shim
 .text          0x0000000010004748       0x10 CMakeFiles/adc.dir/home/kwon/pico-sdk/src/rp2_common/pico_mem_ops/mem_ops_aeabi.S.obj
                0x0000000010004748                __aeabi_mem_init
 .text.memset   0x0000000010004758        0xc CMakeFiles/adc.dir/home/kwon/pico-sdk/src/rp2_common/pico_mem_ops/mem_ops_aeabi.S.obj
                0x0000000010004758                __wrap_memset
 .text.memcpy   0x0000000010004764        0xc CMakeFiles/adc.dir/home/kwon/pico-sdk/src/rp2_common/pico_mem_ops/mem_ops_aeabi.S.obj
                0x0000000010004764                __wrap___aeabi_memcpy
                0x0000000010004764                __wrap_memcpy
 .text.stdio_out_chars_no_crlf
                0x0000000010004770       0x10 CMakeFiles/adc.dir/home/kwon/pico-sdk/src/rp2_common/pico_stdio/stdio.c.obj
 .text.stdio_out_chars_crlf
                0x0000000010004780       0xb4 CMakeFiles/adc.dir/home/kwon/pico-sdk/src/rp2_common/pico_stdio/stdio.c.obj
 .text.stdio_buffered_printer
                0x0000000010004834       0x64 CMakeFiles/adc.dir/home/kwon/pico-sdk/src/rp2_common/pico_stdio/stdio.c.obj
 .text.stdio_put_string.isra.0
                0x0000000010004898       0xfc CMakeFiles/adc.dir/home/kwon/pico-sdk/src/rp2_common/pico_stdio/stdio.c.obj
 .text.__wrap_putchar
                0x0000000010004994       0x98 CMakeFiles/adc.dir/home/kwon/pico-sdk/src/rp2_common/pico_stdio/stdio.c.obj
                0x0000000010004994                __wrap_putchar
 .text.__wrap_puts
                0x0000000010004a2c       0x3c CMakeFiles/adc.dir/home/kwon/pico-sdk/src/rp2_common/pico_stdio/stdio.c.obj
                0x0000000010004a2c                __wrap_puts
 .text.stdio_set_driver_enabled
                0x0000000010004a68       0x30 CMakeFiles/adc.dir/home/kwon/pico-sdk/src/rp2_common/pico_stdio/stdio.c.obj
                0x0000000010004a68                stdio_set_driver_enabled
 .text.__wrap_vprintf
                0x0000000010004a98       0xd8 CMakeFiles/adc.dir/home/kwon/pico-sdk/src/rp2_common/pico_stdio/stdio.c.obj
                0x0000000010004a98                __wrap_vprintf
 .text.__wrap_printf
                0x0000000010004b70       0x18 CMakeFiles/adc.dir/home/kwon/pico-sdk/src/rp2_common/pico_stdio/stdio.c.obj
                0x0000000010004b70                __wrap_printf
 .text.stdio_init_all
                0x0000000010004b88        0x8 CMakeFiles/adc.dir/home/kwon/pico-sdk/src/rp2_common/pico_stdio/stdio.c.obj
                0x0000000010004b88                stdio_init_all
 .text.getchar_timeout_us
                0x0000000010004b90       0x98 CMakeFiles/adc.dir/home/kwon/pico-sdk/src/rp2_common/pico_stdio/stdio.c.obj
                0x0000000010004b90                getchar_timeout_us
 .text.resetd_init
                0x0000000010004c28        0x4 CMakeFiles/adc.dir/home/kwon/pico-sdk/src/rp2_common/pico_stdio_usb/reset_interface.c.obj
 .text.resetd_reset
                0x0000000010004c2c        0xc CMakeFiles/adc.dir/home/kwon/pico-sdk/src/rp2_common/pico_stdio_usb/reset_interface.c.obj
 .text.resetd_open
                0x0000000010004c38       0x28 CMakeFiles/adc.dir/home/kwon/pico-sdk/src/rp2_common/pico_stdio_usb/reset_interface.c.obj
 .text.resetd_xfer_cb
                0x0000000010004c60        0x4 CMakeFiles/adc.dir/home/kwon/pico-sdk/src/rp2_common/pico_stdio_usb/reset_interface.c.obj
 .text.resetd_control_xfer_cb
                0x0000000010004c64       0x64 CMakeFiles/adc.dir/home/kwon/pico-sdk/src/rp2_common/pico_stdio_usb/reset_interface.c.obj
 .text.usbd_app_driver_get_cb
                0x0000000010004cc8        0xc CMakeFiles/adc.dir/home/kwon/pico-sdk/src/rp2_common/pico_stdio_usb/reset_interface.c.obj
                0x0000000010004cc8                usbd_app_driver_get_cb
 .text.tud_cdc_line_coding_cb
                0x0000000010004cd4       0x34 CMakeFiles/adc.dir/home/kwon/pico-sdk/src/rp2_common/pico_stdio_usb/reset_interface.c.obj
                0x0000000010004cd4                tud_cdc_line_coding_cb
 .text.stdio_usb_set_chars_available_callback
                0x0000000010004d08       0x14 CMakeFiles/adc.dir/home/kwon/pico-sdk/src/rp2_common/pico_stdio_usb/stdio_usb.c.obj
                0x0000000010004d08                stdio_usb_set_chars_available_callback
 .text.usb_irq  0x0000000010004d1c       0x10 CMakeFiles/adc.dir/home/kwon/pico-sdk/src/rp2_common/pico_stdio_usb/stdio_usb.c.obj
 .text.timer_task
                0x0000000010004d2c       0x54 CMakeFiles/adc.dir/home/kwon/pico-sdk/src/rp2_common/pico_stdio_usb/stdio_usb.c.obj
 .text.stdio_usb_in_chars
                0x0000000010004d80       0x90 CMakeFiles/adc.dir/home/kwon/pico-sdk/src/rp2_common/pico_stdio_usb/stdio_usb.c.obj
                0x0000000010004d80                stdio_usb_in_chars
 .text.stdio_usb_out_chars
                0x0000000010004e10      0x100 CMakeFiles/adc.dir/home/kwon/pico-sdk/src/rp2_common/pico_stdio_usb/stdio_usb.c.obj
 .text.low_priority_worker_irq
                0x0000000010004f10       0xa8 CMakeFiles/adc.dir/home/kwon/pico-sdk/src/rp2_common/pico_stdio_usb/stdio_usb.c.obj
 .text.tud_cdc_rx_cb
                0x0000000010004fb8       0x20 CMakeFiles/adc.dir/home/kwon/pico-sdk/src/rp2_common/pico_stdio_usb/stdio_usb.c.obj
                0x0000000010004fb8                tud_cdc_rx_cb
 .text.stdio_usb_init
                0x0000000010004fd8       0xdc CMakeFiles/adc.dir/home/kwon/pico-sdk/src/rp2_common/pico_stdio_usb/stdio_usb.c.obj
                0x0000000010004fd8                stdio_usb_init
 .text.stdio_usb_connected
                0x00000000100050b4        0xc CMakeFiles/adc.dir/home/kwon/pico-sdk/src/rp2_common/pico_stdio_usb/stdio_usb.c.obj
                0x00000000100050b4                stdio_usb_connected
 .text.tud_descriptor_device_cb
                0x00000000100050c0        0x8 CMakeFiles/adc.dir/home/kwon/pico-sdk/src/rp2_common/pico_stdio_usb/stdio_usb_descriptors.c.obj
                0x00000000100050c0                tud_descriptor_device_cb
 .text.tud_descriptor_configuration_cb
                0x00000000100050c8        0x8 CMakeFiles/adc.dir/home/kwon/pico-sdk/src/rp2_common/pico_stdio_usb/stdio_usb_descriptors.c.obj
                0x00000000100050c8                tud_descriptor_configuration_cb
 .text.tud_descriptor_string_cb
                0x00000000100050d0       0x74 CMakeFiles/adc.dir/home/kwon/pico-sdk/src/rp2_common/pico_stdio_usb/stdio_usb_descriptors.c.obj
                0x00000000100050d0                tud_descriptor_string_cb
 .text.startup._retrieve_unique_id_on_boot
                0x0000000010005144       0x10 CMakeFiles/adc.dir/home/kwon/pico-sdk/src/rp2_common/pico_unique_id/unique_id.c.obj
 .text.pico_get_unique_board_id_string
                0x0000000010005154      0x1a8 CMakeFiles/adc.dir/home/kwon/pico-sdk/src/rp2_common/pico_unique_id/unique_id.c.obj
                0x0000000010005154                pico_get_unique_board_id_string
 .text.flash_get_unique_id
                0x00000000100052fc       0x40 CMakeFiles/adc.dir/home/kwon/pico-sdk/src/rp2_common/hardware_flash/flash.c.obj
                0x00000000100052fc                flash_get_unique_id
 .text.dcd_int_enable
                0x000000001000533c        0xc CMakeFiles/adc.dir/home/kwon/pico-sdk/lib/tinyusb/src/portable/raspberrypi/rp2040/dcd_rp2040.c.obj
                0x000000001000533c                dcd_int_enable
 .text.dcd_set_address
                0x0000000010005348       0x14 CMakeFiles/adc.dir/home/kwon/pico-sdk/lib/tinyusb/src/portable/raspberrypi/rp2040/dcd_rp2040.c.obj
                0x0000000010005348                dcd_set_address
 .text.dcd_connect
                0x000000001000535c       0x10 CMakeFiles/adc.dir/home/kwon/pico-sdk/lib/tinyusb/src/portable/raspberrypi/rp2040/dcd_rp2040.c.obj
                0x000000001000535c                dcd_connect
 .text.dcd_init
                0x000000001000536c       0x98 CMakeFiles/adc.dir/home/kwon/pico-sdk/lib/tinyusb/src/portable/raspberrypi/rp2040/dcd_rp2040.c.obj
                0x000000001000536c                dcd_init
 .text.dcd_edpt0_status_complete
                0x0000000010005404       0x1c CMakeFiles/adc.dir/home/kwon/pico-sdk/lib/tinyusb/src/portable/raspberrypi/rp2040/dcd_rp2040.c.obj
                0x0000000010005404                dcd_edpt0_status_complete
 .text.dcd_edpt_open
                0x0000000010005420      0x108 CMakeFiles/adc.dir/home/kwon/pico-sdk/lib/tinyusb/src/portable/raspberrypi/rp2040/dcd_rp2040.c.obj
                0x0000000010005420                dcd_edpt_open
 .text.dcd_edpt_close_all
                0x0000000010005528        0x8 CMakeFiles/adc.dir/home/kwon/pico-sdk/lib/tinyusb/src/portable/raspberrypi/rp2040/dcd_rp2040.c.obj
                0x0000000010005528                dcd_edpt_close_all
 .text.dcd_edpt_xfer
                0x0000000010005530       0x24 CMakeFiles/adc.dir/home/kwon/pico-sdk/lib/tinyusb/src/portable/raspberrypi/rp2040/dcd_rp2040.c.obj
                0x0000000010005530                dcd_edpt_xfer
 .text.dcd_edpt_stall
                0x0000000010005554       0x38 CMakeFiles/adc.dir/home/kwon/pico-sdk/lib/tinyusb/src/portable/raspberrypi/rp2040/dcd_rp2040.c.obj
                0x0000000010005554                dcd_edpt_stall
 .text.dcd_edpt_clear_stall
                0x000000001000558c       0x30 CMakeFiles/adc.dir/home/kwon/pico-sdk/lib/tinyusb/src/portable/raspberrypi/rp2040/dcd_rp2040.c.obj
                0x000000001000558c                dcd_edpt_clear_stall
 .text.rp2040_usb_init
                0x00000000100055bc       0x4c CMakeFiles/adc.dir/home/kwon/pico-sdk/lib/tinyusb/src/portable/raspberrypi/rp2040/rp2040_usb.c.obj
                0x00000000100055bc                rp2040_usb_init
 .text.hw_endpoint_xfer_start
                0x0000000010005608       0x50 CMakeFiles/adc.dir/home/kwon/pico-sdk/lib/tinyusb/src/portable/raspberrypi/rp2040/rp2040_usb.c.obj
                0x0000000010005608                hw_endpoint_xfer_start
 .text.tud_mounted
                0x0000000010005658       0x10 CMakeFiles/adc.dir/home/kwon/pico-sdk/lib/tinyusb/src/device/usbd.c.obj
                0x0000000010005658                tud_mounted
 .text.tud_suspended
                0x0000000010005668       0x10 CMakeFiles/adc.dir/home/kwon/pico-sdk/lib/tinyusb/src/device/usbd.c.obj
                0x0000000010005668                tud_suspended
 .text.tud_inited
                0x0000000010005678       0x14 CMakeFiles/adc.dir/home/kwon/pico-sdk/lib/tinyusb/src/device/usbd.c.obj
                0x0000000010005678                tud_inited
 .text.tud_init
                0x000000001000568c       0xe4 CMakeFiles/adc.dir/home/kwon/pico-sdk/lib/tinyusb/src/device/usbd.c.obj
                0x000000001000568c                tud_init
 .text.tud_task_ext
                0x0000000010005770      0x854 CMakeFiles/adc.dir/home/kwon/pico-sdk/lib/tinyusb/src/device/usbd.c.obj
                0x0000000010005770                tud_task_ext
 .text.usbd_open_edpt_pair
                0x0000000010005fc4       0x9c CMakeFiles/adc.dir/home/kwon/pico-sdk/lib/tinyusb/src/device/usbd.c.obj
                0x0000000010005fc4                usbd_open_edpt_pair
 .text.usbd_defer_func
                0x0000000010006060       0x48 CMakeFiles/adc.dir/home/kwon/pico-sdk/lib/tinyusb/src/device/usbd.c.obj
                0x0000000010006060                usbd_defer_func
 .text.usbd_edpt_open
                0x00000000100060a8       0x34 CMakeFiles/adc.dir/home/kwon/pico-sdk/lib/tinyusb/src/device/usbd.c.obj
                0x00000000100060a8                usbd_edpt_open
 .text.usbd_edpt_claim
                0x00000000100060dc       0x28 CMakeFiles/adc.dir/home/kwon/pico-sdk/lib/tinyusb/src/device/usbd.c.obj
                0x00000000100060dc                usbd_edpt_claim
 .text.usbd_edpt_release
                0x0000000010006104       0x28 CMakeFiles/adc.dir/home/kwon/pico-sdk/lib/tinyusb/src/device/usbd.c.obj
                0x0000000010006104                usbd_edpt_release
 .text.usbd_edpt_xfer
                0x000000001000612c       0x4c CMakeFiles/adc.dir/home/kwon/pico-sdk/lib/tinyusb/src/device/usbd.c.obj
                0x000000001000612c                usbd_edpt_xfer
 .text.tud_control_status
                0x0000000010006178       0x30 CMakeFiles/adc.dir/home/kwon/pico-sdk/lib/tinyusb/src/device/usbd_control.c.obj
                0x0000000010006178                tud_control_status
 .text.tud_control_xfer
                0x00000000100061a8       0xbc CMakeFiles/adc.dir/home/kwon/pico-sdk/lib/tinyusb/src/device/usbd_control.c.obj
                0x00000000100061a8                tud_control_xfer
 .text.usbd_control_reset
                0x0000000010006264       0x14 CMakeFiles/adc.dir/home/kwon/pico-sdk/lib/tinyusb/src/device/usbd_control.c.obj
                0x0000000010006264                usbd_control_reset
 .text.usbd_control_set_complete_callback
                0x0000000010006278        0xc CMakeFiles/adc.dir/home/kwon/pico-sdk/lib/tinyusb/src/device/usbd_control.c.obj
                0x0000000010006278                usbd_control_set_complete_callback
 .text.usbd_control_set_request
                0x0000000010006284       0x1c CMakeFiles/adc.dir/home/kwon/pico-sdk/lib/tinyusb/src/device/usbd_control.c.obj
                0x0000000010006284                usbd_control_set_request
 .text.usbd_control_xfer_cb
                0x00000000100062a0       0xfc CMakeFiles/adc.dir/home/kwon/pico-sdk/lib/tinyusb/src/device/usbd_control.c.obj
                0x00000000100062a0                usbd_control_xfer_cb
 .text.tud_cdc_n_connected
                0x000000001000639c       0x30 CMakeFiles/adc.dir/home/kwon/pico-sdk/lib/tinyusb/src/class/cdc/cdc_device.c.obj
                0x000000001000639c                tud_cdc_n_connected
 .text.tud_cdc_n_available
                0x00000000100063cc       0x18 CMakeFiles/adc.dir/home/kwon/pico-sdk/lib/tinyusb/src/class/cdc/cdc_device.c.obj
                0x00000000100063cc                tud_cdc_n_available
 .text.tud_cdc_n_read
                0x00000000100063e4       0x70 CMakeFiles/adc.dir/home/kwon/pico-sdk/lib/tinyusb/src/class/cdc/cdc_device.c.obj
                0x00000000100063e4                tud_cdc_n_read
 .text.tud_cdc_n_write_flush
                0x0000000010006454       0x78 CMakeFiles/adc.dir/home/kwon/pico-sdk/lib/tinyusb/src/class/cdc/cdc_device.c.obj
                0x0000000010006454                tud_cdc_n_write_flush
 .text.tud_cdc_n_write
                0x00000000100064cc       0x34 CMakeFiles/adc.dir/home/kwon/pico-sdk/lib/tinyusb/src/class/cdc/cdc_device.c.obj
                0x00000000100064cc                tud_cdc_n_write
 .text.tud_cdc_n_write_available
                0x0000000010006500       0x18 CMakeFiles/adc.dir/home/kwon/pico-sdk/lib/tinyusb/src/class/cdc/cdc_device.c.obj
                0x0000000010006500                tud_cdc_n_write_available
 .text.cdcd_init
                0x0000000010006518       0x7c CMakeFiles/adc.dir/home/kwon/pico-sdk/lib/tinyusb/src/class/cdc/cdc_device.c.obj
                0x0000000010006518                cdcd_init
 .text.cdcd_reset
                0x0000000010006594       0x2c CMakeFiles/adc.dir/home/kwon/pico-sdk/lib/tinyusb/src/class/cdc/cdc_device.c.obj
                0x0000000010006594                cdcd_reset
 .text.cdcd_open
                0x00000000100065c0       0xe8 CMakeFiles/adc.dir/home/kwon/pico-sdk/lib/tinyusb/src/class/cdc/cdc_device.c.obj
                0x00000000100065c0                cdcd_open
 .text.cdcd_control_xfer_cb
                0x00000000100066a8       0xe4 CMakeFiles/adc.dir/home/kwon/pico-sdk/lib/tinyusb/src/class/cdc/cdc_device.c.obj
                0x00000000100066a8                cdcd_control_xfer_cb
 .text.cdcd_xfer_cb
                0x000000001000678c      0x148 CMakeFiles/adc.dir/home/kwon/pico-sdk/lib/tinyusb/src/class/cdc/cdc_device.c.obj
                0x000000001000678c                cdcd_xfer_cb
 .text.tusb_init
                0x00000000100068d4        0xc CMakeFiles/adc.dir/home/kwon/pico-sdk/lib/tinyusb/src/tusb.c.obj
                0x00000000100068d4                tusb_init
 .text.tusb_inited
                0x00000000100068e0        0x8 CMakeFiles/adc.dir/home/kwon/pico-sdk/lib/tinyusb/src/tusb.c.obj
                0x00000000100068e0                tusb_inited
 .text.tu_edpt_claim
                0x00000000100068e8       0x50 CMakeFiles/adc.dir/home/kwon/pico-sdk/lib/tinyusb/src/tusb.c.obj
                0x00000000100068e8                tu_edpt_claim
 .text.tu_edpt_release
                0x0000000010006938       0x38 CMakeFiles/adc.dir/home/kwon/pico-sdk/lib/tinyusb/src/tusb.c.obj
                0x0000000010006938                tu_edpt_release
 .text.tu_edpt_validate
                0x0000000010006970       0x78 CMakeFiles/adc.dir/home/kwon/pico-sdk/lib/tinyusb/src/tusb.c.obj
                0x0000000010006970                tu_edpt_validate
 .text.tu_edpt_bind_driver
                0x00000000100069e8       0x34 CMakeFiles/adc.dir/home/kwon/pico-sdk/lib/tinyusb/src/tusb.c.obj
                0x00000000100069e8                tu_edpt_bind_driver
 .text.tu_fifo_config
                0x0000000010006a1c       0x70 CMakeFiles/adc.dir/home/kwon/pico-sdk/lib/tinyusb/src/common/tusb_fifo.c.obj
                0x0000000010006a1c                tu_fifo_config
 .text.tu_fifo_count
                0x0000000010006a8c       0x2c CMakeFiles/adc.dir/home/kwon/pico-sdk/lib/tinyusb/src/common/tusb_fifo.c.obj
                0x0000000010006a8c                tu_fifo_count
 .text.tu_fifo_empty
                0x0000000010006ab8       0x10 CMakeFiles/adc.dir/home/kwon/pico-sdk/lib/tinyusb/src/common/tusb_fifo.c.obj
                0x0000000010006ab8                tu_fifo_empty
 .text.tu_fifo_remaining
                0x0000000010006ac8       0x2c CMakeFiles/adc.dir/home/kwon/pico-sdk/lib/tinyusb/src/common/tusb_fifo.c.obj
                0x0000000010006ac8                tu_fifo_remaining
 .text.tu_fifo_read
                0x0000000010006af4       0xa0 CMakeFiles/adc.dir/home/kwon/pico-sdk/lib/tinyusb/src/common/tusb_fifo.c.obj
                0x0000000010006af4                tu_fifo_read
 .text.tu_fifo_read_n
                0x0000000010006b94       0xec CMakeFiles/adc.dir/home/kwon/pico-sdk/lib/tinyusb/src/common/tusb_fifo.c.obj
                0x0000000010006b94                tu_fifo_read_n
 .text.tu_fifo_write
                0x0000000010006c80       0x88 CMakeFiles/adc.dir/home/kwon/pico-sdk/lib/tinyusb/src/common/tusb_fifo.c.obj
                0x0000000010006c80                tu_fifo_write
 .text.tu_fifo_write_n
                0x0000000010006d08      0x168 CMakeFiles/adc.dir/home/kwon/pico-sdk/lib/tinyusb/src/common/tusb_fifo.c.obj
                0x0000000010006d08                tu_fifo_write_n
 .text.tu_fifo_clear
                0x0000000010006e70       0x40 CMakeFiles/adc.dir/home/kwon/pico-sdk/lib/tinyusb/src/common/tusb_fifo.c.obj
                0x0000000010006e70                tu_fifo_clear
 .text.tu_fifo_set_overwritable
                0x0000000010006eb0       0x48 CMakeFiles/adc.dir/home/kwon/pico-sdk/lib/tinyusb/src/common/tusb_fifo.c.obj
                0x0000000010006eb0                tu_fifo_set_overwritable
 .text.adc_init
                0x0000000010006ef8       0x38 CMakeFiles/adc.dir/home/kwon/pico-sdk/src/rp2_common/hardware_adc/adc.c.obj
                0x0000000010006ef8                adc_init
 .text          0x0000000010006f30        0xc /usr/lib/gcc/arm-none-eabi/10.3.1/../../../arm-none-eabi/lib/thumb/v6-m/nofp/libc.a(lib_a-atof.o)
                0x0000000010006f30                atof
 .text          0x0000000010006f3c       0x5c /usr/lib/gcc/arm-none-eabi/10.3.1/../../../arm-none-eabi/lib/thumb/v6-m/nofp/libc.a(lib_a-callocr.o)
                0x0000000010006f3c                _calloc_r
 .text          0x0000000010006f98      0x574 /usr/lib/gcc/arm-none-eabi/10.3.1/../../../arm-none-eabi/lib/thumb/v6-m/nofp/libc.a(lib_a-mallocr.o)
                0x0000000010006f98                _malloc_r
 .text          0x000000001000750c        0x8 /usr/lib/gcc/arm-none-eabi/10.3.1/../../../arm-none-eabi/lib/thumb/v6-m/nofp/libc.a(lib_a-mlock.o)
                0x000000001000750c                __malloc_lock
                0x0000000010007510                __malloc_unlock
 .text          0x0000000010007514       0x24 /usr/lib/gcc/arm-none-eabi/10.3.1/../../../arm-none-eabi/lib/thumb/v6-m/nofp/libc.a(lib_a-sbrkr.o)
                0x0000000010007514                _sbrk_r
 .text          0x0000000010007538       0x5c /usr/lib/gcc/arm-none-eabi/10.3.1/../../../arm-none-eabi/lib/thumb/v6-m/nofp/libc.a(lib_a-strlen-stub.o)
                0x0000000010007538                strlen
 .text          0x0000000010007594     0x1128 /usr/lib/gcc/arm-none-eabi/10.3.1/../../../arm-none-eabi/lib/thumb/v6-m/nofp/libc.a(lib_a-strtod.o)
                0x0000000010007594                _strtod_l
                0x0000000010008514                _strtod_r
                0x0000000010008524                strtod_l
                0x000000001000853c                strtod
                0x0000000010008558                strtof_l
                0x0000000010008608                strtof
 .text          0x00000000100086bc      0x260 /usr/lib/gcc/arm-none-eabi/10.3.1/../../../arm-none-eabi/lib/thumb/v6-m/nofp/libc.a(lib_a-freer.o)
                0x00000000100086bc                _malloc_trim_r
                0x0000000010008758                _free_r
 .text          0x000000001000891c      0x670 /usr/lib/gcc/arm-none-eabi/10.3.1/../../../arm-none-eabi/lib/thumb/v6-m/nofp/libc.a(lib_a-gdtoa-gethex.o)
                0x00000000100089c0                __gethex
 .text          0x0000000010008f8c      0x1fc /usr/lib/gcc/arm-none-eabi/10.3.1/../../../arm-none-eabi/lib/thumb/v6-m/nofp/libc.a(lib_a-gdtoa-hexnan.o)
                0x0000000010008f8c                __match
                0x0000000010008fb8                __hexnan
 .text          0x0000000010009188       0x44 /usr/lib/gcc/arm-none-eabi/10.3.1/../../../arm-none-eabi/lib/thumb/v6-m/nofp/libc.a(lib_a-mbtowc_r.o)
                0x0000000010009188                _mbtowc_r
                0x00000000100091a0                __ascii_mbtowc
 .text          0x00000000100091cc      0xafc /usr/lib/gcc/arm-none-eabi/10.3.1/../../../arm-none-eabi/lib/thumb/v6-m/nofp/libc.a(lib_a-mprec.o)
                0x00000000100091cc                _Balloc
                0x000000001000921c                _Bfree
                0x0000000010009230                __multadd
                0x00000000100092d8                __s2b
                0x0000000010009388                __hi0bits
                0x00000000100093c0                __lo0bits
                0x000000001000941c                __i2b
                0x000000001000947c                __multiply
                0x0000000010009620                __pow5mult
                0x00000000100096f8                __lshift
                0x00000000100097f4                __mcmp
                0x0000000010009828                __mdiff
                0x00000000100099b4                __ulp
                0x00000000100099fc                __b2d
                0x0000000010009ac4                __d2b
                0x0000000010009b9c                __ratio
                0x0000000010009c04                _mprec_log10
                0x0000000010009c38                __copybits
                0x0000000010009c78                __any_on
 .text          0x0000000010009cc8        0xc /usr/lib/gcc/arm-none-eabi/10.3.1/../../../arm-none-eabi/lib/thumb/v6-m/nofp/libc.a(lib_a-s_nan.o)
                0x0000000010009cc8                nan
 .text          0x0000000010009cd4        0x8 /usr/lib/gcc/arm-none-eabi/10.3.1/../../../arm-none-eabi/lib/thumb/v6-m/nofp/libc.a(lib_a-sf_nan.o)
                0x0000000010009cd4                nanf
 .text          0x0000000010009cdc       0x74 /usr/lib/gcc/arm-none-eabi/10.3.1/../../../arm-none-eabi/lib/thumb/v6-m/nofp/libc.a(lib_a-strncmp.o)
                0x0000000010009cdc                strncmp
 .text          0x0000000010009d50       0x2c /usr/lib/gcc/arm-none-eabi/10.3.1/../../../arm-none-eabi/lib/thumb/v6-m/nofp/libc.a(lib_a-wctomb_r.o)
                0x0000000010009d50                _wctomb_r
                0x0000000010009d60                __ascii_wctomb
 *(.fini)
 .fini          0x0000000010009d7c        0x4 /usr/lib/gcc/arm-none-eabi/10.3.1/thumb/v6-m/nofp/crti.o
                0x0000000010009d7c                _fini
 .fini.__stub   0x0000000010009d80       0xd0 linker stubs
 *crtbegin.o(.ctors)
 *crtbegin?.o(.ctors)
 *(EXCLUDE_FILE(*crtend.o *crtend?.o) .ctors)
 *(SORT_BY_NAME(.ctors.*))
 *(.ctors)
 *crtbegin.o(.dtors)
 *crtbegin?.o(.dtors)
 *(EXCLUDE_FILE(*crtend.o *crtend?.o) .dtors)
 *(SORT_BY_NAME(.dtors.*))
 *(.dtors)
 *(.eh_frame*)
 .eh_frame      0x0000000010009e50        0x0 /usr/lib/gcc/arm-none-eabi/10.3.1/thumb/v6-m/nofp/crtbegin.o
                0x0000000010009e50                . = ALIGN (0x4)

.glue_7         0x0000000010009e50        0x0
 .glue_7        0x0000000010009e50        0x0 linker stubs

.glue_7t        0x0000000010009e50        0x0
 .glue_7t       0x0000000010009e50        0x0 linker stubs

.vfp11_veneer   0x0000000010009e50        0x0
 .vfp11_veneer  0x0000000010009e50        0x0 linker stubs

.v4_bx          0x0000000010009e50        0x0
 .v4_bx         0x0000000010009e50        0x0 linker stubs

.iplt           0x0000000010009e50        0x0
 .iplt          0x0000000010009e50        0x0 /usr/lib/gcc/arm-none-eabi/10.3.1/thumb/v6-m/nofp/crtbegin.o

.rodata         0x0000000010009e50      0xa9c
 *(EXCLUDE_FILE(*libm.a: *libc.a:*lib_a-mem*.o *libgcc.a:) .rodata*)
 .rodata.main.str1.4
                0x0000000010009e50       0x4c CMakeFiles/adc.dir/src/main.c.obj
 .rodata.spin_lock_claim_unused.str1.4
                0x0000000010009e9c       0x1b CMakeFiles/adc.dir/home/kwon/pico-sdk/src/rp2_common/hardware_sync/sync.c.obj
 *fill*         0x0000000010009eb7        0x1 
 .rodata.user_irq_claim_unused.str1.4
                0x0000000010009eb8       0x1b CMakeFiles/adc.dir/home/kwon/pico-sdk/src/rp2_common/hardware_irq/irq.c.obj
 *fill*         0x0000000010009ed3        0x1 
 .rodata.hardware_alarm_claim.str1.4
                0x0000000010009ed4       0x22 CMakeFiles/adc.dir/home/kwon/pico-sdk/src/rp2_common/hardware_timer/timer.c.obj
 *fill*         0x0000000010009ef6        0x2 
 .rodata.__assert_func.str1.4
                0x0000000010009ef8       0x3f CMakeFiles/adc.dir/home/kwon/pico-sdk/src/rp2_common/pico_runtime/runtime.c.obj
                                         0x43 (size before relaxing)
 *fill*         0x0000000010009f37        0x1 
 .rodata.panic.str1.4
                0x0000000010009f38       0x10 CMakeFiles/adc.dir/home/kwon/pico-sdk/src/rp2_common/pico_runtime/runtime.c.obj
                                         0x12 (size before relaxing)
 .rodata.hard_assertion_failure.str1.4
                0x0000000010009f48        0xc CMakeFiles/adc.dir/home/kwon/pico-sdk/src/rp2_common/pico_runtime/runtime.c.obj
 .rodata._ftoa.str1.4
                0x0000000010009f54       0x15 CMakeFiles/adc.dir/home/kwon/pico-sdk/src/rp2_common/pico_printf/printf.c.obj
 *fill*         0x0000000010009f69        0x3 
 .rodata._vsnprintf
                0x0000000010009f6c      0x1e0 CMakeFiles/adc.dir/home/kwon/pico-sdk/src/rp2_common/pico_printf/printf.c.obj
 *fill*         0x000000001000a14c        0x4 
 .rodata.pow10.0
                0x000000001000a150       0x50 CMakeFiles/adc.dir/home/kwon/pico-sdk/src/rp2_common/pico_printf/printf.c.obj
 .rodata.str1.4
                0x000000001000a1a0       0x38 CMakeFiles/adc.dir/home/kwon/pico-sdk/src/rp2_common/pico_standard_link/binary_info.c.obj
 .rodata.__bi_44
                0x000000001000a1d8        0xc CMakeFiles/adc.dir/home/kwon/pico-sdk/src/rp2_common/pico_standard_link/binary_info.c.obj
 .rodata.__bi_75
                0x000000001000a1e4        0xc CMakeFiles/adc.dir/home/kwon/pico-sdk/src/rp2_common/pico_standard_link/binary_info.c.obj
 .rodata.__bi_81
                0x000000001000a1f0        0xc CMakeFiles/adc.dir/home/kwon/pico-sdk/src/rp2_common/pico_standard_link/binary_info.c.obj
 .rodata.crlf_str.0
                0x000000001000a1fc        0x2 CMakeFiles/adc.dir/home/kwon/pico-sdk/src/rp2_common/pico_stdio/stdio.c.obj
 *fill*         0x000000001000a1fe        0x2 
 .rodata._resetd_driver
                0x000000001000a200       0x18 CMakeFiles/adc.dir/home/kwon/pico-sdk/src/rp2_common/pico_stdio_usb/reset_interface.c.obj
 .rodata.str1.4
                0x000000001000a218       0x13 CMakeFiles/adc.dir/home/kwon/pico-sdk/src/rp2_common/pico_stdio_usb/stdio_usb.c.obj
 *fill*         0x000000001000a22b        0x1 
 .rodata.__bi_182.0
                0x000000001000a22c        0xc CMakeFiles/adc.dir/home/kwon/pico-sdk/src/rp2_common/pico_stdio_usb/stdio_usb.c.obj
 .rodata.str1.4
                0x000000001000a238       0x2a CMakeFiles/adc.dir/home/kwon/pico-sdk/src/rp2_common/pico_stdio_usb/stdio_usb_descriptors.c.obj
 *fill*         0x000000001000a262        0x2 
 .rodata.usbd_desc_cfg
                0x000000001000a264       0x54 CMakeFiles/adc.dir/home/kwon/pico-sdk/src/rp2_common/pico_stdio_usb/stdio_usb_descriptors.c.obj
 .rodata.usbd_desc_device
                0x000000001000a2b8       0x12 CMakeFiles/adc.dir/home/kwon/pico-sdk/src/rp2_common/pico_stdio_usb/stdio_usb_descriptors.c.obj
 *fill*         0x000000001000a2ca        0x2 
 .rodata.usbd_desc_str
                0x000000001000a2cc       0x18 CMakeFiles/adc.dir/home/kwon/pico-sdk/src/rp2_common/pico_stdio_usb/stdio_usb_descriptors.c.obj
 .rodata.str1.4
                0x000000001000a2e4       0x14 CMakeFiles/adc.dir/home/kwon/pico-sdk/lib/tinyusb/src/portable/raspberrypi/rp2040/dcd_rp2040.c.obj
 .rodata.str1.4
                0x000000001000a2f8       0x53 CMakeFiles/adc.dir/home/kwon/pico-sdk/lib/tinyusb/src/portable/raspberrypi/rp2040/rp2040_usb.c.obj
 *fill*         0x000000001000a34b        0x1 
 .rodata.tud_task_ext
                0x000000001000a34c       0x8c CMakeFiles/adc.dir/home/kwon/pico-sdk/lib/tinyusb/src/device/usbd.c.obj
 .rodata._usbd_driver
                0x000000001000a3d8       0x18 CMakeFiles/adc.dir/home/kwon/pico-sdk/lib/tinyusb/src/device/usbd.c.obj
 .rodata.str1.4
                0x000000001000a3f0        0xf /usr/lib/gcc/arm-none-eabi/10.3.1/../../../arm-none-eabi/lib/thumb/v6-m/nofp/libc.a(lib_a-strtod.o)
                                         0x11 (size before relaxing)
 *fill*         0x000000001000a3ff        0x1 
 .rodata        0x000000001000a400      0x120 /usr/lib/gcc/arm-none-eabi/10.3.1/../../../arm-none-eabi/lib/thumb/v6-m/nofp/libc.a(lib_a-strtod.o)
 .rodata.str1.4
                0x000000001000a520       0x4e /usr/lib/gcc/arm-none-eabi/10.3.1/../../../arm-none-eabi/lib/thumb/v6-m/nofp/libc.a(lib_a-gdtoa-gethex.o)
 *fill*         0x000000001000a56e        0x2 
 .rodata        0x000000001000a570      0x100 /usr/lib/gcc/arm-none-eabi/10.3.1/../../../arm-none-eabi/lib/thumb/v6-m/nofp/libc.a(lib_a-gdtoa-gethex.o)
                0x000000001000a570                __hexdig
 .rodata.str1.4
                0x000000001000a670        0x2 /usr/lib/gcc/arm-none-eabi/10.3.1/../../../arm-none-eabi/lib/thumb/v6-m/nofp/libc.a(lib_a-lnumeric.o)
                                          0x5 (size before relaxing)
 *fill*         0x000000001000a672        0x2 
 .rodata        0x000000001000a674        0xc /usr/lib/gcc/arm-none-eabi/10.3.1/../../../arm-none-eabi/lib/thumb/v6-m/nofp/libc.a(lib_a-lnumeric.o)
                0x000000001000a674                _C_numeric_locale
 .rodata.str1.4
                0x000000001000a680        0x6 /usr/lib/gcc/arm-none-eabi/10.3.1/../../../arm-none-eabi/lib/thumb/v6-m/nofp/libc.a(lib_a-locale.o)
                                         0x12 (size before relaxing)
 *fill*         0x000000001000a686        0x2 
 .rodata.str1.4
                0x000000001000a688       0x33 /usr/lib/gcc/arm-none-eabi/10.3.1/../../../arm-none-eabi/lib/thumb/v6-m/nofp/libc.a(lib_a-mprec.o)
                                         0x47 (size before relaxing)
 *fill*         0x000000001000a6bb        0x5 
 .rodata        0x000000001000a6c0      0x128 /usr/lib/gcc/arm-none-eabi/10.3.1/../../../arm-none-eabi/lib/thumb/v6-m/nofp/libc.a(lib_a-mprec.o)
                0x000000001000a6d0                __mprec_tinytens
                0x000000001000a6f8                __mprec_bigtens
                0x000000001000a720                __mprec_tens
 .rodata        0x000000001000a7e8      0x101 /usr/lib/gcc/arm-none-eabi/10.3.1/../../../arm-none-eabi/lib/thumb/v6-m/nofp/libc.a(lib_a-ctype_.o)
                0x000000001000a7e8                _ctype_
                0x000000001000a8ec                . = ALIGN (0x4)
 *fill*         0x000000001000a8e9        0x3 
 *(SORT_BY_ALIGNMENT(SORT_BY_NAME(.flashdata*)))
                0x000000001000a8ec                . = ALIGN (0x4)

.ARM.extab
 *(.ARM.extab* .gnu.linkonce.armextab.*)
                0x000000001000a8ec                __exidx_start = .

.ARM.exidx
 *(.ARM.exidx* .gnu.linkonce.armexidx.*)
                0x000000001000a8ec                __exidx_end = .
                0x000000001000a8ec                . = ALIGN (0x4)
                0x000000001000a8ec                __binary_info_start = .

.binary_info    0x000000001000a8ec       0x20
 *(.binary_info.keep.*)
 .binary_info.keep.__bi_ptr22
                0x000000001000a8ec        0x4 CMakeFiles/adc.dir/home/kwon/pico-sdk/src/rp2_common/pico_standard_link/binary_info.c.obj
 .binary_info.keep.__bi_ptr30
                0x000000001000a8f0        0x4 CMakeFiles/adc.dir/home/kwon/pico-sdk/src/rp2_common/pico_standard_link/binary_info.c.obj
 .binary_info.keep.__bi_ptr38
                0x000000001000a8f4        0x4 CMakeFiles/adc.dir/home/kwon/pico-sdk/src/rp2_common/pico_standard_link/binary_info.c.obj
 .binary_info.keep.__bi_ptr44
                0x000000001000a8f8        0x4 CMakeFiles/adc.dir/home/kwon/pico-sdk/src/rp2_common/pico_standard_link/binary_info.c.obj
 .binary_info.keep.__bi_ptr50
                0x000000001000a8fc        0x4 CMakeFiles/adc.dir/home/kwon/pico-sdk/src/rp2_common/pico_standard_link/binary_info.c.obj
 .binary_info.keep.__bi_ptr75
                0x000000001000a900        0x4 CMakeFiles/adc.dir/home/kwon/pico-sdk/src/rp2_common/pico_standard_link/binary_info.c.obj
 .binary_info.keep.__bi_ptr81
                0x000000001000a904        0x4 CMakeFiles/adc.dir/home/kwon/pico-sdk/src/rp2_common/pico_standard_link/binary_info.c.obj
 *(.binary_info.*)
 .binary_info.__bi_ptr182
                0x000000001000a908        0x4 CMakeFiles/adc.dir/home/kwon/pico-sdk/src/rp2_common/pico_stdio_usb/stdio_usb.c.obj
                0x000000001000a90c                __binary_info_end = .

.rel.dyn        0x000000001000a90c        0x0
 .rel.iplt      0x000000001000a90c        0x0 /usr/lib/gcc/arm-none-eabi/10.3.1/thumb/v6-m/nofp/crtbegin.o
                0x000000001000a90c                . = ALIGN (0x4)

.ram_vector_table
                0x0000000020000000       0xc0
 *(.ram_vector_table)
 .ram_vector_table
                0x0000000020000000       0xc0 CMakeFiles/adc.dir/home/kwon/pico-sdk/src/rp2_common/pico_runtime/runtime.c.obj
                0x0000000020000000                ram_vector_table

.data           0x00000000200000c0     0x1800 load address 0x000000001000a90c
                0x00000000200000c0                __data_start__ = .
 *(vtable)
 *(.time_critical*)
 .time_critical.mutex_try_enter
                0x00000000200000c0       0x44 CMakeFiles/adc.dir/home/kwon/pico-sdk/src/common/pico_sync/mutex.c.obj
                0x00000000200000c0                mutex_try_enter
 .time_critical.mutex_try_enter_block_until
                0x0000000020000104       0x9c CMakeFiles/adc.dir/home/kwon/pico-sdk/src/common/pico_sync/mutex.c.obj
                0x0000000020000104                mutex_try_enter_block_until
 .time_critical.mutex_enter_timeout_ms
                0x00000000200001a0       0x90 CMakeFiles/adc.dir/home/kwon/pico-sdk/src/common/pico_sync/mutex.c.obj
                0x00000000200001a0                mutex_enter_timeout_ms
 .time_critical.mutex_exit
                0x0000000020000230       0x28 CMakeFiles/adc.dir/home/kwon/pico-sdk/src/common/pico_sync/mutex.c.obj
                0x0000000020000230                mutex_exit
 .time_critical.flash_init_boot2_copyout
                0x0000000020000258       0x30 CMakeFiles/adc.dir/home/kwon/pico-sdk/src/rp2_common/hardware_flash/flash.c.obj
 .time_critical.flash_enable_xip_via_boot2
                0x0000000020000288       0x10 CMakeFiles/adc.dir/home/kwon/pico-sdk/src/rp2_common/hardware_flash/flash.c.obj
 .time_critical.flash_cs_force
                0x0000000020000298       0x38 CMakeFiles/adc.dir/home/kwon/pico-sdk/src/rp2_common/hardware_flash/flash.c.obj
 .time_critical.flash_do_cmd
                0x00000000200002d0       0xc4 CMakeFiles/adc.dir/home/kwon/pico-sdk/src/rp2_common/hardware_flash/flash.c.obj
                0x00000000200002d0                flash_do_cmd
 .time_critical.reset_non_control_endpoints
                0x0000000020000394       0xbc CMakeFiles/adc.dir/home/kwon/pico-sdk/lib/tinyusb/src/portable/raspberrypi/rp2040/dcd_rp2040.c.obj
 .time_critical.hw_handle_buff_status
                0x0000000020000450       0xa8 CMakeFiles/adc.dir/home/kwon/pico-sdk/lib/tinyusb/src/portable/raspberrypi/rp2040/dcd_rp2040.c.obj
 .time_critical.dcd_rp2040_irq
                0x00000000200004f8      0x4d8 CMakeFiles/adc.dir/home/kwon/pico-sdk/lib/tinyusb/src/portable/raspberrypi/rp2040/dcd_rp2040.c.obj
 .time_critical.e15_is_bulkin_ep
                0x00000000200009d0       0x28 CMakeFiles/adc.dir/home/kwon/pico-sdk/lib/tinyusb/src/portable/raspberrypi/rp2040/rp2040_usb.c.obj
 .time_critical.e15_is_critical_frame_period
                0x00000000200009f8       0x34 CMakeFiles/adc.dir/home/kwon/pico-sdk/lib/tinyusb/src/portable/raspberrypi/rp2040/rp2040_usb.c.obj
 .time_critical.prepare_ep_buffer
                0x0000000020000a2c       0x70 CMakeFiles/adc.dir/home/kwon/pico-sdk/lib/tinyusb/src/portable/raspberrypi/rp2040/rp2040_usb.c.obj
 .time_critical.sync_ep_buffer
                0x0000000020000a9c       0x4c CMakeFiles/adc.dir/home/kwon/pico-sdk/lib/tinyusb/src/portable/raspberrypi/rp2040/rp2040_usb.c.obj
 .time_critical._hw_endpoint_xfer_sync
                0x0000000020000ae8       0x28 CMakeFiles/adc.dir/home/kwon/pico-sdk/lib/tinyusb/src/portable/raspberrypi/rp2040/rp2040_usb.c.obj
 .time_critical.hw_endpoint_reset_transfer
                0x0000000020000b10        0xc CMakeFiles/adc.dir/home/kwon/pico-sdk/lib/tinyusb/src/portable/raspberrypi/rp2040/rp2040_usb.c.obj
                0x0000000020000b10                hw_endpoint_reset_transfer
 .time_critical._hw_endpoint_buffer_control_update32
                0x0000000020000b1c       0x58 CMakeFiles/adc.dir/home/kwon/pico-sdk/lib/tinyusb/src/portable/raspberrypi/rp2040/rp2040_usb.c.obj
                0x0000000020000b1c                _hw_endpoint_buffer_control_update32
 .time_critical.hw_endpoint_start_next_buffer
                0x0000000020000b74       0x6c CMakeFiles/adc.dir/home/kwon/pico-sdk/lib/tinyusb/src/portable/raspberrypi/rp2040/rp2040_usb.c.obj
                0x0000000020000b74                hw_endpoint_start_next_buffer
 .time_critical.hw_endpoint_xfer_continue
                0x0000000020000be0       0x50 CMakeFiles/adc.dir/home/kwon/pico-sdk/lib/tinyusb/src/portable/raspberrypi/rp2040/rp2040_usb.c.obj
                0x0000000020000be0                hw_endpoint_xfer_continue
 .time_critical.tinyusb
                0x0000000020000c30      0x170 CMakeFiles/adc.dir/home/kwon/pico-sdk/lib/tinyusb/src/device/usbd.c.obj
                0x0000000020000c30                dcd_event_handler
 *(.text*)
 .text          0x0000000020000da0        0x4 /usr/lib/gcc/arm-none-eabi/10.3.1/thumb/v6-m/nofp/libgcc.a(_dvmd_tls.o)
                0x0000000020000da0                __aeabi_ldiv0
                0x0000000020000da0                __aeabi_idiv0
 *fill*         0x0000000020000da4        0x4 
 .text.__stub   0x0000000020000da8       0x70 linker stubs
                0x0000000020000e18                . = ALIGN (0x4)
 *(.rodata*)
                0x0000000020000e18                . = ALIGN (0x4)
 *(.data*)
 .data.striped_spin_lock_num
                0x0000000020000e18        0x1 CMakeFiles/adc.dir/home/kwon/pico-sdk/src/rp2_common/hardware_sync/sync.c.obj
 *fill*         0x0000000020000e19        0x3 
 .data          0x0000000020000e1c       0x48 CMakeFiles/adc.dir/home/kwon/pico-sdk/src/rp2_common/hardware_irq/irq_handler_chain.S.obj
                0x0000000020000e1c                irq_handler_chain_slots
                0x0000000020000e4c                irq_handler_chain_first_slot
                0x0000000020000e56                irq_handler_chain_remove_tail
 .data.default_alarm_pool
                0x0000000020000e64       0x18 CMakeFiles/adc.dir/home/kwon/pico-sdk/src/common/pico_time/time.c.obj
 .data.default_alarm_pool_heap
                0x0000000020000e7c       0x10 CMakeFiles/adc.dir/home/kwon/pico-sdk/src/common/pico_time/time.c.obj
 *fill*         0x0000000020000e8c        0x4 
 .data.aeabi_bits_funcs
                0x0000000020000e90       0x10 CMakeFiles/adc.dir/home/kwon/pico-sdk/src/rp2_common/pico_bit_ops/bit_ops_aeabi.S.obj
                0x0000000020000e90                aeabi_bits_funcs
                0x0000000020000ea0                aeabi_bits_funcs_end
 .data.aeabi_mem_funcs
                0x0000000020000ea0       0x10 CMakeFiles/adc.dir/home/kwon/pico-sdk/src/rp2_common/pico_mem_ops/mem_ops_aeabi.S.obj
                0x0000000020000ea0                aeabi_mem_funcs
                0x0000000020000eb0                aeabi_mem_funcs_end
 .data.stdio_usb
                0x0000000020000eb0       0x18 CMakeFiles/adc.dir/home/kwon/pico-sdk/src/rp2_common/pico_stdio_usb/stdio_usb.c.obj
                0x0000000020000eb0                stdio_usb
 .data.ep_dir_string
                0x0000000020000ec8        0x8 CMakeFiles/adc.dir/home/kwon/pico-sdk/lib/tinyusb/src/portable/raspberrypi/rp2040/rp2040_usb.c.obj
                0x0000000020000ec8                ep_dir_string
 .data._usbd_qdef
                0x0000000020000ed0       0x1c CMakeFiles/adc.dir/home/kwon/pico-sdk/lib/tinyusb/src/device/usbd.c.obj
                0x0000000020000ed0                _usbd_qdef
 .data._usbd_rhport
                0x0000000020000eec        0x1 CMakeFiles/adc.dir/home/kwon/pico-sdk/lib/tinyusb/src/device/usbd.c.obj
 *fill*         0x0000000020000eed        0x3 
 .data          0x0000000020000ef0      0x430 /usr/lib/gcc/arm-none-eabi/10.3.1/../../../arm-none-eabi/lib/thumb/v6-m/nofp/libc.a(lib_a-impure.o)
                0x0000000020000ef0                _impure_ptr
 .data          0x0000000020001320      0x410 /usr/lib/gcc/arm-none-eabi/10.3.1/../../../arm-none-eabi/lib/thumb/v6-m/nofp/libc.a(lib_a-mallocr.o)
                0x0000000020001320                __malloc_sbrk_base
                0x0000000020001324                __malloc_trim_threshold
                0x0000000020001328                __malloc_av_
 .data          0x0000000020001730        0x2 /usr/lib/gcc/arm-none-eabi/10.3.1/../../../arm-none-eabi/lib/thumb/v6-m/nofp/libc.a(lib_a-lnumeric.o)
 *fill*         0x0000000020001732        0x2 
 .data          0x0000000020001734      0x16c /usr/lib/gcc/arm-none-eabi/10.3.1/../../../arm-none-eabi/lib/thumb/v6-m/nofp/libc.a(lib_a-locale.o)
                0x0000000020001734                __global_locale
                0x00000000200018a0                . = ALIGN (0x4)
 *(.after_data.*)
                0x00000000200018a0                . = ALIGN (0x4)
                0x00000000200018a0                PROVIDE (__mutex_array_start = .)
 *(SORT_BY_NAME(.mutex_array.*))
 *(.mutex_array)
 .mutex_array   0x00000000200018a0        0x8 CMakeFiles/adc.dir/home/kwon/pico-sdk/src/rp2_common/pico_stdio/stdio.c.obj
                0x00000000200018a8                PROVIDE (__mutex_array_end = .)
                0x00000000200018a8                . = ALIGN (0x4)
                0x00000000200018a8                PROVIDE (__preinit_array_start = .)
 *(SORT_BY_NAME(.preinit_array.*))
 .preinit_array.00001
                0x00000000200018a8        0x4 CMakeFiles/adc.dir/home/kwon/pico-sdk/src/rp2_common/pico_mem_ops/mem_ops_aeabi.S.obj
 .preinit_array.00010
                0x00000000200018ac        0x4 CMakeFiles/adc.dir/home/kwon/pico-sdk/src/rp2_common/pico_bit_ops/bit_ops_aeabi.S.obj
 .preinit_array.00020
                0x00000000200018b0        0x4 CMakeFiles/adc.dir/home/kwon/pico-sdk/src/rp2_common/pico_double/double_aeabi.S.obj
 .preinit_array.00020
                0x00000000200018b4        0x4 CMakeFiles/adc.dir/home/kwon/pico-sdk/src/rp2_common/pico_float/float_aeabi.S.obj
 *(.preinit_array)
                0x00000000200018b8                PROVIDE (__preinit_array_end = .)
                0x00000000200018b8                . = ALIGN (0x4)
                0x00000000200018b8                PROVIDE (__init_array_start = .)
 *(SORT_BY_NAME(.init_array.*))
 *(.init_array)
 .init_array    0x00000000200018b8        0x4 /usr/lib/gcc/arm-none-eabi/10.3.1/thumb/v6-m/nofp/crtbegin.o
 .init_array    0x00000000200018bc        0x4 CMakeFiles/adc.dir/home/kwon/pico-sdk/src/rp2_common/pico_unique_id/unique_id.c.obj
                0x00000000200018c0                PROVIDE (__init_array_end = .)
                0x00000000200018c0                . = ALIGN (0x4)
                0x00000000200018c0                PROVIDE (__fini_array_start = .)
 *(SORT_BY_NAME(.fini_array.*))
 *(.fini_array)
                0x00000000200018c0                PROVIDE (__fini_array_end = .)
 *(.jcr)
                0x00000000200018c0                . = ALIGN (0x4)
                0x00000000200018c0                __data_end__ = .
                0x000000001000a90c                __etext = LOADADDR (.data)

.tm_clone_table
                0x00000000200018c0        0x0 load address 0x000000001000c10c
 .tm_clone_table
                0x00000000200018c0        0x0 /usr/lib/gcc/arm-none-eabi/10.3.1/thumb/v6-m/nofp/crtbegin.o
 .tm_clone_table
                0x00000000200018c0        0x0 /usr/lib/gcc/arm-none-eabi/10.3.1/thumb/v6-m/nofp/crtend.o

.igot.plt       0x00000000200018c0        0x0 load address 0x000000001000c10c
 .igot.plt      0x00000000200018c0        0x0 /usr/lib/gcc/arm-none-eabi/10.3.1/thumb/v6-m/nofp/crtbegin.o

.uninitialized_data
                0x00000000200018c0        0x0 load address 0x000000001000c10c
                0x00000000200018c0                . = ALIGN (0x4)
 *(.uninitialized_data*)

.scratch_x      0x0000000020040000        0x0 load address 0x000000001000c10c
                0x0000000020040000                __scratch_x_start__ = .
 *(.scratch_x.*)
                0x0000000020040000                . = ALIGN (0x4)
                0x0000000020040000                __scratch_x_end__ = .
                0x000000001000c10c                __scratch_x_source__ = LOADADDR (.scratch_x)

.scratch_y      0x0000000020041000        0x0 load address 0x000000001000c10c
                0x0000000020041000                __scratch_y_start__ = .
 *(.scratch_y.*)
                0x0000000020041000                . = ALIGN (0x4)
                0x0000000020041000                __scratch_y_end__ = .
                0x000000001000c10c                __scratch_y_source__ = LOADADDR (.scratch_y)

.bss            0x00000000200018c0      0xdc4
                0x00000000200018c0                . = ALIGN (0x4)
                0x00000000200018c0                __bss_start__ = .
 *(SORT_BY_ALIGNMENT(SORT_BY_NAME(.bss*)))
 .bss.default_alarm_pool_entries
                0x00000000200018c0      0x100 CMakeFiles/adc.dir/home/kwon/pico-sdk/src/common/pico_time/time.c.obj
 .bss.last_avail_time.1
                0x00000000200019c0        0x8 CMakeFiles/adc.dir/home/kwon/pico-sdk/src/rp2_common/pico_stdio_usb/stdio_usb.c.obj
 .bss.sd_table  0x00000000200019c8      0x100 CMakeFiles/adc.dir/home/kwon/pico-sdk/src/rp2_common/pico_double/double_init_rom.c.obj
                0x00000000200019c8                sd_table
 .bss.sf_table  0x0000000020001ac8      0x100 CMakeFiles/adc.dir/home/kwon/pico-sdk/src/rp2_common/pico_float/float_init_rom.c.obj
                0x0000000020001ac8                sf_table
 .bss           0x0000000020001bc8       0x1c /usr/lib/gcc/arm-none-eabi/10.3.1/thumb/v6-m/nofp/crtbegin.o
 .bss           0x0000000020001be4       0x34 /usr/lib/gcc/arm-none-eabi/10.3.1/../../../arm-none-eabi/lib/thumb/v6-m/nofp/libc.a(lib_a-mallocr.o)
                0x0000000020001be4                __malloc_top_pad
                0x0000000020001be8                __malloc_current_mallinfo
                0x0000000020001c10                __malloc_max_sbrked_mem
                0x0000000020001c14                __malloc_max_total_mem
 .bss           0x0000000020001c18        0x4 /usr/lib/gcc/arm-none-eabi/10.3.1/../../../arm-none-eabi/lib/thumb/v6-m/nofp/libc.a(lib_a-reent.o)
                0x0000000020001c18                errno
 .bss._app_driver
                0x0000000020001c1c        0x4 CMakeFiles/adc.dir/home/kwon/pico-sdk/lib/tinyusb/src/device/usbd.c.obj
 .bss._cdcd_itf
                0x0000000020001c20      0x2c8 CMakeFiles/adc.dir/home/kwon/pico-sdk/lib/tinyusb/src/class/cdc/cdc_device.c.obj
 .bss._ctrl_xfer
                0x0000000020001ee8       0x14 CMakeFiles/adc.dir/home/kwon/pico-sdk/lib/tinyusb/src/device/usbd_control.c.obj
 .bss._ubsd_mutexdef
                0x0000000020001efc        0x8 CMakeFiles/adc.dir/home/kwon/pico-sdk/lib/tinyusb/src/device/usbd.c.obj
 .bss._usbd_ctrl_buf
                0x0000000020001f04       0x40 CMakeFiles/adc.dir/home/kwon/pico-sdk/lib/tinyusb/src/device/usbd_control.c.obj
 .bss._usbd_dev
                0x0000000020001f44       0x53 CMakeFiles/adc.dir/home/kwon/pico-sdk/lib/tinyusb/src/device/usbd.c.obj
 *fill*         0x0000000020001f97        0x1 
 .bss._usbd_mutex
                0x0000000020001f98        0x4 CMakeFiles/adc.dir/home/kwon/pico-sdk/lib/tinyusb/src/device/usbd.c.obj
 .bss._usbd_q   0x0000000020001f9c        0x4 CMakeFiles/adc.dir/home/kwon/pico-sdk/lib/tinyusb/src/device/usbd.c.obj
 .bss._usbd_qdef_buf
                0x0000000020001fa0       0xc0 CMakeFiles/adc.dir/home/kwon/pico-sdk/lib/tinyusb/src/device/usbd.c.obj
                0x0000000020001fa0                _usbd_qdef_buf
 .bss.alarm_callbacks
                0x0000000020002060       0x10 CMakeFiles/adc.dir/home/kwon/pico-sdk/src/rp2_common/hardware_timer/timer.c.obj
 .bss.boot2_copyout
                0x0000000020002070      0x100 CMakeFiles/adc.dir/home/kwon/pico-sdk/src/rp2_common/hardware_flash/flash.c.obj
 .bss.chars_available_callback
                0x0000000020002170        0x4 CMakeFiles/adc.dir/home/kwon/pico-sdk/src/rp2_common/pico_stdio_usb/stdio_usb.c.obj
 .bss.chars_available_param
                0x0000000020002174        0x4 CMakeFiles/adc.dir/home/kwon/pico-sdk/src/rp2_common/pico_stdio_usb/stdio_usb.c.obj
 .bss.claimed   0x0000000020002178        0x4 CMakeFiles/adc.dir/home/kwon/pico-sdk/src/rp2_common/hardware_sync/sync.c.obj
 .bss.configured_freq
                0x000000002000217c       0x28 CMakeFiles/adc.dir/home/kwon/pico-sdk/src/rp2_common/hardware_clocks/clocks.c.obj
 .bss.default_alarm_pool_entry_ids_high
                0x00000000200021a4       0x10 CMakeFiles/adc.dir/home/kwon/pico-sdk/src/common/pico_time/time.c.obj
 .bss.default_alarm_pool_heap_nodes
                0x00000000200021b4       0x30 CMakeFiles/adc.dir/home/kwon/pico-sdk/src/common/pico_time/time.c.obj
 .bss.desc_str.0
                0x00000000200021e4       0x28 CMakeFiles/adc.dir/home/kwon/pico-sdk/src/rp2_common/pico_stdio_usb/stdio_usb_descriptors.c.obj
 .bss.drivers   0x000000002000220c        0x4 CMakeFiles/adc.dir/home/kwon/pico-sdk/src/rp2_common/pico_stdio/stdio.c.obj
 .bss.e15_last_sof
                0x0000000020002210        0x4 CMakeFiles/adc.dir/home/kwon/pico-sdk/lib/tinyusb/src/portable/raspberrypi/rp2040/rp2040_usb.c.obj
                0x0000000020002210                e15_last_sof
 .bss.filter    0x0000000020002214        0x4 CMakeFiles/adc.dir/home/kwon/pico-sdk/src/rp2_common/pico_stdio/stdio.c.obj
 .bss.heap_end.0
                0x0000000020002218        0x4 CMakeFiles/adc.dir/home/kwon/pico-sdk/src/rp2_common/pico_runtime/runtime.c.obj
 .bss.hw_endpoints
                0x000000002000221c      0x400 CMakeFiles/adc.dir/home/kwon/pico-sdk/lib/tinyusb/src/portable/raspberrypi/rp2040/dcd_rp2040.c.obj
 .bss.lazy_vsnprintf
                0x000000002000261c        0x4 CMakeFiles/adc.dir/home/kwon/pico-sdk/src/rp2_common/pico_printf/printf.c.obj
 .bss.load_value
                0x0000000020002620        0x4 CMakeFiles/adc.dir/home/kwon/pico-sdk/src/rp2_common/hardware_watchdog/watchdog.c.obj
 .bss.next_buffer_ptr
                0x0000000020002624        0x4 CMakeFiles/adc.dir/home/kwon/pico-sdk/lib/tinyusb/src/portable/raspberrypi/rp2040/dcd_rp2040.c.obj
 .bss.one_shot_timer_crit_sec
                0x0000000020002628        0x8 CMakeFiles/adc.dir/home/kwon/pico-sdk/src/rp2_common/pico_stdio_usb/stdio_usb.c.obj
 .bss.pools     0x0000000020002630       0x10 CMakeFiles/adc.dir/home/kwon/pico-sdk/src/common/pico_time/time.c.obj
 .bss.retrieved_id
                0x0000000020002640        0x8 CMakeFiles/adc.dir/home/kwon/pico-sdk/src/rp2_common/pico_unique_id/unique_id.c.obj
 .bss.sf_clz_func
                0x0000000020002648        0x4 CMakeFiles/adc.dir/home/kwon/pico-sdk/src/rp2_common/pico_double/double_init_rom.c.obj
                0x0000000020002648                sf_clz_func
 .bss.sleep_notifier
                0x000000002000264c        0x4 CMakeFiles/adc.dir/home/kwon/pico-sdk/src/common/pico_time/time.c.obj
 .bss.stdio_usb_mutex
                0x0000000020002650        0x8 CMakeFiles/adc.dir/home/kwon/pico-sdk/src/rp2_common/pico_stdio_usb/stdio_usb.c.obj
 .bss.target_hi
                0x0000000020002658       0x10 CMakeFiles/adc.dir/home/kwon/pico-sdk/src/rp2_common/hardware_timer/timer.c.obj
 .bss.usbd_serial_str
                0x0000000020002668       0x11 CMakeFiles/adc.dir/home/kwon/pico-sdk/src/rp2_common/pico_stdio_usb/stdio_usb_descriptors.c.obj
 .bss._app_driver_count
                0x0000000020002679        0x1 CMakeFiles/adc.dir/home/kwon/pico-sdk/lib/tinyusb/src/device/usbd.c.obj
 .bss._sof_enable
                0x000000002000267a        0x1 CMakeFiles/adc.dir/home/kwon/pico-sdk/lib/tinyusb/src/portable/raspberrypi/rp2040/dcd_rp2040.c.obj
 .bss.boot2_copyout_valid
                0x000000002000267b        0x1 CMakeFiles/adc.dir/home/kwon/pico-sdk/src/rp2_common/hardware_flash/flash.c.obj
 .bss.claimed   0x000000002000267c        0x1 CMakeFiles/adc.dir/home/kwon/pico-sdk/src/rp2_common/hardware_timer/timer.c.obj
 .bss.irq_hander_chain_free_slot_head
                0x000000002000267d        0x1 CMakeFiles/adc.dir/home/kwon/pico-sdk/src/rp2_common/hardware_irq/irq.c.obj
 .bss.itf_num   0x000000002000267e        0x1 CMakeFiles/adc.dir/home/kwon/pico-sdk/src/rp2_common/pico_stdio_usb/reset_interface.c.obj
 .bss.low_priority_irq_num
                0x000000002000267f        0x1 CMakeFiles/adc.dir/home/kwon/pico-sdk/src/rp2_common/pico_stdio_usb/stdio_usb.c.obj
 .bss.one_shot_timer_pending
                0x0000000020002680        0x1 CMakeFiles/adc.dir/home/kwon/pico-sdk/src/rp2_common/pico_stdio_usb/stdio_usb.c.obj
 .bss.timer_callbacks_pending
                0x0000000020002681        0x1 CMakeFiles/adc.dir/home/kwon/pico-sdk/src/rp2_common/hardware_timer/timer.c.obj
 .bss.user_irq_claimed
                0x0000000020002682        0x1 CMakeFiles/adc.dir/home/kwon/pico-sdk/src/rp2_common/hardware_irq/irq.c.obj
 *(COMMON)
                0x0000000020002684                . = ALIGN (0x4)
 *fill*         0x0000000020002683        0x1 
                0x0000000020002684                __bss_end__ = .

.heap           0x0000000020002684      0x800
                0x0000000020002684                __end__ = .
                0x0000000020002684                end = __end__
 *(.heap*)
 .heap          0x0000000020002684      0x800 CMakeFiles/adc.dir/home/kwon/pico-sdk/src/rp2_common/pico_standard_link/crt0.S.obj
                0x0000000020002e84                __HeapLimit = .

.stack1_dummy   0x0000000020040000        0x0
 *(.stack1*)

.stack_dummy    0x0000000020041000      0x800
 *(.stack*)
 .stack         0x0000000020041000      0x800 CMakeFiles/adc.dir/home/kwon/pico-sdk/src/rp2_common/pico_standard_link/crt0.S.obj

.flash_end      0x000000001000c10c        0x0
                0x000000001000c10c                PROVIDE (__flash_binary_end = .)
                0x0000000020040000                __StackLimit = (ORIGIN (RAM) + LENGTH (RAM))
                0x0000000020041000                __StackOneTop = (ORIGIN (SCRATCH_X) + LENGTH (SCRATCH_X))
                0x0000000020042000                __StackTop = (ORIGIN (SCRATCH_Y) + LENGTH (SCRATCH_Y))
                0x0000000020041000                __StackOneBottom = (__StackOneTop - SIZEOF (.stack1_dummy))
                0x0000000020041800                __StackBottom = (__StackTop - SIZEOF (.stack_dummy))
                0x0000000020042000                PROVIDE (__stack = __StackTop)
                0x0000000000000001                ASSERT ((__StackLimit >= __HeapLimit), region RAM overflowed)
                0x0000000000000001                ASSERT (((__binary_info_header_end - __logical_binary_start) <= 0x100), Binary info must be in first 256 bytes of the binary)
LOAD CMakeFiles/adc.dir/src/main.c.obj
LOAD CMakeFiles/adc.dir/home/kwon/pico-sdk/src/rp2_common/pico_stdlib/stdlib.c.obj
LOAD CMakeFiles/adc.dir/home/kwon/pico-sdk/src/rp2_common/hardware_gpio/gpio.c.obj
LOAD CMakeFiles/adc.dir/home/kwon/pico-sdk/src/rp2_common/pico_platform/platform.c.obj
LOAD CMakeFiles/adc.dir/home/kwon/pico-sdk/src/rp2_common/hardware_claim/claim.c.obj
LOAD CMakeFiles/adc.dir/home/kwon/pico-sdk/src/rp2_common/hardware_sync/sync.c.obj
LOAD CMakeFiles/adc.dir/home/kwon/pico-sdk/src/rp2_common/hardware_irq/irq.c.obj
LOAD CMakeFiles/adc.dir/home/kwon/pico-sdk/src/rp2_common/hardware_irq/irq_handler_chain.S.obj
LOAD CMakeFiles/adc.dir/home/kwon/pico-sdk/src/common/pico_sync/sem.c.obj
LOAD CMakeFiles/adc.dir/home/kwon/pico-sdk/src/common/pico_sync/lock_core.c.obj
LOAD CMakeFiles/adc.dir/home/kwon/pico-sdk/src/common/pico_sync/mutex.c.obj
LOAD CMakeFiles/adc.dir/home/kwon/pico-sdk/src/common/pico_sync/critical_section.c.obj
LOAD CMakeFiles/adc.dir/home/kwon/pico-sdk/src/common/pico_time/time.c.obj
LOAD CMakeFiles/adc.dir/home/kwon/pico-sdk/src/common/pico_time/timeout_helper.c.obj
LOAD CMakeFiles/adc.dir/home/kwon/pico-sdk/src/rp2_common/hardware_timer/timer.c.obj
LOAD CMakeFiles/adc.dir/home/kwon/pico-sdk/src/common/pico_util/datetime.c.obj
LOAD CMakeFiles/adc.dir/home/kwon/pico-sdk/src/common/pico_util/pheap.c.obj
LOAD CMakeFiles/adc.dir/home/kwon/pico-sdk/src/common/pico_util/queue.c.obj
LOAD CMakeFiles/adc.dir/home/kwon/pico-sdk/src/rp2_common/hardware_uart/uart.c.obj
LOAD CMakeFiles/adc.dir/home/kwon/pico-sdk/src/rp2_common/hardware_clocks/clocks.c.obj
LOAD CMakeFiles/adc.dir/home/kwon/pico-sdk/src/rp2_common/hardware_pll/pll.c.obj
LOAD CMakeFiles/adc.dir/home/kwon/pico-sdk/src/rp2_common/hardware_vreg/vreg.c.obj
LOAD CMakeFiles/adc.dir/home/kwon/pico-sdk/src/rp2_common/hardware_watchdog/watchdog.c.obj
LOAD CMakeFiles/adc.dir/home/kwon/pico-sdk/src/rp2_common/hardware_xosc/xosc.c.obj
LOAD CMakeFiles/adc.dir/home/kwon/pico-sdk/src/rp2_common/hardware_divider/divider.S.obj
LOAD CMakeFiles/adc.dir/home/kwon/pico-sdk/src/rp2_common/pico_runtime/runtime.c.obj
LOAD CMakeFiles/adc.dir/home/kwon/pico-sdk/src/rp2_common/pico_printf/printf.c.obj
LOAD CMakeFiles/adc.dir/home/kwon/pico-sdk/src/rp2_common/pico_bit_ops/bit_ops_aeabi.S.obj
LOAD CMakeFiles/adc.dir/home/kwon/pico-sdk/src/rp2_common/pico_bootrom/bootrom.c.obj
LOAD CMakeFiles/adc.dir/home/kwon/pico-sdk/src/rp2_common/pico_divider/divider.S.obj
LOAD CMakeFiles/adc.dir/home/kwon/pico-sdk/src/rp2_common/pico_double/double_aeabi.S.obj
LOAD CMakeFiles/adc.dir/home/kwon/pico-sdk/src/rp2_common/pico_double/double_init_rom.c.obj
LOAD CMakeFiles/adc.dir/home/kwon/pico-sdk/src/rp2_common/pico_double/double_math.c.obj
LOAD CMakeFiles/adc.dir/home/kwon/pico-sdk/src/rp2_common/pico_double/double_v1_rom_shim.S.obj
LOAD CMakeFiles/adc.dir/home/kwon/pico-sdk/src/rp2_common/pico_int64_ops/pico_int64_ops_aeabi.S.obj
LOAD CMakeFiles/adc.dir/home/kwon/pico-sdk/src/rp2_common/pico_float/float_aeabi.S.obj
LOAD CMakeFiles/adc.dir/home/kwon/pico-sdk/src/rp2_common/pico_float/float_init_rom.c.obj