Archive member included to satisfy reference by file (symbol)

/usr/lib/gcc/arm-none-eabi/10.3.1/thumb/v6-m/nofp/libgcc.a(_dvmd_tls.o)
                              CMakeFiles/seatcontrol.dir/home/testpc/pico/pico-sdk/src/rp2_common/pico_divider/divider_hardware.S.obj (__aeabi_idiv0)
/usr/lib/gcc/arm-none-eabi/10.3.1/../../../arm-none-eabi/lib/thumb/v6-m/nofp/libg.a(lib_a-atexit.o)
                              /usr/lib/gcc/arm-none-eabi/10.3.1/../../../arm-none-eabi/lib/thumb/v6-m/nofp/crt0.o (atexit)
/usr/lib/gcc/arm-none-eabi/10.3.1/../../../arm-none-eabi/lib/thumb/v6-m/nofp/libg.a(lib_a-atof.o)
                              CMakeFiles/seatcontrol.dir/src/main.c.obj (atof)
/usr/lib/gcc/arm-none-eabi/10.3.1/../../../arm-none-eabi/lib/thumb/v6-m/nofp/libg.a(lib_a-calloc.o)
                              CMakeFiles/seatcontrol.dir/home/testpc/pico/pico-sdk/src/rp2_common/pico_malloc/malloc.c.obj (calloc)
/usr/lib/gcc/arm-none-eabi/10.3.1/../../../arm-none-eabi/lib/thumb/v6-m/nofp/libg.a(lib_a-callocr.o)
                              /usr/lib/gcc/arm-none-eabi/10.3.1/../../../arm-none-eabi/lib/thumb/v6-m/nofp/libg.a(lib_a-calloc.o) (_calloc_r)
/usr/lib/gcc/arm-none-eabi/10.3.1/../../../arm-none-eabi/lib/thumb/v6-m/nofp/libg.a(lib_a-fini.o)
                              /usr/lib/gcc/arm-none-eabi/10.3.1/../../../arm-none-eabi/lib/thumb/v6-m/nofp/crt0.o (__libc_fini_array)
/usr/lib/gcc/arm-none-eabi/10.3.1/../../../arm-none-eabi/lib/thumb/v6-m/nofp/libg.a(lib_a-impure.o)
                              /usr/lib/gcc/arm-none-eabi/10.3.1/../../../arm-none-eabi/lib/thumb/v6-m/nofp/libg.a(lib_a-calloc.o) (_impure_ptr)
/usr/lib/gcc/arm-none-eabi/10.3.1/../../../arm-none-eabi/lib/thumb/v6-m/nofp/libg.a(lib_a-init.o)
                              /usr/lib/gcc/arm-none-eabi/10.3.1/../../../arm-none-eabi/lib/thumb/v6-m/nofp/crt0.o (__libc_init_array)
/usr/lib/gcc/arm-none-eabi/10.3.1/../../../arm-none-eabi/lib/thumb/v6-m/nofp/libg.a(lib_a-lcltime_r.o)
                              CMakeFiles/seatcontrol.dir/home/testpc/pico/pico-sdk/src/common/pico_util/datetime.c.obj (localtime_r)
/usr/lib/gcc/arm-none-eabi/10.3.1/../../../arm-none-eabi/lib/thumb/v6-m/nofp/libg.a(lib_a-malloc.o)
                              CMakeFiles/seatcontrol.dir/home/testpc/pico/pico-sdk/src/rp2_common/pico_malloc/malloc.c.obj (malloc)
/usr/lib/gcc/arm-none-eabi/10.3.1/../../../arm-none-eabi/lib/thumb/v6-m/nofp/libg.a(lib_a-mallocr.o)
                              /usr/lib/gcc/arm-none-eabi/10.3.1/../../../arm-none-eabi/lib/thumb/v6-m/nofp/libg.a(lib_a-callocr.o) (_malloc_r)
/usr/lib/gcc/arm-none-eabi/10.3.1/../../../arm-none-eabi/lib/thumb/v6-m/nofp/libg.a(lib_a-memcmp.o)
                              CMakeFiles/seatcontrol.dir/home/testpc/pico/pico-sdk/src/rp2_common/pico_atomic/atomic.c.obj (memcmp)
/usr/lib/gcc/arm-none-eabi/10.3.1/../../../arm-none-eabi/lib/thumb/v6-m/nofp/libg.a(lib_a-mktime.o)
                              CMakeFiles/seatcontrol.dir/home/testpc/pico/pico-sdk/src/common/pico_util/datetime.c.obj (mktime)
/usr/lib/gcc/arm-none-eabi/10.3.1/../../../arm-none-eabi/lib/thumb/v6-m/nofp/libg.a(lib_a-mlock.o)
                              /usr/lib/gcc/arm-none-eabi/10.3.1/../../../arm-none-eabi/lib/thumb/v6-m/nofp/libg.a(lib_a-mallocr.o) (__malloc_lock)
/usr/lib/gcc/arm-none-eabi/10.3.1/../../../arm-none-eabi/lib/thumb/v6-m/nofp/libg.a(lib_a-month_lengths.o)
                              /usr/lib/gcc/arm-none-eabi/10.3.1/../../../arm-none-eabi/lib/thumb/v6-m/nofp/libg.a(lib_a-lcltime_r.o) (__month_lengths)
/usr/lib/gcc/arm-none-eabi/10.3.1/../../../arm-none-eabi/lib/thumb/v6-m/nofp/libg.a(lib_a-realloc.o)
                              CMakeFiles/seatcontrol.dir/home/testpc/pico/pico-sdk/src/rp2_common/pico_malloc/malloc.c.obj (realloc)
/usr/lib/gcc/arm-none-eabi/10.3.1/../../../arm-none-eabi/lib/thumb/v6-m/nofp/libg.a(lib_a-reallocr.o)
                              /usr/lib/gcc/arm-none-eabi/10.3.1/../../../arm-none-eabi/lib/thumb/v6-m/nofp/libg.a(lib_a-realloc.o) (_realloc_r)
/usr/lib/gcc/arm-none-eabi/10.3.1/../../../arm-none-eabi/lib/thumb/v6-m/nofp/libg.a(lib_a-sbrkr.o)
                              /usr/lib/gcc/arm-none-eabi/10.3.1/../../../arm-none-eabi/lib/thumb/v6-m/nofp/libg.a(lib_a-mallocr.o) (_sbrk_r)
/usr/lib/gcc/arm-none-eabi/10.3.1/../../../arm-none-eabi/lib/thumb/v6-m/nofp/libg.a(lib_a-strlen-stub.o)
                              CMakeFiles/seatcontrol.dir/home/testpc/pico/pico-sdk/src/rp2_common/pico_stdio/stdio.c.obj (strlen)
/usr/lib/gcc/arm-none-eabi/10.3.1/../../../arm-none-eabi/lib/thumb/v6-m/nofp/libg.a(lib_a-strtod.o)
                              /usr/lib/gcc/arm-none-eabi/10.3.1/../../../arm-none-eabi/lib/thumb/v6-m/nofp/libg.a(lib_a-atof.o) (strtod)
/usr/lib/gcc/arm-none-eabi/10.3.1/../../../arm-none-eabi/lib/thumb/v6-m/nofp/libg.a(lib_a-tzcalc_limits.o)
                              /usr/lib/gcc/arm-none-eabi/10.3.1/../../../arm-none-eabi/lib/thumb/v6-m/nofp/libg.a(lib_a-lcltime_r.o) (__tzcalc_limits)
[...]
Memory Configuration

Name             Origin             Length             Attributes
FLASH            0x0000000010000000 0x0000000000200000 xr
RAM              0x0000000020000000 0x0000000000040000 xrw
SCRATCH_X        0x0000000020040000 0x0000000000001000 xrw
SCRATCH_Y        0x0000000020041000 0x0000000000001000 xrw
*default*        0x0000000000000000 0xffffffffffffffff

Linker script and memory map

LOAD /usr/lib/gcc/arm-none-eabi/10.3.1/thumb/v6-m/nofp/crti.o
LOAD /usr/lib/gcc/arm-none-eabi/10.3.1/thumb/v6-m/nofp/crtbegin.o
LOAD /usr/lib/gcc/arm-none-eabi/10.3.1/../../../arm-none-eabi/lib/thumb/v6-m/nofp/crt0.o

.flash_begin    0x0000000010000000        0x0
                0x0000000010000000                __flash_binary_start = .

.boot2          0x0000000010000000      0x100
                0x0000000010000000                __boot2_start__ = .
 *(.boot2)
 .boot2         0x0000000010000000      0x100 /tmp/cc1HnXY7.o
                0x0000000010000100                __boot2_end__ = .
                0x0000000000000001                ASSERT (((__boot2_end__ - __boot2_start__) == 0x100), ERROR: Pico second stage bootloader must be 256 bytes in size)

.text           0x0000000010000100     0xa4e4
                0x0000000010000100                __logical_binary_start = .
 *(.vectors)
 .vectors       0x0000000010000100       0xd4 CMakeFiles/seatcontrol.dir/home/testpc/pico/pico-sdk/src/rp2_common/pico_crt0/crt0.S.obj
                0x0000000010000100                __vectors
                0x0000000010000100                __VECTOR_TABLE
                0x00000000100001c0                isr_invalid
                0x00000000100001c0                __default_isrs_start
                0x00000000100001c2                isr_nmi
                0x00000000100001c4                isr_hardfault
                0x00000000100001c6                isr_svcall
                0x00000000100001c8                isr_pendsv
                0x00000000100001ca                isr_systick
                0x00000000100001cc                isr_irq30
                0x00000000100001cc                __unhandled_user_irq
                0x00000000100001cc                isr_irq13
                0x00000000100001cc                isr_irq27
                0x00000000100001cc                isr_irq31
                0x00000000100001cc                isr_irq5
                0x00000000100001cc                isr_irq11
                0x00000000100001cc                isr_irq23
                0x00000000100001cc                isr_irq18
                0x00000000100001cc                isr_irq28
                0x00000000100001cc                isr_irq19
                0x00000000100001cc                isr_irq0
                0x00000000100001cc                isr_irq6
                0x00000000100001cc                isr_irq22
                0x00000000100001cc                isr_irq17
                0x00000000100001cc                isr_irq14
                0x00000000100001cc                isr_irq2
                0x00000000100001cc                isr_irq10
                0x00000000100001cc                isr_irq8
                0x00000000100001cc                isr_irq24
                0x00000000100001cc                isr_irq1
                0x00000000100001cc                isr_irq7
                0x00000000100001cc                isr_irq21
                0x00000000100001cc                isr_irq20
                0x00000000100001cc                isr_irq15
                0x00000000100001cc                isr_irq25
                0x00000000100001cc                isr_irq4
                0x00000000100001cc                isr_irq16
                0x00000000100001cc                isr_irq29
                0x00000000100001cc                isr_irq26
                0x00000000100001cc                __default_isrs_end
                0x00000000100001cc                isr_irq3
                0x00000000100001cc                isr_irq12
                0x00000000100001cc                isr_irq9
                0x00000000100001d2                unhandled_user_irq_num_in_r0
 *(.binary_info_header)
 .binary_info_header
                0x00000000100001d4       0x14 CMakeFiles/seatcontrol.dir/home/testpc/pico/pico-sdk/src/rp2_common/pico_crt0/crt0.S.obj
                0x00000000100001e8                __binary_info_header_end = .
 *(.embedded_block)
                0x00000000100001e8                __embedded_block_end = .
 *(.reset)
 .reset         0x00000000100001e8       0x9c CMakeFiles/seatcontrol.dir/home/testpc/pico/pico-sdk/src/rp2_common/pico_crt0/crt0.S.obj
                0x00000000100001e8                _entry_point
 *(.init)
 .init          0x0000000010000284        0x4 /usr/lib/gcc/arm-none-eabi/10.3.1/thumb/v6-m/nofp/crti.o
                0x0000000010000284                _init
 *(EXCLUDE_FILE(*libm.a: *libc.a:*lib_a-mem*.o *libgcc.a:) .text*)
 .text          0x0000000010000288       0x98 /usr/lib/gcc/arm-none-eabi/10.3.1/thumb/v6-m/nofp/crtbegin.o
 .text.mpu6050_init
                0x0000000010000320       0x4c CMakeFiles/seatcontrol.dir/src/main.c.obj
                0x0000000010000320                mpu6050_init
 .text.mpu6050_read_raw
                0x000000001000036c       0x5c CMakeFiles/seatcontrol.dir/src/main.c.obj
                0x000000001000036c                mpu6050_read_raw
 .text.cal_angle
                0x00000000100003c8      0x14c CMakeFiles/seatcontrol.dir/src/main.c.obj
                0x00000000100003c8                cal_angle
 .text.startup.main
                0x0000000010000514      0x290 CMakeFiles/seatcontrol.dir/src/main.c.obj
                0x0000000010000514                main
 .text.gpio_set_function
                0x00000000100007a4       0x34 CMakeFiles/seatcontrol.dir/home/testpc/pico/pico-sdk/src/rp2_common/hardware_gpio/gpio.c.obj
                0x00000000100007a4                gpio_set_function
 .text.gpio_set_pulls
                0x00000000100007d8       0x34 CMakeFiles/seatcontrol.dir/home/testpc/pico/pico-sdk/src/rp2_common/hardware_gpio/gpio.c.obj
                0x00000000100007d8                gpio_set_pulls
 .text.gpio_init
                0x000000001000080c       0x40 CMakeFiles/seatcontrol.dir/home/testpc/pico/pico-sdk/src/rp2_common/hardware_gpio/gpio.c.obj
                0x000000001000080c                gpio_init
 .text.rp2040_chip_version
                0x000000001000084c        0xc CMakeFiles/seatcontrol.dir/home/testpc/pico/pico-sdk/src/rp2040/pico_platform/platform.c.obj
                0x000000001000084c                rp2040_chip_version
 .text.panic    0x0000000010000858       0x30 CMakeFiles/seatcontrol.dir/home/testpc/pico/pico-sdk/src/rp2_common/pico_platform_panic/panic.c.obj
                0x0000000010000858                panic
 .text.hw_claim_or_assert
                0x0000000010000888       0x44 CMakeFiles/seatcontrol.dir/home/testpc/pico/pico-sdk/src/common/hardware_claim/claim.c.obj
                0x0000000010000888                hw_claim_or_assert
 .text.hw_claim_unused_from_range
                0x00000000100008cc       0x9c CMakeFiles/seatcontrol.dir/home/testpc/pico/pico-sdk/src/common/hardware_claim/claim.c.obj
                0x00000000100008cc                hw_claim_unused_from_range
 .text.next_striped_spin_lock_num
                0x0000000010000968       0x18 CMakeFiles/seatcontrol.dir/home/testpc/pico/pico-sdk/src/rp2_common/hardware_sync/sync.c.obj
                0x0000000010000968                next_striped_spin_lock_num
 .text.spin_lock_claim_unused
                0x0000000010000980       0x20 CMakeFiles/seatcontrol.dir/home/testpc/pico/pico-sdk/src/rp2_common/hardware_sync/sync.c.obj
                0x0000000010000980                spin_lock_claim_unused
 .text.spin_locks_reset
                0x00000000100009a0       0x1c CMakeFiles/seatcontrol.dir/home/testpc/pico/pico-sdk/src/rp2_common/hardware_sync_spin_lock/sync_spin_lock.c.obj
                0x00000000100009a0                spin_locks_reset
 .text.runtime_init_per_core_irq_priorities
                0x00000000100009bc       0x24 CMakeFiles/seatcontrol.dir/home/testpc/pico/pico-sdk/src/rp2_common/hardware_irq/irq.c.obj
                0x00000000100009bc                runtime_init_per_core_irq_priorities
 .text.irq_set_enabled
                0x00000000100009e0       0x24 CMakeFiles/seatcontrol.dir/home/testpc/pico/pico-sdk/src/rp2_common/hardware_irq/irq.c.obj
                0x00000000100009e0                irq_set_enabled
 .text.irq_is_enabled
                0x0000000010000a04       0x18 CMakeFiles/seatcontrol.dir/home/testpc/pico/pico-sdk/src/rp2_common/hardware_irq/irq.c.obj
                0x0000000010000a04                irq_is_enabled
 .text.irq_set_pending
                0x0000000010000a1c       0x10 CMakeFiles/seatcontrol.dir/home/testpc/pico/pico-sdk/src/rp2_common/hardware_irq/irq.c.obj
                0x0000000010000a1c                irq_set_pending
 .text.irq_has_shared_handler
                0x0000000010000a2c       0x2c CMakeFiles/seatcontrol.dir/home/testpc/pico/pico-sdk/src/rp2_common/hardware_irq/irq.c.obj
                0x0000000010000a2c                irq_has_shared_handler
 .text.irq_set_exclusive_handler
                0x0000000010000a58       0x54 CMakeFiles/seatcontrol.dir/home/testpc/pico/pico-sdk/src/rp2_common/hardware_irq/irq.c.obj
                0x0000000010000a58                irq_set_exclusive_handler
 .text.irq_add_shared_handler
                0x0000000010000aac      0x1e8 CMakeFiles/seatcontrol.dir/home/testpc/pico/pico-sdk/src/rp2_common/hardware_irq/irq.c.obj
                0x0000000010000aac                irq_add_shared_handler
 .text.irq_add_tail_to_free_list
                0x0000000010000c94       0xb4 CMakeFiles/seatcontrol.dir/home/testpc/pico/pico-sdk/src/rp2_common/hardware_irq/irq.c.obj
                0x0000000010000c94                irq_add_tail_to_free_list
 .text.user_irq_claim_unused
                0x0000000010000d48       0x28 CMakeFiles/seatcontrol.dir/home/testpc/pico/pico-sdk/src/rp2_common/hardware_irq/irq.c.obj
                0x0000000010000d48                user_irq_claim_unused
 .text.lock_init
                0x0000000010000d70       0x10 CMakeFiles/seatcontrol.dir/home/testpc/pico/pico-sdk/src/common/pico_sync/lock_core.c.obj
                0x0000000010000d70                lock_init
 .text.runtime_init_mutex
                0x0000000010000d80       0x58 CMakeFiles/seatcontrol.dir/home/testpc/pico/pico-sdk/src/common/pico_sync/mutex.c.obj
                0x0000000010000d80                runtime_init_mutex
 .text.mutex_init
                0x0000000010000dd8       0x1c CMakeFiles/seatcontrol.dir/home/testpc/pico/pico-sdk/src/common/pico_sync/mutex.c.obj
                0x0000000010000dd8                mutex_init
 .text.critical_section_init
                0x0000000010000df4       0x20 CMakeFiles/seatcontrol.dir/home/testpc/pico/pico-sdk/src/common/pico_sync/critical_section.c.obj
                0x0000000010000df4                critical_section_init
 .text.critical_section_init_with_lock_num
                0x0000000010000e14       0x14 CMakeFiles/seatcontrol.dir/home/testpc/pico/pico-sdk/src/common/pico_sync/critical_section.c.obj
                0x0000000010000e14                critical_section_init_with_lock_num
 .text.sleep_until_callback
                0x0000000010000e28       0x30 CMakeFiles/seatcontrol.dir/home/testpc/pico/pico-sdk/src/common/pico_time/time.c.obj
 .text.alarm_pool_irq_handler
                0x0000000010000e58      0x2e4 CMakeFiles/seatcontrol.dir/home/testpc/pico/pico-sdk/src/common/pico_time/time.c.obj
 .text.runtime_init_default_alarm_pool
                0x000000001000113c       0xdc CMakeFiles/seatcontrol.dir/home/testpc/pico/pico-sdk/src/common/pico_time/time.c.obj
                0x000000001000113c                runtime_init_default_alarm_pool
 .text.alarm_pool_get_default
                0x0000000010001218        0x8 CMakeFiles/seatcontrol.dir/home/testpc/pico/pico-sdk/src/common/pico_time/time.c.obj
                0x0000000010001218                alarm_pool_get_default
 .text.alarm_pool_add_alarm_at
                0x0000000010001220       0xc8 CMakeFiles/seatcontrol.dir/home/testpc/pico/pico-sdk/src/common/pico_time/time.c.obj
                0x0000000010001220                alarm_pool_add_alarm_at
 .text.alarm_pool_add_alarm_at_force_in_context
                0x00000000100012e8       0xb0 CMakeFiles/seatcontrol.dir/home/testpc/pico/pico-sdk/src/common/pico_time/time.c.obj
                0x00000000100012e8                alarm_pool_add_alarm_at_force_in_context
 .text.alarm_pool_cancel_alarm
                0x0000000010001398       0x7c CMakeFiles/seatcontrol.dir/home/testpc/pico/pico-sdk/src/common/pico_time/time.c.obj
                0x0000000010001398                alarm_pool_cancel_alarm
 .text.alarm_pool_core_num
                0x0000000010001414        0x4 CMakeFiles/seatcontrol.dir/home/testpc/pico/pico-sdk/src/common/pico_time/time.c.obj
                0x0000000010001414                alarm_pool_core_num
 .text.sleep_until
                0x0000000010001418       0xd0 CMakeFiles/seatcontrol.dir/home/testpc/pico/pico-sdk/src/common/pico_time/time.c.obj
                0x0000000010001418                sleep_until
 .text.sleep_ms
                0x00000000100014e8       0x34 CMakeFiles/seatcontrol.dir/home/testpc/pico/pico-sdk/src/common/pico_time/time.c.obj
                0x00000000100014e8                sleep_ms
 .text.best_effort_wfe_or_timeout
                0x000000001000151c      0x11c CMakeFiles/seatcontrol.dir/home/testpc/pico/pico-sdk/src/common/pico_time/time.c.obj
                0x000000001000151c                best_effort_wfe_or_timeout
 .text.timer_hardware_alarm_claim
                0x0000000010001638       0x14 CMakeFiles/seatcontrol.dir/home/testpc/pico/pico-sdk/src/rp2_common/hardware_timer/timer.c.obj
                0x0000000010001638                timer_hardware_alarm_claim
 .text.timer_time_us_64
                0x000000001000164c       0x10 CMakeFiles/seatcontrol.dir/home/testpc/pico/pico-sdk/src/rp2_common/hardware_timer/timer.c.obj
                0x000000001000164c                timer_time_us_64
 .text.time_us_64
                0x000000001000165c       0x14 CMakeFiles/seatcontrol.dir/home/testpc/pico/pico-sdk/src/rp2_common/hardware_timer/timer.c.obj
                0x000000001000165c                time_us_64
 .text.busy_wait_us
                0x0000000010001670       0x54 CMakeFiles/seatcontrol.dir/home/testpc/pico/pico-sdk/src/rp2_common/hardware_timer/timer.c.obj
                0x0000000010001670                busy_wait_us
 .text.busy_wait_until
                0x00000000100016c4       0x20 CMakeFiles/seatcontrol.dir/home/testpc/pico/pico-sdk/src/rp2_common/hardware_timer/timer.c.obj
                0x00000000100016c4                busy_wait_until
 .text.clock_configure_int_divider
                0x00000000100016e4       0xf4 CMakeFiles/seatcontrol.dir/home/testpc/pico/pico-sdk/src/rp2_common/hardware_clocks/clocks.c.obj
                0x00000000100016e4                clock_configure_int_divider
 .text.clock_configure_undivided
                0x00000000100017d8       0xe8 CMakeFiles/seatcontrol.dir/home/testpc/pico/pico-sdk/src/rp2_common/hardware_clocks/clocks.c.obj
                0x00000000100017d8                clock_configure_undivided
 .text.clock_get_hz
                0x00000000100018c0        0xc CMakeFiles/seatcontrol.dir/home/testpc/pico/pico-sdk/src/rp2_common/hardware_clocks/clocks.c.obj
                0x00000000100018c0                clock_get_hz
 .text.pll_init
                0x00000000100018cc       0xa0 CMakeFiles/seatcontrol.dir/home/testpc/pico/pico-sdk/src/rp2_common/hardware_pll/pll.c.obj
                0x00000000100018cc                pll_init
 .text.watchdog_reboot
                0x000000001000196c       0x98 CMakeFiles/seatcontrol.dir/home/testpc/pico/pico-sdk/src/rp2_common/hardware_watchdog/watchdog.c.obj
                0x000000001000196c                watchdog_reboot
 .text.tick_start
                0x0000000010001a04       0x10 CMakeFiles/seatcontrol.dir/home/testpc/pico/pico-sdk/src/rp2_common/hardware_ticks/ticks.c.obj
                0x0000000010001a04                tick_start
 .text.xosc_init
                0x0000000010001a14       0x28 CMakeFiles/seatcontrol.dir/home/testpc/pico/pico-sdk/src/rp2_common/hardware_xosc/xosc.c.obj
                0x0000000010001a14                xosc_init
 .text.first_per_core_initializer
                0x0000000010001a3c        0x4 CMakeFiles/seatcontrol.dir/home/testpc/pico/pico-sdk/src/rp2_common/pico_runtime/runtime.c.obj
 .text.hard_assertion_failure
                0x0000000010001a40        0xc CMakeFiles/seatcontrol.dir/home/testpc/pico/pico-sdk/src/rp2_common/pico_runtime/runtime.c.obj
                0x0000000010001a40                hard_assertion_failure
 .text.runtime_run_initializers
                0x0000000010001a4c       0x28 CMakeFiles/seatcontrol.dir/home/testpc/pico/pico-sdk/src/rp2_common/pico_runtime/runtime.c.obj
                0x0000000010001a4c                runtime_run_initializers
 .text.runtime_init_early_resets
                0x0000000010001a74       0x2c CMakeFiles/seatcontrol.dir/home/testpc/pico/pico-sdk/src/rp2_common/pico_runtime_init/runtime_init.c.obj
                0x0000000010001a74                runtime_init_early_resets
 .text.runtime_init_usb_power_down
                0x0000000010001aa0       0x1c CMakeFiles/seatcontrol.dir/home/testpc/pico/pico-sdk/src/rp2_common/pico_runtime_init/runtime_init.c.obj
                0x0000000010001aa0                runtime_init_usb_power_down
 .text.runtime_init_post_clock_resets
                0x0000000010001abc       0x20 CMakeFiles/seatcontrol.dir/home/testpc/pico/pico-sdk/src/rp2_common/pico_runtime_init/runtime_init.c.obj
                0x0000000010001abc                runtime_init_post_clock_resets
 .text.runtime_init_rp2040_gpio_ie_disable
                0x0000000010001adc       0x14 CMakeFiles/seatcontrol.dir/home/testpc/pico/pico-sdk/src/rp2_common/pico_runtime_init/runtime_init.c.obj
                0x0000000010001adc                runtime_init_rp2040_gpio_ie_disable
 .text.runtime_init_spin_locks_reset
                0x0000000010001af0        0x8 CMakeFiles/seatcontrol.dir/home/testpc/pico/pico-sdk/src/rp2_common/pico_runtime_init/runtime_init.c.obj
                0x0000000010001af0                runtime_init_spin_locks_reset
 .text.runtime_init_install_ram_vector_table
                0x0000000010001af8       0x1c CMakeFiles/seatcontrol.dir/home/testpc/pico/pico-sdk/src/rp2_common/pico_runtime_init/runtime_init.c.obj
                0x0000000010001af8                runtime_init_install_ram_vector_table
 .text.runtime_init_clocks
                0x0000000010001b14       0xd8 CMakeFiles/seatcontrol.dir/home/testpc/pico/pico-sdk/src/rp2_common/pico_runtime_init/runtime_init_clocks.c.obj
                0x0000000010001b14                runtime_init_clocks
 .text          0x0000000010001bec       0x10 CMakeFiles/seatcontrol.dir/home/testpc/pico/pico-sdk/src/rp2_common/pico_bit_ops/bit_ops_aeabi.S.obj
 .text.rom_func_lookup
                0x0000000010001bfc       0x10 CMakeFiles/seatcontrol.dir/home/testpc/pico/pico-sdk/src/rp2_common/pico_bootrom/bootrom.c.obj
                0x0000000010001bfc                rom_func_lookup
 .text.rom_data_lookup
                0x0000000010001c0c       0x10 CMakeFiles/seatcontrol.dir/home/testpc/pico/pico-sdk/src/rp2_common/pico_bootrom/bootrom.c.obj
                0x0000000010001c0c                rom_data_lookup
 .text.rom_funcs_lookup
                0x0000000010001c1c       0x44 CMakeFiles/seatcontrol.dir/home/testpc/pico/pico-sdk/src/rp2_common/pico_bootrom/bootrom.c.obj
                0x0000000010001c1c                rom_funcs_lookup
 .text.rom_reset_usb_boot
                0x0000000010001c60       0x20 CMakeFiles/seatcontrol.dir/home/testpc/pico/pico-sdk/src/rp2_common/pico_bootrom/bootrom.c.obj
                0x0000000010001c60                rom_reset_usb_boot
 .text.__wrap___aeabi_idiv
                0x0000000010001c80       0x50 CMakeFiles/seatcontrol.dir/home/testpc/pico/pico-sdk/src/rp2_common/pico_divider/divider_hardware.S.obj
                0x0000000010001c80                __wrap___aeabi_idivmod
                0x0000000010001c80                divmod_s32s32
                0x0000000010001c80                div_s32s32
                0x0000000010001c80                __wrap___aeabi_idiv
                0x0000000010001c88                divmod_s32s32_unsafe
                0x0000000010001cb4                divmod_s32s32_savestate
 .text.__wrap___aeabi_uidiv
                0x0000000010001cd0       0x4c CMakeFiles/seatcontrol.dir/home/testpc/pico/pico-sdk/src/rp2_common/pico_divider/divider_hardware.S.obj
                0x0000000010001cd0                __wrap___aeabi_uidiv
                0x0000000010001cd0                __wrap___aeabi_uidivmod
                0x0000000010001cd0                div_u32u32
                0x0000000010001cd0                divmod_u32u32
                0x0000000010001cd8                divmod_u32u32_unsafe
                0x0000000010001d00                divmod_u32u32_savestate
 .text.__wrap___aeabi_ldiv
                0x0000000010001d1c      0x424 CMakeFiles/seatcontrol.dir/home/testpc/pico/pico-sdk/src/rp2_common/pico_divider/divider_hardware.S.obj
                0x0000000010001d1c                div_s64s64
                0x0000000010001d1c                divmod_s64s64
                0x0000000010001d1c                __wrap___aeabi_ldivmod
                0x0000000010001d4c                div_u64u64
                0x0000000010001d4c                divmod_u64u64
                0x0000000010001d4c                __wrap___aeabi_uldivmod
                0x0000000010001d5c                divmod_u64u64_savestate
                0x0000000010001d7c                divmod_s64s64_unsafe
                0x0000000010001e04                divmod_u64u64_unsafe
 .text.push_r8_r11
                0x0000000010002140        0xc CMakeFiles/seatcontrol.dir/home/testpc/pico/pico-sdk/src/rp2_common/pico_double/double_aeabi_rp2040.S.obj
                0x0000000010002140                push_r8_r11
 .text.pop_r8_r11
                0x000000001000214c        0xc CMakeFiles/seatcontrol.dir/home/testpc/pico/pico-sdk/src/rp2_common/pico_double/double_aeabi_rp2040.S.obj
                0x000000001000214c                pop_r8_r11
 .text.__wrap___aeabi_darithmetic
                0x0000000010002158       0x80 CMakeFiles/seatcontrol.dir/home/testpc/pico/pico-sdk/src/rp2_common/pico_double/double_aeabi_rp2040.S.obj
                0x0000000010002158                __wrap___aeabi_drsub
                0x000000001000215e                __wrap___aeabi_dsub
                0x0000000010002170                __wrap___aeabi_dadd
                0x0000000010002182                __wrap___aeabi_ddiv
                0x00000000100021be                __wrap___aeabi_dmul
 .text.__wrap___aeabi_cdcmple
                0x00000000100021d8       0x6c CMakeFiles/seatcontrol.dir/home/testpc/pico/pico-sdk/src/rp2_common/pico_double/double_aeabi_rp2040.S.obj
                0x00000000100021d8                __wrap___aeabi_cdrcmple
                0x00000000100021e8                __wrap___aeabi_cdcmple
                0x00000000100021e8                __wrap___aeabi_cdcmpeq
 .text.__wrap___aeabi_dcmpeq
                0x0000000010002244       0x10 CMakeFiles/seatcontrol.dir/home/testpc/pico/pico-sdk/src/rp2_common/pico_double/double_aeabi_rp2040.S.obj
                0x0000000010002244                __wrap___aeabi_dcmpeq
 .text.__wrap___aeabi_dcmplt
                0x0000000010002254        0xc CMakeFiles/seatcontrol.dir/home/testpc/pico/pico-sdk/src/rp2_common/pico_double/double_aeabi_rp2040.S.obj
                0x0000000010002254                __wrap___aeabi_dcmplt
 .text.__wrap___aeabi_dcmple
                0x0000000010002260       0x10 CMakeFiles/seatcontrol.dir/home/testpc/pico/pico-sdk/src/rp2_common/pico_double/double_aeabi_rp2040.S.obj
                0x0000000010002260                __wrap___aeabi_dcmple
 .text.__wrap___aeabi_dcmpge
                0x0000000010002270       0x10 CMakeFiles/seatcontrol.dir/home/testpc/pico/pico-sdk/src/rp2_common/pico_double/double_aeabi_rp2040.S.obj
                0x0000000010002270                __wrap___aeabi_dcmpge
 .text.__wrap___aeabi_dcmpgt
                0x0000000010002280        0xa CMakeFiles/seatcontrol.dir/home/testpc/pico/pico-sdk/src/rp2_common/pico_double/double_aeabi_rp2040.S.obj
                0x0000000010002280                __wrap___aeabi_dcmpgt
 .text.__wrap___aeabi_dcmpun
                0x000000001000228a       0x18 CMakeFiles/seatcontrol.dir/home/testpc/pico/pico-sdk/src/rp2_common/pico_double/double_aeabi_rp2040.S.obj
                0x000000001000228a                __wrap___aeabi_dcmpun
 *fill*         0x00000000100022a2        0x2 
 .text.__wrap___aeabi_i2d
                0x00000000100022a4       0x38 CMakeFiles/seatcontrol.dir/home/testpc/pico/pico-sdk/src/rp2_common/pico_double/double_aeabi_rp2040.S.obj
                0x00000000100022a4                __wrap___aeabi_ui2d
                0x00000000100022ac                __wrap___aeabi_i2d
 .text.__wrap___aeabi_d2iz
                0x00000000100022dc       0x48 CMakeFiles/seatcontrol.dir/home/testpc/pico/pico-sdk/src/rp2_common/pico_double/double_aeabi_rp2040.S.obj
                0x00000000100022dc                __wrap___aeabi_d2iz
                0x00000000100022dc                double2int_z
 .text.__wrap___aeabi_d2uiz
                0x0000000010002324       0x18 CMakeFiles/seatcontrol.dir/home/testpc/pico/pico-sdk/src/rp2_common/pico_double/double_aeabi_rp2040.S.obj
                0x0000000010002324                double2uint
                0x0000000010002324                __wrap___aeabi_d2uiz
 .text.__wrap___aeabi_l2d
                0x000000001000233c       0x18 CMakeFiles/seatcontrol.dir/home/testpc/pico/pico-sdk/src/rp2_common/pico_double/double_aeabi_rp2040.S.obj
                0x000000001000233c                __wrap___aeabi_l2d
 .text.__wrap___aeabi_d2lz
                0x0000000010002354       0x26 CMakeFiles/seatcontrol.dir/home/testpc/pico/pico-sdk/src/rp2_common/pico_double/double_aeabi_rp2040.S.obj
                0x0000000010002354                __wrap___aeabi_d2lz
                0x0000000010002354                double2int64_z
 *fill*         0x000000001000237a        0x2 
 .text.double2int64
                0x000000001000237c       0x18 CMakeFiles/seatcontrol.dir/home/testpc/pico/pico-sdk/src/rp2_common/pico_double/double_aeabi_rp2040.S.obj
                0x000000001000237c                double2int64
 .text.double2ufix64
                0x0000000010002394       0x18 CMakeFiles/seatcontrol.dir/home/testpc/pico/pico-sdk/src/rp2_common/pico_double/double_aeabi_rp2040.S.obj
                0x0000000010002394                double2ufix64
 .text.__wrap___aeabi_d2f
                0x00000000100023ac       0x18 CMakeFiles/seatcontrol.dir/home/testpc/pico/pico-sdk/src/rp2_common/pico_double/double_aeabi_rp2040.S.obj
                0x00000000100023ac                __wrap___aeabi_d2f
 .text.__wrap_srqt
                0x00000000100023c4       0x18 CMakeFiles/seatcontrol.dir/home/testpc/pico/pico-sdk/src/rp2_common/pico_double/double_aeabi_rp2040.S.obj
                0x00000000100023c4                __wrap_sqrt
 .text.__wrap_atan2
                0x00000000100023dc       0x18 CMakeFiles/seatcontrol.dir/home/testpc/pico/pico-sdk/src/rp2_common/pico_double/double_aeabi_rp2040.S.obj
                0x00000000100023dc                __wrap_atan2
 .text.__aeabi_double_init
                0x00000000100023f4       0xa0 CMakeFiles/seatcontrol.dir/home/testpc/pico/pico-sdk/src/rp2_common/pico_double/double_init_rom_rp2040.c.obj
                0x00000000100023f4                __aeabi_double_init
 .text.double_table_shim_on_use_helper
                0x0000000010002494       0x2c CMakeFiles/seatcontrol.dir/home/testpc/pico/pico-sdk/src/rp2_common/pico_double/double_v1_rom_shim_rp2040.S.obj
                0x0000000010002494                double_table_shim_on_use_helper
 .text.__wrap___aeabi_dsub
                0x00000000100024c0       0x10 CMakeFiles/seatcontrol.dir/home/testpc/pico/pico-sdk/src/rp2_common/pico_double/double_v1_rom_shim_rp2040.S.obj
                0x00000000100024c0                drsub_shim
                0x00000000100024c6                dsub_shim
 .text.dadd_shim
                0x00000000100024d0      0x15c CMakeFiles/seatcontrol.dir/home/testpc/pico/pico-sdk/src/rp2_common/pico_double/double_v1_rom_shim_rp2040.S.obj
                0x00000000100024d0                dadd_shim
 .text.dmul_shim
                0x000000001000262c      0x15c CMakeFiles/seatcontrol.dir/home/testpc/pico/pico-sdk/src/rp2_common/pico_double/double_v1_rom_shim_rp2040.S.obj
                0x000000001000262c                dmul_shim
 .text.ddiv_shim
                0x0000000010002788      0x1b0 CMakeFiles/seatcontrol.dir/home/testpc/pico/pico-sdk/src/rp2_common/pico_double/double_v1_rom_shim_rp2040.S.obj
                0x0000000010002788                ddiv_shim
 .text.dsqrt_shim
                0x0000000010002938      0x1a8 CMakeFiles/seatcontrol.dir/home/testpc/pico/pico-sdk/src/rp2_common/pico_double/double_v1_rom_shim_rp2040.S.obj
                0x0000000010002954                dsqrt_shim
 .text.dcordic_vec_step
                0x0000000010002ae0        0xe CMakeFiles/seatcontrol.dir/home/testpc/pico/pico-sdk/src/rp2_common/pico_double/double_v1_rom_shim_rp2040.S.obj
                0x0000000010002ae0                dcordic_vec_step
 .text.dcordic_rot_step
                0x0000000010002aee       0x76 CMakeFiles/seatcontrol.dir/home/testpc/pico/pico-sdk/src/rp2_common/pico_double/double_v1_rom_shim_rp2040.S.obj
                0x0000000010002aee                dcordic_rot_step
 .text.double2uint_shim
                0x0000000010002b64        0xe CMakeFiles/seatcontrol.dir/home/testpc/pico/pico-sdk/src/rp2_common/pico_double/double_v1_rom_shim_rp2040.S.obj
                0x0000000010002b64                double2uint_shim
                0x0000000010002b66                double2ufix_shim
 .text.double2int64_shim
                0x0000000010002b72       0x1a CMakeFiles/seatcontrol.dir/home/testpc/pico/pico-sdk/src/rp2_common/pico_double/double_v1_rom_shim_rp2040.S.obj
                0x0000000010002b72                double2int64_shim
                0x0000000010002b74                double2fix64_shim
 .text.double2uint64_shim
                0x0000000010002b8c       0x70 CMakeFiles/seatcontrol.dir/home/testpc/pico/pico-sdk/src/rp2_common/pico_double/double_v1_rom_shim_rp2040.S.obj
                0x0000000010002b8c                double2uint64_shim
                0x0000000010002b8e                double2ufix64_shim
                0x0000000010002bae                d2fix_a
 .text.double2float_shim
                0x0000000010002bfc       0x5c CMakeFiles/seatcontrol.dir/home/testpc/pico/pico-sdk/src/rp2_common/pico_double/double_v1_rom_shim_rp2040.S.obj
                0x0000000010002bfc                double2float_shim
 .text.x2double_shims
                0x0000000010002c58       0x90 CMakeFiles/seatcontrol.dir/home/testpc/pico/pico-sdk/src/rp2_common/pico_double/double_v1_rom_shim_rp2040.S.obj
                0x0000000010002c58                uint2double_shim
                0x0000000010002c5a                ufix2double_shim
                0x0000000010002c60                int2double_shim
                0x0000000010002c62                fix2double_shim
                0x0000000010002c68                uint642double_shim
                0x0000000010002c6a                ufix642double_shim
                0x0000000010002c70                int642double_shim
                0x0000000010002c72                fix642double_shim
 .text.dunpacks
                0x0000000010002ce8       0x3c CMakeFiles/seatcontrol.dir/home/testpc/pico/pico-sdk/src/rp2_common/pico_double/double_v1_rom_shim_rp2040.S.obj
                0x0000000010002ce8                dunpacks
 .text.dreduce  0x0000000010002d24       0x82 CMakeFiles/seatcontrol.dir/home/testpc/pico/pico-sdk/src/rp2_common/pico_double/double_v1_rom_shim_rp2040.S.obj
                0x0000000010002d24                dreduce
 *fill*         0x0000000010002da6        0x2 
 .text.dtrig_guts
                0x0000000010002da8      0x2ec CMakeFiles/seatcontrol.dir/home/testpc/pico/pico-sdk/src/rp2_common/pico_double/double_v1_rom_shim_rp2040.S.obj
                0x0000000010002e80                datan2_shim
 .text.__aeabi_lmul
                0x0000000010003094       0x32 CMakeFiles/seatcontrol.dir/home/testpc/pico/pico-sdk/src/rp2_common/pico_int64_ops/pico_int64_ops_aeabi.S.obj
                0x0000000010003094                __wrap___aeabi_lmul
 *fill*         0x00000000100030c6        0x2 
 .text.__wrap___aeabi_farithmetic
                0x00000000100030c8       0x48 CMakeFiles/seatcontrol.dir/home/testpc/pico/pico-sdk/src/rp2_common/pico_float/float_aeabi_rp2040.S.obj
                0x00000000100030c8                __wrap___aeabi_frsub
                0x00000000100030ce                __wrap___aeabi_fsub
                0x00000000100030d4                __wrap___aeabi_fadd
                0x00000000100030da                __wrap___aeabi_fdiv
                0x0000000010003102                __wrap___aeabi_fmul
 .text.__wrap___aeabi_cfcmple
                0x0000000010003110       0x50 CMakeFiles/seatcontrol.dir/home/testpc/pico/pico-sdk/src/rp2_common/pico_float/float_aeabi_rp2040.S.obj
                0x0000000010003110                __wrap___aeabi_cfrcmple
                0x000000001000311c                __wrap___aeabi_cfcmpeq
                0x000000001000311c                __wrap___aeabi_cfcmple
 .text.__wrap___aeabi_fcmplt
                0x0000000010003160        0xc CMakeFiles/seatcontrol.dir/home/testpc/pico/pico-sdk/src/rp2_common/pico_float/float_aeabi_rp2040.S.obj
                0x0000000010003160                __wrap___aeabi_fcmplt
 .text.__wrap___aeabi_fcmple
                0x000000001000316c       0x10 CMakeFiles/seatcontrol.dir/home/testpc/pico/pico-sdk/src/rp2_common/pico_float/float_aeabi_rp2040.S.obj
                0x000000001000316c                __wrap___aeabi_fcmple
 .text.__wrap___aeabi_fcmpgt
                0x000000001000317c        0xa CMakeFiles/seatcontrol.dir/home/testpc/pico/pico-sdk/src/rp2_common/pico_float/float_aeabi_rp2040.S.obj
                0x000000001000317c                __wrap___aeabi_fcmpgt
 .text.__wrap___aeabi_fcmpun
                0x0000000010003186       0x18 CMakeFiles/seatcontrol.dir/home/testpc/pico/pico-sdk/src/rp2_common/pico_float/float_aeabi_rp2040.S.obj
                0x0000000010003186                __wrap___aeabi_fcmpun
 *fill*         0x000000001000319e        0x2 
 .text.__wrap___aeabi_i2f
                0x00000000100031a0       0x44 CMakeFiles/seatcontrol.dir/home/testpc/pico/pico-sdk/src/rp2_common/pico_float/float_aeabi_rp2040.S.obj
                0x00000000100031a0                int2float
                0x00000000100031a0                __wrap___aeabi_i2f
 .text.__wrap___aeabi_f2d
                0x00000000100031e4       0x14 CMakeFiles/seatcontrol.dir/home/testpc/pico/pico-sdk/src/rp2_common/pico_float/float_aeabi_rp2040.S.obj
                0x00000000100031e4                __wrap___aeabi_f2d
 .text.__aeabi_float_init
                0x00000000100031f8       0x64 CMakeFiles/seatcontrol.dir/home/testpc/pico/pico-sdk/src/rp2_common/pico_float/float_init_rom_rp2040.c.obj
                0x00000000100031f8                __aeabi_float_init
 .text.float_table_shim_on_use_helper
                0x000000001000325c       0x2c CMakeFiles/seatcontrol.dir/home/testpc/pico/pico-sdk/src/rp2_common/pico_float/float_v1_rom_shim_rp2040.S.obj
                0x000000001000325c                float_table_shim_on_use_helper
 .text.float2double_shim
                0x0000000010003288       0x30 CMakeFiles/seatcontrol.dir/home/testpc/pico/pico-sdk/src/rp2_common/pico_float/float_v1_rom_shim_rp2040.S.obj
                0x0000000010003288                float2double_shim
 .text          0x00000000100032b8       0x10 CMakeFiles/seatcontrol.dir/home/testpc/pico/pico-sdk/src/rp2_common/pico_mem_ops/mem_ops_aeabi.S.obj
                0x00000000100032b8                __aeabi_mem_init
 .text.memset   0x00000000100032c8        0xc CMakeFiles/seatcontrol.dir/home/testpc/pico/pico-sdk/src/rp2_common/pico_mem_ops/mem_ops_aeabi.S.obj
                0x00000000100032c8                __wrap_memset
 .text.memcpy   0x00000000100032d4        0xc CMakeFiles/seatcontrol.dir/home/testpc/pico/pico-sdk/src/rp2_common/pico_mem_ops/mem_ops_aeabi.S.obj
                0x00000000100032d4                __wrap___aeabi_memcpy
                0x00000000100032d4                __wrap_memcpy
 .text._out_null
                0x00000000100032e0        0x4 CMakeFiles/seatcontrol.dir/home/testpc/pico/pico-sdk/src/rp2_common/pico_printf/printf.c.obj
 .text._out_rev
                0x00000000100032e4       0x9c CMakeFiles/seatcontrol.dir/home/testpc/pico/pico-sdk/src/rp2_common/pico_printf/printf.c.obj
 .text._ntoa_format
                0x0000000010003380      0x1cc CMakeFiles/seatcontrol.dir/home/testpc/pico/pico-sdk/src/rp2_common/pico_printf/printf.c.obj
 .text._out_char
                0x000000001000354c       0x10 CMakeFiles/seatcontrol.dir/home/testpc/pico/pico-sdk/src/rp2_common/pico_printf/printf.c.obj
 .text._out_fct
                0x000000001000355c       0x10 CMakeFiles/seatcontrol.dir/home/testpc/pico/pico-sdk/src/rp2_common/pico_printf/printf.c.obj
 .text._etoa    0x000000001000356c      0x44c CMakeFiles/seatcontrol.dir/home/testpc/pico/pico-sdk/src/rp2_common/pico_printf/printf.c.obj
 .text._ftoa    0x00000000100039b8      0x398 CMakeFiles/seatcontrol.dir/home/testpc/pico/pico-sdk/src/rp2_common/pico_printf/printf.c.obj
 .text._vsnprintf
                0x0000000010003d50      0xb04 CMakeFiles/seatcontrol.dir/home/testpc/pico/pico-sdk/src/rp2_common/pico_printf/printf.c.obj
 .text.vfctprintf
                0x0000000010004854       0x20 CMakeFiles/seatcontrol.dir/home/testpc/pico/pico-sdk/src/rp2_common/pico_printf/printf.c.obj
                0x0000000010004854                vfctprintf
 .text.weak_raw_printf
                0x0000000010004874       0x40 CMakeFiles/seatcontrol.dir/home/testpc/pico/pico-sdk/src/rp2_common/pico_printf/printf.c.obj
                0x0000000010004874                weak_raw_printf
 .text.weak_raw_vprintf
                0x00000000100048b4       0x30 CMakeFiles/seatcontrol.dir/home/testpc/pico/pico-sdk/src/rp2_common/pico_printf/printf.c.obj
                0x00000000100048b4                weak_raw_vprintf
 .text._exit    0x00000000100048e4        0x4 CMakeFiles/seatcontrol.dir/home/testpc/pico/pico-sdk/src/rp2_common/pico_clib_interface/newlib_interface.c.obj
                0x00000000100048e4                _exit
 .text._sbrk    0x00000000100048e8       0x34 CMakeFiles/seatcontrol.dir/home/testpc/pico/pico-sdk/src/rp2_common/pico_clib_interface/newlib_interface.c.obj
                0x00000000100048e8                _sbrk
 .text.exit     0x000000001000491c        0x8 CMakeFiles/seatcontrol.dir/home/testpc/pico/pico-sdk/src/rp2_common/pico_clib_interface/newlib_interface.c.obj
                0x000000001000491c                exit
 .text.__assert_func
                0x0000000010004924       0x34 CMakeFiles/seatcontrol.dir/home/testpc/pico/pico-sdk/src/rp2_common/pico_clib_interface/newlib_interface.c.obj
                0x0000000010004924                __assert_func
 .text.runtime_init
                0x0000000010004958       0x2c CMakeFiles/seatcontrol.dir/home/testpc/pico/pico-sdk/src/rp2_common/pico_clib_interface/newlib_interface.c.obj
                0x0000000010004958                runtime_init
 .text.stdio_out_chars_no_crlf
                0x0000000010004984       0x10 CMakeFiles/seatcontrol.dir/home/testpc/pico/pico-sdk/src/rp2_common/pico_stdio/stdio.c.obj
 .text.stdio_out_chars_crlf
                0x0000000010004994       0xb4 CMakeFiles/seatcontrol.dir/home/testpc/pico/pico-sdk/src/rp2_common/pico_stdio/stdio.c.obj
 .text.stdio_buffered_printer
                0x0000000010004a48       0x64 CMakeFiles/seatcontrol.dir/home/testpc/pico/pico-sdk/src/rp2_common/pico_stdio/stdio.c.obj
 .text.stdio_put_string
                0x0000000010004aac      0x100 CMakeFiles/seatcontrol.dir/home/testpc/pico/pico-sdk/src/rp2_common/pico_stdio/stdio.c.obj
                0x0000000010004aac                stdio_put_string
 .text.stdio_set_driver_enabled
                0x0000000010004bac       0x30 CMakeFiles/seatcontrol.dir/home/testpc/pico/pico-sdk/src/rp2_common/pico_stdio/stdio.c.obj
                0x0000000010004bac                stdio_set_driver_enabled
 .text.stdio_init_all
                0x0000000010004bdc        0x8 CMakeFiles/seatcontrol.dir/home/testpc/pico/pico-sdk/src/rp2_common/pico_stdio/stdio.c.obj
                0x0000000010004bdc                stdio_init_all
 .text.stdio_getchar_timeout_us
                0x0000000010004be4       0x98 CMakeFiles/seatcontrol.dir/home/testpc/pico/pico-sdk/src/rp2_common/pico_stdio/stdio.c.obj
                0x0000000010004be4                stdio_getchar_timeout_us
 .text.__wrap_putchar
                0x0000000010004c7c       0x98 CMakeFiles/seatcontrol.dir/home/testpc/pico/pico-sdk/src/rp2_common/pico_stdio/stdio.c.obj
                0x0000000010004c7c                stdio_putchar
                0x0000000010004c7c                __wrap_putchar
 .text.__wrap_puts
                0x0000000010004d14       0x3c CMakeFiles/seatcontrol.dir/home/testpc/pico/pico-sdk/src/rp2_common/pico_stdio/stdio.c.obj
                0x0000000010004d14                __wrap_puts
                0x0000000010004d14                stdio_puts
 .text.__wrap_vprintf
                0x0000000010004d50       0xd8 CMakeFiles/seatcontrol.dir/home/testpc/pico/pico-sdk/src/rp2_common/pico_stdio/stdio.c.obj
                0x0000000010004d50                __wrap_vprintf
                0x0000000010004d50                stdio_vprintf
 .text.__wrap_printf
                0x0000000010004e28       0x18 CMakeFiles/seatcontrol.dir/home/testpc/pico/pico-sdk/src/rp2_common/pico_stdio/stdio.c.obj
                0x0000000010004e28                stdio_printf
                0x0000000010004e28                __wrap_printf
 .text.resetd_init
                0x0000000010004e40        0x4 CMakeFiles/seatcontrol.dir/home/testpc/pico/pico-sdk/src/rp2_common/pico_stdio_usb/reset_interface.c.obj
 .text.resetd_reset
                0x0000000010004e44        0xc CMakeFiles/seatcontrol.dir/home/testpc/pico/pico-sdk/src/rp2_common/pico_stdio_usb/reset_interface.c.obj
 .text.resetd_open
                0x0000000010004e50       0x28 CMakeFiles/seatcontrol.dir/home/testpc/pico/pico-sdk/src/rp2_common/pico_stdio_usb/reset_interface.c.obj
 .text.resetd_xfer_cb
                0x0000000010004e78        0x4 CMakeFiles/seatcontrol.dir/home/testpc/pico/pico-sdk/src/rp2_common/pico_stdio_usb/reset_interface.c.obj
 .text.resetd_control_xfer_cb
                0x0000000010004e7c       0x54 CMakeFiles/seatcontrol.dir/home/testpc/pico/pico-sdk/src/rp2_common/pico_stdio_usb/reset_interface.c.obj
 .text.tud_descriptor_bos_cb
                0x0000000010004ed0        0x8 CMakeFiles/seatcontrol.dir/home/testpc/pico/pico-sdk/src/rp2_common/pico_stdio_usb/reset_interface.c.obj
                0x0000000010004ed0                tud_descriptor_bos_cb
 .text.tud_vendor_control_xfer_cb
                0x0000000010004ed8       0x34 CMakeFiles/seatcontrol.dir/home/testpc/pico/pico-sdk/src/rp2_common/pico_stdio_usb/reset_interface.c.obj
                0x0000000010004ed8                tud_vendor_control_xfer_cb
 .text.usbd_app_driver_get_cb
                0x0000000010004f0c        0xc CMakeFiles/seatcontrol.dir/home/testpc/pico/pico-sdk/src/rp2_common/pico_stdio_usb/reset_interface.c.obj
                0x0000000010004f0c                usbd_app_driver_get_cb
 .text.tud_cdc_line_coding_cb
                0x0000000010004f18       0x28 CMakeFiles/seatcontrol.dir/home/testpc/pico/pico-sdk/src/rp2_common/pico_stdio_usb/reset_interface.c.obj
                0x0000000010004f18                tud_cdc_line_coding_cb
 .text.stdio_usb_set_chars_available_callback
                0x0000000010004f40       0x14 CMakeFiles/seatcontrol.dir/home/testpc/pico/pico-sdk/src/rp2_common/pico_stdio_usb/stdio_usb.c.obj
                0x0000000010004f40                stdio_usb_set_chars_available_callback
 .text.usb_irq  0x0000000010004f54       0x10 CMakeFiles/seatcontrol.dir/home/testpc/pico/pico-sdk/src/rp2_common/pico_stdio_usb/stdio_usb.c.obj
 .text.timer_task
                0x0000000010004f64       0x64 CMakeFiles/seatcontrol.dir/home/testpc/pico/pico-sdk/src/rp2_common/pico_stdio_usb/stdio_usb.c.obj
 .text.stdio_usb_in_chars
                0x0000000010004fc8       0x90 CMakeFiles/seatcontrol.dir/home/testpc/pico/pico-sdk/src/rp2_common/pico_stdio_usb/stdio_usb.c.obj
                0x0000000010004fc8                stdio_usb_in_chars
 .text.stdio_usb_out_flush
                0x0000000010005058       0x50 CMakeFiles/seatcontrol.dir/home/testpc/pico/pico-sdk/src/rp2_common/pico_stdio_usb/stdio_usb.c.obj
 .text.stdio_usb_out_chars
                0x00000000100050a8      0x100 CMakeFiles/seatcontrol.dir/home/testpc/pico/pico-sdk/src/rp2_common/pico_stdio_usb/stdio_usb.c.obj
 .text.low_priority_worker_irq
                0x00000000100051a8       0xc8 CMakeFiles/seatcontrol.dir/home/testpc/pico/pico-sdk/src/rp2_common/pico_stdio_usb/stdio_usb.c.obj
 .text.stdio_usb_init
                0x0000000010005270       0xe4 CMakeFiles/seatcontrol.dir/home/testpc/pico/pico-sdk/src/rp2_common/pico_stdio_usb/stdio_usb.c.obj
                0x0000000010005270                stdio_usb_init
 .text.stdio_usb_connected
                0x0000000010005354        0xc CMakeFiles/seatcontrol.dir/home/testpc/pico/pico-sdk/src/rp2_common/pico_stdio_usb/stdio_usb.c.obj
                0x0000000010005354                stdio_usb_connected
 .text.tud_descriptor_device_cb
                0x0000000010005360        0x8 CMakeFiles/seatcontrol.dir/home/testpc/pico/pico-sdk/src/rp2_common/pico_stdio_usb/stdio_usb_descriptors.c.obj
                0x0000000010005360                tud_descriptor_device_cb
 .text.tud_descriptor_configuration_cb
                0x0000000010005368        0x8 CMakeFiles/seatcontrol.dir/home/testpc/pico/pico-sdk/src/rp2_common/pico_stdio_usb/stdio_usb_descriptors.c.obj
                0x0000000010005368                tud_descriptor_configuration_cb
 .text.tud_descriptor_string_cb
                0x0000000010005370       0x74 CMakeFiles/seatcontrol.dir/home/testpc/pico/pico-sdk/src/rp2_common/pico_stdio_usb/stdio_usb_descriptors.c.obj
                0x0000000010005370                tud_descriptor_string_cb
 .text.startup._retrieve_unique_id_on_boot
                0x00000000100053e4       0x10 CMakeFiles/seatcontrol.dir/home/testpc/pico/pico-sdk/src/rp2_common/pico_unique_id/unique_id.c.obj
 .text.pico_get_unique_board_id_string
                0x00000000100053f4      0x1a8 CMakeFiles/seatcontrol.dir/home/testpc/pico/pico-sdk/src/rp2_common/pico_unique_id/unique_id.c.obj
                0x00000000100053f4                pico_get_unique_board_id_string
 .text.flash_get_unique_id
                0x000000001000559c       0x40 CMakeFiles/seatcontrol.dir/home/testpc/pico/pico-sdk/src/rp2_common/hardware_flash/flash.c.obj
                0x000000001000559c                flash_get_unique_id
 .text.dcd_init
                0x00000000100055dc       0x8c CMakeFiles/seatcontrol.dir/home/testpc/pico/pico-sdk/lib/tinyusb/src/portable/raspberrypi/rp2040/dcd_rp2040.c.obj
                0x00000000100055dc                dcd_init
 .text.dcd_int_enable
                0x0000000010005668        0xc CMakeFiles/seatcontrol.dir/home/testpc/pico/pico-sdk/lib/tinyusb/src/portable/raspberrypi/rp2040/dcd_rp2040.c.obj
                0x0000000010005668                dcd_int_enable
 .text.dcd_set_address
                0x0000000010005674       0x14 CMakeFiles/seatcontrol.dir/home/testpc/pico/pico-sdk/lib/tinyusb/src/portable/raspberrypi/rp2040/dcd_rp2040.c.obj
                0x0000000010005674                dcd_set_address
 .text.dcd_sof_enable
                0x0000000010005688       0x1c CMakeFiles/seatcontrol.dir/home/testpc/pico/pico-sdk/lib/tinyusb/src/portable/raspberrypi/rp2040/dcd_rp2040.c.obj
                0x0000000010005688                dcd_sof_enable
 .text.dcd_edpt0_status_complete
                0x00000000100056a4       0x1c CMakeFiles/seatcontrol.dir/home/testpc/pico/pico-sdk/lib/tinyusb/src/portable/raspberrypi/rp2040/dcd_rp2040.c.obj
                0x00000000100056a4                dcd_edpt0_status_complete
 .text.dcd_edpt_open
                0x00000000100056c0      0x108 CMakeFiles/seatcontrol.dir/home/testpc/pico/pico-sdk/lib/tinyusb/src/portable/raspberrypi/rp2040/dcd_rp2040.c.obj
                0x00000000100056c0                dcd_edpt_open
 .text.dcd_edpt_close_all
                0x00000000100057c8        0x8 CMakeFiles/seatcontrol.dir/home/testpc/pico/pico-sdk/lib/tinyusb/src/portable/raspberrypi/rp2040/dcd_rp2040.c.obj
                0x00000000100057c8                dcd_edpt_close_all
 .text.dcd_edpt_xfer
                0x00000000100057d0       0x24 CMakeFiles/seatcontrol.dir/home/testpc/pico/pico-sdk/lib/tinyusb/src/portable/raspberrypi/rp2040/dcd_rp2040.c.obj
                0x00000000100057d0                dcd_edpt_xfer
 .text.dcd_edpt_stall
                0x00000000100057f4       0x38 CMakeFiles/seatcontrol.dir/home/testpc/pico/pico-sdk/lib/tinyusb/src/portable/raspberrypi/rp2040/dcd_rp2040.c.obj
                0x00000000100057f4                dcd_edpt_stall
 .text.dcd_edpt_clear_stall
                0x000000001000582c       0x30 CMakeFiles/seatcontrol.dir/home/testpc/pico/pico-sdk/lib/tinyusb/src/portable/raspberrypi/rp2040/dcd_rp2040.c.obj
                0x000000001000582c                dcd_edpt_clear_stall
 .text.rp2040_usb_init
                0x000000001000585c       0x40 CMakeFiles/seatcontrol.dir/home/testpc/pico/pico-sdk/lib/tinyusb/src/portable/raspberrypi/rp2040/rp2040_usb.c.obj
                0x000000001000585c                rp2040_usb_init
 .text.hw_endpoint_xfer_start
                0x000000001000589c       0x50 CMakeFiles/seatcontrol.dir/home/testpc/pico/pico-sdk/lib/tinyusb/src/portable/raspberrypi/rp2040/rp2040_usb.c.obj
                0x000000001000589c                hw_endpoint_xfer_start
 .text.tud_event_hook_cb
                0x00000000100058ec        0x4 CMakeFiles/seatcontrol.dir/home/testpc/pico/pico-sdk/lib/tinyusb/src/device/usbd.c.obj
                0x00000000100058ec                tud_event_hook_cb
 .text.tud_sof_cb
                0x00000000100058f0        0x4 CMakeFiles/seatcontrol.dir/home/testpc/pico/pico-sdk/lib/tinyusb/src/device/usbd.c.obj
                0x00000000100058f0                tud_sof_cb
 .text.tud_descriptor_device_qualifier_cb
                0x00000000100058f4        0x4 CMakeFiles/seatcontrol.dir/home/testpc/pico/pico-sdk/lib/tinyusb/src/device/usbd.c.obj
                0x00000000100058f4                tud_descriptor_device_qualifier_cb
 .text.tud_descriptor_other_speed_configuration_cb
                0x00000000100058f8        0x4 CMakeFiles/seatcontrol.dir/home/testpc/pico/pico-sdk/lib/tinyusb/src/device/usbd.c.obj
                0x00000000100058f8                tud_descriptor_other_speed_configuration_cb
 .text.tud_mount_cb
                0x00000000100058fc        0x4 CMakeFiles/seatcontrol.dir/home/testpc/pico/pico-sdk/lib/tinyusb/src/device/usbd.c.obj
                0x00000000100058fc                tud_mount_cb
 .text.tud_umount_cb
                0x0000000010005900        0x4 CMakeFiles/seatcontrol.dir/home/testpc/pico/pico-sdk/lib/tinyusb/src/device/usbd.c.obj
                0x0000000010005900                tud_umount_cb
 .text.tud_suspend_cb
                0x0000000010005904        0x4 CMakeFiles/seatcontrol.dir/home/testpc/pico/pico-sdk/lib/tinyusb/src/device/usbd.c.obj
                0x0000000010005904                tud_suspend_cb
 .text.tud_resume_cb
                0x0000000010005908        0x4 CMakeFiles/seatcontrol.dir/home/testpc/pico/pico-sdk/lib/tinyusb/src/device/usbd.c.obj
                0x0000000010005908                tud_resume_cb
 .text.tud_mounted
                0x000000001000590c       0x10 CMakeFiles/seatcontrol.dir/home/testpc/pico/pico-sdk/lib/tinyusb/src/device/usbd.c.obj
                0x000000001000590c                tud_mounted
 .text.tud_suspended
                0x000000001000591c       0x10 CMakeFiles/seatcontrol.dir/home/testpc/pico/pico-sdk/lib/tinyusb/src/device/usbd.c.obj
                0x000000001000591c                tud_suspended
 .text.tud_init
                0x000000001000592c       0xe4 CMakeFiles/seatcontrol.dir/home/testpc/pico/pico-sdk/lib/tinyusb/src/device/usbd.c.obj
                0x000000001000592c                tud_init
 .text.tud_task_ext
                0x0000000010005a10      0x800 CMakeFiles/seatcontrol.dir/home/testpc/pico/pico-sdk/lib/tinyusb/src/device/usbd.c.obj
                0x0000000010005a10                tud_task_ext
 .text.usbd_open_edpt_pair
                0x0000000010006210       0x9c CMakeFiles/seatcontrol.dir/home/testpc/pico/pico-sdk/lib/tinyusb/src/device/usbd.c.obj
                0x0000000010006210                usbd_open_edpt_pair
 .text.usbd_edpt_open
                0x00000000100062ac       0x34 CMakeFiles/seatcontrol.dir/home/testpc/pico/pico-sdk/lib/tinyusb/src/device/usbd.c.obj
                0x00000000100062ac                usbd_edpt_open
 .text.usbd_edpt_claim
                0x00000000100062e0       0x28 CMakeFiles/seatcontrol.dir/home/testpc/pico/pico-sdk/lib/tinyusb/src/device/usbd.c.obj
                0x00000000100062e0                usbd_edpt_claim
 .text.usbd_edpt_release
                0x0000000010006308       0x28 CMakeFiles/seatcontrol.dir/home/testpc/pico/pico-sdk/lib/tinyusb/src/device/usbd.c.obj
                0x0000000010006308                usbd_edpt_release
 .text.usbd_edpt_xfer
                0x0000000010006330       0x4c CMakeFiles/seatcontrol.dir/home/testpc/pico/pico-sdk/lib/tinyusb/src/device/usbd.c.obj
                0x0000000010006330                usbd_edpt_xfer
 .text.tud_control_status
                0x000000001000637c       0x30 CMakeFiles/seatcontrol.dir/home/testpc/pico/pico-sdk/lib/tinyusb/src/device/usbd_control.c.obj
                0x000000001000637c                tud_control_status
 .text.tud_control_xfer
                0x00000000100063ac       0xbc CMakeFiles/seatcontrol.dir/home/testpc/pico/pico-sdk/lib/tinyusb/src/device/usbd_control.c.obj
                0x00000000100063ac                tud_control_xfer
 .text.usbd_control_reset
                0x0000000010006468       0x14 CMakeFiles/seatcontrol.dir/home/testpc/pico/pico-sdk/lib/tinyusb/src/device/usbd_control.c.obj
                0x0000000010006468                usbd_control_reset
 .text.usbd_control_set_complete_callback
                0x000000001000647c        0xc CMakeFiles/seatcontrol.dir/home/testpc/pico/pico-sdk/lib/tinyusb/src/device/usbd_control.c.obj
                0x000000001000647c                usbd_control_set_complete_callback
 .text.usbd_control_set_request
                0x0000000010006488       0x1c CMakeFiles/seatcontrol.dir/home/testpc/pico/pico-sdk/lib/tinyusb/src/device/usbd_control.c.obj
                0x0000000010006488                usbd_control_set_request
 .text.usbd_control_xfer_cb
                0x00000000100064a4       0xf0 CMakeFiles/seatcontrol.dir/home/testpc/pico/pico-sdk/lib/tinyusb/src/device/usbd_control.c.obj
                0x00000000100064a4                usbd_control_xfer_cb
 .text._prep_out_transaction.isra.0
                0x0000000010006594       0x5c CMakeFiles/seatcontrol.dir/home/testpc/pico/pico-sdk/lib/tinyusb/src/class/cdc/cdc_device.c.obj
 .text.tud_cdc_n_connected
                0x00000000100065f0       0x30 CMakeFiles/seatcontrol.dir/home/testpc/pico/pico-sdk/lib/tinyusb/src/class/cdc/cdc_device.c.obj
                0x00000000100065f0                tud_cdc_n_connected
 .text.tud_cdc_n_available
                0x0000000010006620       0x18 CMakeFiles/seatcontrol.dir/home/testpc/pico/pico-sdk/lib/tinyusb/src/class/cdc/cdc_device.c.obj
                0x0000000010006620                tud_cdc_n_available
 .text.tud_cdc_n_read
                0x0000000010006638       0x98 CMakeFiles/seatcontrol.dir/home/testpc/pico/pico-sdk/lib/tinyusb/src/class/cdc/cdc_device.c.obj
                0x0000000010006638                tud_cdc_n_read
 .text.tud_cdc_n_write_flush
                0x00000000100066d0       0x78 CMakeFiles/seatcontrol.dir/home/testpc/pico/pico-sdk/lib/tinyusb/src/class/cdc/cdc_device.c.obj
                0x00000000100066d0                tud_cdc_n_write_flush
 .text.tud_cdc_n_write
                0x0000000010006748       0x44 CMakeFiles/seatcontrol.dir/home/testpc/pico/pico-sdk/lib/tinyusb/src/class/cdc/cdc_device.c.obj
                0x0000000010006748                tud_cdc_n_write
 .text.tud_cdc_n_write_available
                0x000000001000678c       0x18 CMakeFiles/seatcontrol.dir/home/testpc/pico/pico-sdk/lib/tinyusb/src/class/cdc/cdc_device.c.obj
                0x000000001000678c                tud_cdc_n_write_available
 .text.cdcd_init
                0x00000000100067a4       0x7c CMakeFiles/seatcontrol.dir/home/testpc/pico/pico-sdk/lib/tinyusb/src/class/cdc/cdc_device.c.obj
                0x00000000100067a4                cdcd_init
 .text.cdcd_deinit
                0x0000000010006820       0x24 CMakeFiles/seatcontrol.dir/home/testpc/pico/pico-sdk/lib/tinyusb/src/class/cdc/cdc_device.c.obj
                0x0000000010006820                cdcd_deinit
 .text.cdcd_reset
                0x0000000010006844       0x4c CMakeFiles/seatcontrol.dir/home/testpc/pico/pico-sdk/lib/tinyusb/src/class/cdc/cdc_device.c.obj
                0x0000000010006844                cdcd_reset
 .text.cdcd_open
                0x0000000010006890       0xb4 CMakeFiles/seatcontrol.dir/home/testpc/pico/pico-sdk/lib/tinyusb/src/class/cdc/cdc_device.c.obj
                0x0000000010006890                cdcd_open
 .text.cdcd_control_xfer_cb
                0x0000000010006944       0xe4 CMakeFiles/seatcontrol.dir/home/testpc/pico/pico-sdk/lib/tinyusb/src/class/cdc/cdc_device.c.obj
                0x0000000010006944                cdcd_control_xfer_cb
 .text.cdcd_xfer_cb
                0x0000000010006a28       0xfc CMakeFiles/seatcontrol.dir/home/testpc/pico/pico-sdk/lib/tinyusb/src/class/cdc/cdc_device.c.obj
                0x0000000010006a28                cdcd_xfer_cb
 .text.tud_vendor_n_write_flush
                0x0000000010006b24       0x78 CMakeFiles/seatcontrol.dir/home/testpc/pico/pico-sdk/lib/tinyusb/src/class/vendor/vendor_device.c.obj
                0x0000000010006b24                tud_vendor_n_write_flush
 .text.vendord_init
                0x0000000010006b9c       0x64 CMakeFiles/seatcontrol.dir/home/testpc/pico/pico-sdk/lib/tinyusb/src/class/vendor/vendor_device.c.obj
                0x0000000010006b9c                vendord_init
 .text.vendord_deinit
                0x0000000010006c00       0x24 CMakeFiles/seatcontrol.dir/home/testpc/pico/pico-sdk/lib/tinyusb/src/class/vendor/vendor_device.c.obj
                0x0000000010006c00                vendord_deinit
 .text.vendord_reset
                0x0000000010006c24       0x1c CMakeFiles/seatcontrol.dir/home/testpc/pico/pico-sdk/lib/tinyusb/src/class/vendor/vendor_device.c.obj
                0x0000000010006c24                vendord_reset
 .text.vendord_open
                0x0000000010006c40       0xc8 CMakeFiles/seatcontrol.dir/home/testpc/pico/pico-sdk/lib/tinyusb/src/class/vendor/vendor_device.c.obj
                0x0000000010006c40                vendord_open
 .text.vendord_xfer_cb
                0x0000000010006d08       0xc8 CMakeFiles/seatcontrol.dir/home/testpc/pico/pico-sdk/lib/tinyusb/src/class/vendor/vendor_device.c.obj
                0x0000000010006d08                vendord_xfer_cb
 .text.tusb_init
                0x0000000010006dd0        0xc CMakeFiles/seatcontrol.dir/home/testpc/pico/pico-sdk/lib/tinyusb/src/tusb.c.obj
                0x0000000010006dd0                tusb_init
 .text.tu_edpt_claim
                0x0000000010006ddc       0x50 CMakeFiles/seatcontrol.dir/home/testpc/pico/pico-sdk/lib/tinyusb/src/tusb.c.obj
                0x0000000010006ddc                tu_edpt_claim
 .text.tu_edpt_release
                0x0000000010006e2c       0x38 CMakeFiles/seatcontrol.dir/home/testpc/pico/pico-sdk/lib/tinyusb/src/tusb.c.obj
                0x0000000010006e2c                tu_edpt_release
 .text.tu_edpt_validate
                0x0000000010006e64       0x78 CMakeFiles/seatcontrol.dir/home/testpc/pico/pico-sdk/lib/tinyusb/src/tusb.c.obj
                0x0000000010006e64                tu_edpt_validate
 .text.tu_edpt_bind_driver
                0x0000000010006edc       0x34 CMakeFiles/seatcontrol.dir/home/testpc/pico/pico-sdk/lib/tinyusb/src/tusb.c.obj
                0x0000000010006edc                tu_edpt_bind_driver
 .text.tu_fifo_config
                0x0000000010006f10       0x70 CMakeFiles/seatcontrol.dir/home/testpc/pico/pico-sdk/lib/tinyusb/src/common/tusb_fifo.c.obj
                0x0000000010006f10                tu_fifo_config
 .text.tu_fifo_count
                0x0000000010006f80       0x2c CMakeFiles/seatcontrol.dir/home/testpc/pico/pico-sdk/lib/tinyusb/src/common/tusb_fifo.c.obj
                0x0000000010006f80                tu_fifo_count
 .text.tu_fifo_empty
                0x0000000010006fac       0x10 CMakeFiles/seatcontrol.dir/home/testpc/pico/pico-sdk/lib/tinyusb/src/common/tusb_fifo.c.obj
                0x0000000010006fac                tu_fifo_empty
 .text.tu_fifo_remaining
                0x0000000010006fbc       0x2c CMakeFiles/seatcontrol.dir/home/testpc/pico/pico-sdk/lib/tinyusb/src/common/tusb_fifo.c.obj
                0x0000000010006fbc                tu_fifo_remaining
 .text.tu_fifo_read
                0x0000000010006fe8       0xa0 CMakeFiles/seatcontrol.dir/home/testpc/pico/pico-sdk/lib/tinyusb/src/common/tusb_fifo.c.obj
                0x0000000010006fe8                tu_fifo_read
 .text.tu_fifo_read_n
                0x0000000010007088       0xec CMakeFiles/seatcontrol.dir/home/testpc/pico/pico-sdk/lib/tinyusb/src/common/tusb_fifo.c.obj
                0x0000000010007088                tu_fifo_read_n
 .text.tu_fifo_write
                0x0000000010007174       0x88 CMakeFiles/seatcontrol.dir/home/testpc/pico/pico-sdk/lib/tinyusb/src/common/tusb_fifo.c.obj
                0x0000000010007174                tu_fifo_write
 .text.tu_fifo_write_n
                0x00000000100071fc      0x168 CMakeFiles/seatcontrol.dir/home/testpc/pico/pico-sdk/lib/tinyusb/src/common/tusb_fifo.c.obj
                0x00000000100071fc                tu_fifo_write_n
 .text.tu_fifo_clear
                0x0000000010007364       0x40 CMakeFiles/seatcontrol.dir/home/testpc/pico/pico-sdk/lib/tinyusb/src/common/tusb_fifo.c.obj
                0x0000000010007364                tu_fifo_clear
 .text.tu_fifo_set_overwritable
                0x00000000100073a4       0x48 CMakeFiles/seatcontrol.dir/home/testpc/pico/pico-sdk/lib/tinyusb/src/common/tusb_fifo.c.obj
                0x00000000100073a4                tu_fifo_set_overwritable
 .text.i2c_set_baudrate
                0x00000000100073ec       0xc0 CMakeFiles/seatcontrol.dir/home/testpc/pico/pico-sdk/src/rp2_common/hardware_i2c/i2c.c.obj
                0x00000000100073ec                i2c_set_baudrate
 .text.i2c_init
                0x00000000100074ac       0x54 CMakeFiles/seatcontrol.dir/home/testpc/pico/pico-sdk/src/rp2_common/hardware_i2c/i2c.c.obj
                0x00000000100074ac                i2c_init
 .text.i2c_write_blocking
                0x0000000010007500       0xd0 CMakeFiles/seatcontrol.dir/home/testpc/pico/pico-sdk/src/rp2_common/hardware_i2c/i2c.c.obj
                0x0000000010007500                i2c_write_blocking
 .text.i2c_read_blocking
                0x00000000100075d0       0xac CMakeFiles/seatcontrol.dir/home/testpc/pico/pico-sdk/src/rp2_common/hardware_i2c/i2c.c.obj
                0x00000000100075d0                i2c_read_blocking
 .text          0x000000001000767c        0xc /usr/lib/gcc/arm-none-eabi/10.3.1/../../../arm-none-eabi/lib/thumb/v6-m/nofp/libg.a(lib_a-atof.o)
                0x000000001000767c                atof
 .text          0x0000000010007688       0x5c /usr/lib/gcc/arm-none-eabi/10.3.1/../../../arm-none-eabi/lib/thumb/v6-m/nofp/libg.a(lib_a-callocr.o)
                0x0000000010007688                _calloc_r
 .text          0x00000000100076e4      0x574 /usr/lib/gcc/arm-none-eabi/10.3.1/../../../arm-none-eabi/lib/thumb/v6-m/nofp/libg.a(lib_a-mallocr.o)
                0x00000000100076e4                _malloc_r
 .text          0x0000000010007c58        0x8 /usr/lib/gcc/arm-none-eabi/10.3.1/../../../arm-none-eabi/lib/thumb/v6-m/nofp/libg.a(lib_a-mlock.o)
                0x0000000010007c58                __malloc_lock
                0x0000000010007c5c                __malloc_unlock
 .text          0x0000000010007c60       0x24 /usr/lib/gcc/arm-none-eabi/10.3.1/../../../arm-none-eabi/lib/thumb/v6-m/nofp/libg.a(lib_a-sbrkr.o)
                0x0000000010007c60                _sbrk_r
 .text          0x0000000010007c84       0x5c /usr/lib/gcc/arm-none-eabi/10.3.1/../../../arm-none-eabi/lib/thumb/v6-m/nofp/libg.a(lib_a-strlen-stub.o)
                0x0000000010007c84                strlen
 .text          0x0000000010007ce0     0x1128 /usr/lib/gcc/arm-none-eabi/10.3.1/../../../arm-none-eabi/lib/thumb/v6-m/nofp/libg.a(lib_a-strtod.o)
                0x0000000010007ce0                _strtod_l
                0x0000000010008c60                _strtod_r
                0x0000000010008c70                strtod_l
                0x0000000010008c88                strtod
                0x0000000010008ca4                strtof_l
                0x0000000010008d54                strtof
 .text          0x0000000010008e08      0x260 /usr/lib/gcc/arm-none-eabi/10.3.1/../../../arm-none-eabi/lib/thumb/v6-m/nofp/libg.a(lib_a-freer.o)
                0x0000000010008e08                _malloc_trim_r
                0x0000000010008ea4                _free_r
 .text          0x0000000010009068      0x670 /usr/lib/gcc/arm-none-eabi/10.3.1/../../../arm-none-eabi/lib/thumb/v6-m/nofp/libg.a(lib_a-gdtoa-gethex.o)
                0x000000001000910c                __gethex
 .text          0x00000000100096d8      0x1fc /usr/lib/gcc/arm-none-eabi/10.3.1/../../../arm-none-eabi/lib/thumb/v6-m/nofp/libg.a(lib_a-gdtoa-hexnan.o)
                0x00000000100096d8                __match
                0x0000000010009704                __hexnan
 .text          0x00000000100098d4       0x44 /usr/lib/gcc/arm-none-eabi/10.3.1/../../../arm-none-eabi/lib/thumb/v6-m/nofp/libg.a(lib_a-mbtowc_r.o)
                0x00000000100098d4                _mbtowc_r
                0x00000000100098ec                __ascii_mbtowc
 .text          0x0000000010009918      0xafc /usr/lib/gcc/arm-none-eabi/10.3.1/../../../arm-none-eabi/lib/thumb/v6-m/nofp/libg.a(lib_a-mprec.o)
                0x0000000010009918                _Balloc
                0x0000000010009968                _Bfree
                0x000000001000997c                __multadd
                0x0000000010009a24                __s2b
                0x0000000010009ad4                __hi0bits
                0x0000000010009b0c                __lo0bits
                0x0000000010009b68                __i2b
                0x0000000010009bc8                __multiply
                0x0000000010009d6c                __pow5mult
                0x0000000010009e44                __lshift
                0x0000000010009f40                __mcmp
                0x0000000010009f74                __mdiff
                0x000000001000a100                __ulp
                0x000000001000a148                __b2d
                0x000000001000a210                __d2b
                0x000000001000a2e8                __ratio
                0x000000001000a350                _mprec_log10
                0x000000001000a384                __copybits
                0x000000001000a3c4                __any_on
 .text          0x000000001000a414        0xc /usr/lib/gcc/arm-none-eabi/10.3.1/../../../arm-none-eabi/lib/thumb/v6-m/nofp/libg.a(lib_a-s_nan.o)
                0x000000001000a414                nan
 .text          0x000000001000a420        0x8 /usr/lib/gcc/arm-none-eabi/10.3.1/../../../arm-none-eabi/lib/thumb/v6-m/nofp/libg.a(lib_a-sf_nan.o)
                0x000000001000a420                nanf
 .text          0x000000001000a428       0x74 /usr/lib/gcc/arm-none-eabi/10.3.1/../../../arm-none-eabi/lib/thumb/v6-m/nofp/libg.a(lib_a-strncmp.o)
                0x000000001000a428                strncmp
 .text          0x000000001000a49c       0x2c /usr/lib/gcc/arm-none-eabi/10.3.1/../../../arm-none-eabi/lib/thumb/v6-m/nofp/libg.a(lib_a-wctomb_r.o)
                0x000000001000a49c                _wctomb_r
                0x000000001000a4ac                __ascii_wctomb
 *(.fini)
 .fini          0x000000001000a4c8        0x4 /usr/lib/gcc/arm-none-eabi/10.3.1/thumb/v6-m/nofp/crti.o
                0x000000001000a4c8                _fini
 *fill*         0x000000001000a4cc        0x4 
 .fini.__stub   0x000000001000a4d0       0xd0 linker stubs
 *crtbegin.o(.ctors)
 *crtbegin?.o(.ctors)
 *(EXCLUDE_FILE(*crtend.o *crtend?.o) .ctors)
 *(SORT_BY_NAME(.ctors.*))
 *(.ctors)
 *crtbegin.o(.dtors)
 *crtbegin?.o(.dtors)
 *(EXCLUDE_FILE(*crtend.o *crtend?.o) .dtors)
 *(SORT_BY_NAME(.dtors.*))
 *(.dtors)
                0x000000001000a5a0                . = ALIGN (0x4)
                0x000000001000a5a0                PROVIDE (__preinit_array_start = .)
 *(SORT_BY_NAME(.preinit_array.*))
 .preinit_array.00100
                0x000000001000a5a0        0x4 CMakeFiles/seatcontrol.dir/home/testpc/pico/pico-sdk/src/rp2_common/pico_runtime_init/runtime_init.c.obj
                0x000000001000a5a0                __pre_init_runtime_init_early_resets
 .preinit_array.00101
                0x000000001000a5a4        0x4 CMakeFiles/seatcontrol.dir/home/testpc/pico/pico-sdk/src/rp2_common/pico_runtime_init/runtime_init.c.obj
                0x000000001000a5a4                __pre_init_runtime_init_usb_power_down
 .preinit_array.00275
                0x000000001000a5a8        0x4 CMakeFiles/seatcontrol.dir/home/testpc/pico/pico-sdk/src/rp2_common/pico_bit_ops/bit_ops_aeabi.S.obj
 .preinit_array.00300
                0x000000001000a5ac        0x4 CMakeFiles/seatcontrol.dir/home/testpc/pico/pico-sdk/src/rp2_common/pico_mem_ops/mem_ops_aeabi.S.obj
 .preinit_array.00350
                0x000000001000a5b0        0x4 CMakeFiles/seatcontrol.dir/home/testpc/pico/pico-sdk/src/rp2_common/pico_double/double_aeabi_rp2040.S.obj
 .preinit_array.00350
                0x000000001000a5b4        0x4 CMakeFiles/seatcontrol.dir/home/testpc/pico/pico-sdk/src/rp2_common/pico_float/float_aeabi_rp2040.S.obj
 .preinit_array.00500
                0x000000001000a5b8        0x4 CMakeFiles/seatcontrol.dir/home/testpc/pico/pico-sdk/src/rp2_common/pico_runtime_init/runtime_init.c.obj
                0x000000001000a5b8                __pre_init_runtime_init_clocks
 .preinit_array.00600
                0x000000001000a5bc        0x4 CMakeFiles/seatcontrol.dir/home/testpc/pico/pico-sdk/src/rp2_common/pico_runtime_init/runtime_init.c.obj
                0x000000001000a5bc                __pre_init_runtime_init_post_clock_resets
 .preinit_array.00700
                0x000000001000a5c0        0x4 CMakeFiles/seatcontrol.dir/home/testpc/pico/pico-sdk/src/rp2_common/pico_runtime_init/runtime_init.c.obj
                0x000000001000a5c0                __pre_init_runtime_init_rp2040_gpio_ie_disable
 .preinit_array.01000
                0x000000001000a5c4        0x4 CMakeFiles/seatcontrol.dir/home/testpc/pico/pico-sdk/src/rp2_common/pico_runtime_init/runtime_init.c.obj
                0x000000001000a5c4                __pre_init_runtime_init_spin_locks_reset
 .preinit_array.01100
                0x000000001000a5c8        0x4 CMakeFiles/seatcontrol.dir/home/testpc/pico/pico-sdk/src/common/pico_sync/mutex.c.obj
                0x000000001000a5c8                __pre_init_runtime_init_mutex
 .preinit_array.10080
                0x000000001000a5cc        0x4 CMakeFiles/seatcontrol.dir/home/testpc/pico/pico-sdk/src/rp2_common/pico_runtime_init/runtime_init.c.obj
                0x000000001000a5cc                __pre_init_runtime_init_install_ram_vector_table
 .preinit_array.11000
                0x000000001000a5d0        0x4 CMakeFiles/seatcontrol.dir/home/testpc/pico/pico-sdk/src/common/pico_time/time.c.obj
                0x000000001000a5d0                __pre_init_runtime_init_default_alarm_pool
 .preinit_array.YYYYY
                0x000000001000a5d4        0x4 CMakeFiles/seatcontrol.dir/home/testpc/pico/pico-sdk/src/rp2_common/pico_runtime/runtime.c.obj
                0x000000001000a5d4                __pre_init_first_per_core_initializer
 .preinit_array.ZZZZZ.01200
                0x000000001000a5d8        0x4 CMakeFiles/seatcontrol.dir/home/testpc/pico/pico-sdk/src/rp2_common/hardware_irq/irq.c.obj
                0x000000001000a5d8                __pre_init_runtime_init_per_core_irq_priorities
 *(.preinit_array)
                0x000000001000a5dc                PROVIDE (__preinit_array_end = .)
                0x000000001000a5dc                . = ALIGN (0x4)
                0x000000001000a5dc                PROVIDE (__init_array_start = .)
 *(SORT_BY_NAME(.init_array.*))
 *(.init_array)
 .init_array    0x000000001000a5dc        0x4 /usr/lib/gcc/arm-none-eabi/10.3.1/thumb/v6-m/nofp/crtbegin.o
 .init_array    0x000000001000a5e0        0x4 CMakeFiles/seatcontrol.dir/home/testpc/pico/pico-sdk/src/rp2_common/pico_unique_id/unique_id.c.obj
                0x000000001000a5e4                PROVIDE (__init_array_end = .)
                0x000000001000a5e4                . = ALIGN (0x4)
                0x000000001000a5e4                PROVIDE (__fini_array_start = .)
 *(SORT_BY_NAME(.fini_array.*))
 *(.fini_array)
                0x000000001000a5e4                PROVIDE (__fini_array_end = .)
 *(.eh_frame*)
 .eh_frame      0x000000001000a5e4        0x0 /usr/lib/gcc/arm-none-eabi/10.3.1/thumb/v6-m/nofp/crtbegin.o
                0x000000001000a5e4                . = ALIGN (0x4)

.glue_7         0x000000001000a5e4        0x0
 .glue_7        0x000000001000a5e4        0x0 linker stubs

.glue_7t        0x000000001000a5e4        0x0
 .glue_7t       0x000000001000a5e4        0x0 linker stubs

.vfp11_veneer   0x000000001000a5e4        0x0
 .vfp11_veneer  0x000000001000a5e4        0x0 linker stubs

.v4_bx          0x000000001000a5e4        0x0
 .v4_bx         0x000000001000a5e4        0x0 linker stubs

.iplt           0x000000001000a5e4        0x0
 .iplt          0x000000001000a5e4        0x0 /usr/lib/gcc/arm-none-eabi/10.3.1/thumb/v6-m/nofp/crtbegin.o

.rodata         0x000000001000a5e8      0xbcc
 *(EXCLUDE_FILE(*libm.a: *libc.a:*lib_a-mem*.o *libgcc.a:) .rodata*)
 .rodata.main.str1.4
                0x000000001000a5e8       0x56 CMakeFiles/seatcontrol.dir/src/main.c.obj
 *fill*         0x000000001000a63e        0x2 
 .rodata.panic.str1.4
                0x000000001000a640       0x10 CMakeFiles/seatcontrol.dir/home/testpc/pico/pico-sdk/src/rp2_common/pico_platform_panic/panic.c.obj
                                         0x12 (size before relaxing)
 .rodata.spin_lock_claim_unused.str1.4
                0x000000001000a650       0x1b CMakeFiles/seatcontrol.dir/home/testpc/pico/pico-sdk/src/rp2_common/hardware_sync/sync.c.obj
 *fill*         0x000000001000a66b        0x1 
 .rodata.user_irq_claim_unused.str1.4
                0x000000001000a66c       0x1b CMakeFiles/seatcontrol.dir/home/testpc/pico/pico-sdk/src/rp2_common/hardware_irq/irq.c.obj
 *fill*         0x000000001000a687        0x1 
 .rodata.timer_hardware_alarm_claim.str1.4
                0x000000001000a688       0x22 CMakeFiles/seatcontrol.dir/home/testpc/pico/pico-sdk/src/rp2_common/hardware_timer/timer.c.obj
 *fill*         0x000000001000a6aa        0x2 
 .rodata.hard_assertion_failure.str1.4
                0x000000001000a6ac        0xc CMakeFiles/seatcontrol.dir/home/testpc/pico/pico-sdk/src/rp2_common/pico_runtime/runtime.c.obj
 .rodata.str1.4
                0x000000001000a6b8       0x30 CMakeFiles/seatcontrol.dir/home/testpc/pico/pico-sdk/src/rp2_common/pico_standard_binary_info/standard_binary_info.c.obj
 .rodata.__bi_26
                0x000000001000a6e8        0xc CMakeFiles/seatcontrol.dir/home/testpc/pico/pico-sdk/src/rp2_common/pico_standard_binary_info/standard_binary_info.c.obj
 .rodata.__bi_34
                0x000000001000a6f4        0xc CMakeFiles/seatcontrol.dir/home/testpc/pico/pico-sdk/src/rp2_common/pico_standard_binary_info/standard_binary_info.c.obj
 .rodata.__bi_42
                0x000000001000a700        0xc CMakeFiles/seatcontrol.dir/home/testpc/pico/pico-sdk/src/rp2_common/pico_standard_binary_info/standard_binary_info.c.obj
 .rodata.__bi_48
                0x000000001000a70c        0xc CMakeFiles/seatcontrol.dir/home/testpc/pico/pico-sdk/src/rp2_common/pico_standard_binary_info/standard_binary_info.c.obj
 .rodata.__bi_54
                0x000000001000a718        0xc CMakeFiles/seatcontrol.dir/home/testpc/pico/pico-sdk/src/rp2_common/pico_standard_binary_info/standard_binary_info.c.obj
 .rodata.__bi_84
                0x000000001000a724        0xc CMakeFiles/seatcontrol.dir/home/testpc/pico/pico-sdk/src/rp2_common/pico_standard_binary_info/standard_binary_info.c.obj
 .rodata._ftoa.str1.4
                0x000000001000a730       0x15 CMakeFiles/seatcontrol.dir/home/testpc/pico/pico-sdk/src/rp2_common/pico_printf/printf.c.obj
 *fill*         0x000000001000a745        0x3 
 .rodata._vsnprintf
                0x000000001000a748      0x1e0 CMakeFiles/seatcontrol.dir/home/testpc/pico/pico-sdk/src/rp2_common/pico_printf/printf.c.obj
 .rodata.pow10.0
                0x000000001000a928       0x50 CMakeFiles/seatcontrol.dir/home/testpc/pico/pico-sdk/src/rp2_common/pico_printf/printf.c.obj
 .rodata.__assert_func.str1.4
                0x000000001000a978       0x3f CMakeFiles/seatcontrol.dir/home/testpc/pico/pico-sdk/src/rp2_common/pico_clib_interface/newlib_interface.c.obj
                                         0x43 (size before relaxing)
 *fill*         0x000000001000a9b7        0x1 
 .rodata.crlf_str.0
                0x000000001000a9b8        0x2 CMakeFiles/seatcontrol.dir/home/testpc/pico/pico-sdk/src/rp2_common/pico_stdio/stdio.c.obj
 *fill*         0x000000001000a9ba        0x2 
 .rodata._resetd_driver
                0x000000001000a9bc       0x20 CMakeFiles/seatcontrol.dir/home/testpc/pico/pico-sdk/src/rp2_common/pico_stdio_usb/reset_interface.c.obj
 .rodata.desc_bos
                0x000000001000a9dc       0x21 CMakeFiles/seatcontrol.dir/home/testpc/pico/pico-sdk/src/rp2_common/pico_stdio_usb/reset_interface.c.obj
                0x000000001000a9dc                desc_bos
 *fill*         0x000000001000a9fd        0x3 
 .rodata.desc_ms_os_20
                0x000000001000aa00       0xa6 CMakeFiles/seatcontrol.dir/home/testpc/pico/pico-sdk/src/rp2_common/pico_stdio_usb/reset_interface.c.obj
 *fill*         0x000000001000aaa6        0x2 
 .rodata.str1.4
                0x000000001000aaa8       0x13 CMakeFiles/seatcontrol.dir/home/testpc/pico/pico-sdk/src/rp2_common/pico_stdio_usb/stdio_usb.c.obj
 *fill*         0x000000001000aabb        0x1 
 .rodata.__bi_197.0
                0x000000001000aabc        0xc CMakeFiles/seatcontrol.dir/home/testpc/pico/pico-sdk/src/rp2_common/pico_stdio_usb/stdio_usb.c.obj
 .rodata.str1.4
                0x000000001000aac8       0x2a CMakeFiles/seatcontrol.dir/home/testpc/pico/pico-sdk/src/rp2_common/pico_stdio_usb/stdio_usb_descriptors.c.obj
 *fill*         0x000000001000aaf2        0x2 
 .rodata.usbd_desc_cfg
                0x000000001000aaf4       0x54 CMakeFiles/seatcontrol.dir/home/testpc/pico/pico-sdk/src/rp2_common/pico_stdio_usb/stdio_usb_descriptors.c.obj
 .rodata.usbd_desc_device
                0x000000001000ab48       0x12 CMakeFiles/seatcontrol.dir/home/testpc/pico/pico-sdk/src/rp2_common/pico_stdio_usb/stdio_usb_descriptors.c.obj
 *fill*         0x000000001000ab5a        0x2 
 .rodata.usbd_desc_str
                0x000000001000ab5c       0x18 CMakeFiles/seatcontrol.dir/home/testpc/pico/pico-sdk/src/rp2_common/pico_stdio_usb/stdio_usb_descriptors.c.obj
 .rodata.str1.4
                0x000000001000ab74       0x14 CMakeFiles/seatcontrol.dir/home/testpc/pico/pico-sdk/lib/tinyusb/src/portable/raspberrypi/rp2040/dcd_rp2040.c.obj
 .rodata.str1.4
                0x000000001000ab88       0x48 CMakeFiles/seatcontrol.dir/home/testpc/pico/pico-sdk/lib/tinyusb/src/portable/raspberrypi/rp2040/rp2040_usb.c.obj
 .rodata.tud_task_ext
                0x000000001000abd0       0x8c CMakeFiles/seatcontrol.dir/home/testpc/pico/pico-sdk/lib/tinyusb/src/device/usbd.c.obj
 .rodata        0x000000001000ac5c       0x1c CMakeFiles/seatcontrol.dir/home/testpc/pico/pico-sdk/lib/tinyusb/src/device/usbd.c.obj
 .rodata._usbd_driver
                0x000000001000ac78       0x40 CMakeFiles/seatcontrol.dir/home/testpc/pico/pico-sdk/lib/tinyusb/src/device/usbd.c.obj
 .rodata.str1.4
                0x000000001000acb8        0xf /usr/lib/gcc/arm-none-eabi/10.3.1/../../../arm-none-eabi/lib/thumb/v6-m/nofp/libg.a(lib_a-strtod.o)
                                         0x11 (size before relaxing)
 *fill*         0x000000001000acc7        0x1 
 .rodata        0x000000001000acc8      0x120 /usr/lib/gcc/arm-none-eabi/10.3.1/../../../arm-none-eabi/lib/thumb/v6-m/nofp/libg.a(lib_a-strtod.o)
 .rodata.str1.4
                0x000000001000ade8       0x4e /usr/lib/gcc/arm-none-eabi/10.3.1/../../../arm-none-eabi/lib/thumb/v6-m/nofp/libg.a(lib_a-gdtoa-gethex.o)
 *fill*         0x000000001000ae36        0x2 
 .rodata        0x000000001000ae38      0x100 /usr/lib/gcc/arm-none-eabi/10.3.1/../../../arm-none-eabi/lib/thumb/v6-m/nofp/libg.a(lib_a-gdtoa-gethex.o)
                0x000000001000ae38                __hexdig
 .rodata.str1.4
                0x000000001000af38        0x2 /usr/lib/gcc/arm-none-eabi/10.3.1/../../../arm-none-eabi/lib/thumb/v6-m/nofp/libg.a(lib_a-lnumeric.o)
                                          0x5 (size before relaxing)
 *fill*         0x000000001000af3a        0x2 
 .rodata        0x000000001000af3c        0xc /usr/lib/gcc/arm-none-eabi/10.3.1/../../../arm-none-eabi/lib/thumb/v6-m/nofp/libg.a(lib_a-lnumeric.o)
                0x000000001000af3c                _C_numeric_locale
 .rodata.str1.4
                0x000000001000af48        0x6 /usr/lib/gcc/arm-none-eabi/10.3.1/../../../arm-none-eabi/lib/thumb/v6-m/nofp/libg.a(lib_a-locale.o)
                                         0x12 (size before relaxing)
 *fill*         0x000000001000af4e        0x2 
 .rodata.str1.4
                0x000000001000af50       0x33 /usr/lib/gcc/arm-none-eabi/10.3.1/../../../arm-none-eabi/lib/thumb/v6-m/nofp/libg.a(lib_a-mprec.o)
                                         0x47 (size before relaxing)
 *fill*         0x000000001000af83        0x5 
 .rodata        0x000000001000af88      0x128 /usr/lib/gcc/arm-none-eabi/10.3.1/../../../arm-none-eabi/lib/thumb/v6-m/nofp/libg.a(lib_a-mprec.o)
                0x000000001000af98                __mprec_tinytens
                0x000000001000afc0                __mprec_bigtens
                0x000000001000afe8                __mprec_tens
 .rodata        0x000000001000b0b0      0x101 /usr/lib/gcc/arm-none-eabi/10.3.1/../../../arm-none-eabi/lib/thumb/v6-m/nofp/libg.a(lib_a-ctype_.o)
                0x000000001000b0b0                _ctype_
                0x000000001000b1b4                . = ALIGN (0x4)
 *fill*         0x000000001000b1b1        0x3 
 *(SORT_BY_ALIGNMENT(SORT_BY_NAME(.flashdata*)))
                0x000000001000b1b4                . = ALIGN (0x4)

.ARM.extab
 *(.ARM.extab* .gnu.linkonce.armextab.*)
                0x000000001000b1b4                __exidx_start = .

.ARM.exidx
 *(.ARM.exidx* .gnu.linkonce.armexidx.*)
                0x000000001000b1b4                __exidx_end = .
                0x000000001000b1b4                . = ALIGN (0x4)
                0x000000001000b1b4                __binary_info_start = .

.binary_info    0x000000001000b1b4       0x1c
 *(.binary_info.keep.*)
 .binary_info.keep.__bi_ptr26
                0x000000001000b1b4        0x4 CMakeFiles/seatcontrol.dir/home/testpc/pico/pico-sdk/src/rp2_common/pico_standard_binary_info/standard_binary_info.c.obj
 .binary_info.keep.__bi_ptr34
                0x000000001000b1b8        0x4 CMakeFiles/seatcontrol.dir/home/testpc/pico/pico-sdk/src/rp2_common/pico_standard_binary_info/standard_binary_info.c.obj
 .binary_info.keep.__bi_ptr42
                0x000000001000b1bc        0x4 CMakeFiles/seatcontrol.dir/home/testpc/pico/pico-sdk/src/rp2_common/pico_standard_binary_info/standard_binary_info.c.obj
 .binary_info.keep.__bi_ptr48
                0x000000001000b1c0        0x4 CMakeFiles/seatcontrol.dir/home/testpc/pico/pico-sdk/src/rp2_common/pico_standard_binary_info/standard_binary_info.c.obj
 .binary_info.keep.__bi_ptr54
                0x000000001000b1c4        0x4 CMakeFiles/seatcontrol.dir/home/testpc/pico/pico-sdk/src/rp2_common/pico_standard_binary_info/standard_binary_info.c.obj
 .binary_info.keep.__bi_ptr84
                0x000000001000b1c8        0x4 CMakeFiles/seatcontrol.dir/home/testpc/pico/pico-sdk/src/rp2_common/pico_standard_binary_info/standard_binary_info.c.obj
 *(.binary_info.*)
 .binary_info.__bi_ptr197
                0x000000001000b1cc        0x4 CMakeFiles/seatcontrol.dir/home/testpc/pico/pico-sdk/src/rp2_common/pico_stdio_usb/stdio_usb.c.obj
                0x000000001000b1d0                __binary_info_end = .

.rel.dyn        0x000000001000b1d0        0x0
 .rel.iplt      0x000000001000b1d0        0x0 /usr/lib/gcc/arm-none-eabi/10.3.1/thumb/v6-m/nofp/crtbegin.o
                0x000000001000b1d0                . = ALIGN (0x4)

.ram_vector_table
                0x0000000020000000       0xc0
 *(.ram_vector_table)
 .ram_vector_table
                0x0000000020000000       0xc0 CMakeFiles/seatcontrol.dir/home/testpc/pico/pico-sdk/src/rp2_common/pico_runtime_init/runtime_init.c.obj
                0x0000000020000000                ram_vector_table

.uninitialized_data
                0x00000000200000c0        0x0
                0x00000000200000c0                . = ALIGN (0x4)
 *(.uninitialized_data*)

.data           0x00000000200000c0     0x19c0 load address 0x000000001000b1d0
                0x00000000200000c0                __data_start__ = .
 *(vtable)
 *(.time_critical*)
 .time_critical.mutex_try_enter
                0x00000000200000c0       0x44 CMakeFiles/seatcontrol.dir/home/testpc/pico/pico-sdk/src/common/pico_sync/mutex.c.obj
                0x00000000200000c0                mutex_try_enter
 .time_critical.mutex_try_enter_block_until
                0x0000000020000104       0x9c CMakeFiles/seatcontrol.dir/home/testpc/pico/pico-sdk/src/common/pico_sync/mutex.c.obj
                0x0000000020000104                mutex_try_enter_block_until
 .time_critical.mutex_enter_timeout_ms
                0x00000000200001a0       0x90 CMakeFiles/seatcontrol.dir/home/testpc/pico/pico-sdk/src/common/pico_sync/mutex.c.obj
                0x00000000200001a0                mutex_enter_timeout_ms
 .time_critical.mutex_exit
                0x0000000020000230       0x28 CMakeFiles/seatcontrol.dir/home/testpc/pico/pico-sdk/src/common/pico_sync/mutex.c.obj
                0x0000000020000230                mutex_exit
 .time_critical.flash_init_boot2_copyout
                0x0000000020000258       0x30 CMakeFiles/seatcontrol.dir/home/testpc/pico/pico-sdk/src/rp2_common/hardware_flash/flash.c.obj
 .time_critical.flash_enable_xip_via_boot2
                0x0000000020000288       0x10 CMakeFiles/seatcontrol.dir/home/testpc/pico/pico-sdk/src/rp2_common/hardware_flash/flash.c.obj
 .time_critical.flash_cs_force
                0x0000000020000298       0x38 CMakeFiles/seatcontrol.dir/home/testpc/pico/pico-sdk/src/rp2_common/hardware_flash/flash.c.obj
 .time_critical.flash_do_cmd
                0x00000000200002d0       0xc4 CMakeFiles/seatcontrol.dir/home/testpc/pico/pico-sdk/src/rp2_common/hardware_flash/flash.c.obj
                0x00000000200002d0                flash_do_cmd
 .time_critical.reset_non_control_endpoints
                0x0000000020000394       0xbc CMakeFiles/seatcontrol.dir/home/testpc/pico/pico-sdk/lib/tinyusb/src/portable/raspberrypi/rp2040/dcd_rp2040.c.obj
 .time_critical.hw_handle_buff_status
                0x0000000020000450       0xa8 CMakeFiles/seatcontrol.dir/home/testpc/pico/pico-sdk/lib/tinyusb/src/portable/raspberrypi/rp2040/dcd_rp2040.c.obj
 .time_critical.dcd_rp2040_irq
                0x00000000200004f8      0x554 CMakeFiles/seatcontrol.dir/home/testpc/pico/pico-sdk/lib/tinyusb/src/portable/raspberrypi/rp2040/dcd_rp2040.c.obj
 .time_critical.prepare_ep_buffer
                0x0000000020000a4c       0xf4 CMakeFiles/seatcontrol.dir/home/testpc/pico/pico-sdk/lib/tinyusb/src/portable/raspberrypi/rp2040/rp2040_usb.c.obj
 .time_critical.sync_ep_buffer
                0x0000000020000b40       0xb4 CMakeFiles/seatcontrol.dir/home/testpc/pico/pico-sdk/lib/tinyusb/src/portable/raspberrypi/rp2040/rp2040_usb.c.obj
 .time_critical._hw_endpoint_xfer_sync
                0x0000000020000bf4       0x28 CMakeFiles/seatcontrol.dir/home/testpc/pico/pico-sdk/lib/tinyusb/src/portable/raspberrypi/rp2040/rp2040_usb.c.obj
 .time_critical.e15_is_bulkin_ep
                0x0000000020000c1c       0x28 CMakeFiles/seatcontrol.dir/home/testpc/pico/pico-sdk/lib/tinyusb/src/portable/raspberrypi/rp2040/rp2040_usb.c.obj
 .time_critical.e15_is_critical_frame_period
                0x0000000020000c44       0x34 CMakeFiles/seatcontrol.dir/home/testpc/pico/pico-sdk/lib/tinyusb/src/portable/raspberrypi/rp2040/rp2040_usb.c.obj
 .time_critical.hw_endpoint_reset_transfer
                0x0000000020000c78        0xc CMakeFiles/seatcontrol.dir/home/testpc/pico/pico-sdk/lib/tinyusb/src/portable/raspberrypi/rp2040/rp2040_usb.c.obj
                0x0000000020000c78                hw_endpoint_reset_transfer
 .time_critical._hw_endpoint_buffer_control_update32
                0x0000000020000c84       0x50 CMakeFiles/seatcontrol.dir/home/testpc/pico/pico-sdk/lib/tinyusb/src/portable/raspberrypi/rp2040/rp2040_usb.c.obj
                0x0000000020000c84                _hw_endpoint_buffer_control_update32
 .time_critical.hw_endpoint_start_next_buffer
                0x0000000020000cd4       0x6c CMakeFiles/seatcontrol.dir/home/testpc/pico/pico-sdk/lib/tinyusb/src/portable/raspberrypi/rp2040/rp2040_usb.c.obj
                0x0000000020000cd4                hw_endpoint_start_next_buffer
 .time_critical.hw_endpoint_xfer_continue
                0x0000000020000d40       0x40 CMakeFiles/seatcontrol.dir/home/testpc/pico/pico-sdk/lib/tinyusb/src/portable/raspberrypi/rp2040/rp2040_usb.c.obj
                0x0000000020000d40                hw_endpoint_xfer_continue
 .time_critical.tinyusb
                0x0000000020000d80      0x1f0 CMakeFiles/seatcontrol.dir/home/testpc/pico/pico-sdk/lib/tinyusb/src/device/usbd.c.obj
                0x0000000020000d80                dcd_event_handler
 *(.text*)
 .text          0x0000000020000f70        0x4 /usr/lib/gcc/arm-none-eabi/10.3.1/thumb/v6-m/nofp/libgcc.a(_dvmd_tls.o)
                0x0000000020000f70                __aeabi_ldiv0
                0x0000000020000f70                __aeabi_idiv0
 *fill*         0x0000000020000f74        0x4 
 .text.__stub   0x0000000020000f78       0x80 linker stubs
                0x0000000020000ff8                . = ALIGN (0x4)
 *(.rodata*)
                0x0000000020000ff8                . = ALIGN (0x4)
 *(.data*)
 .data.striped_spin_lock_num
                0x0000000020000ff8        0x1 CMakeFiles/seatcontrol.dir/home/testpc/pico/pico-sdk/src/rp2_common/hardware_sync/sync.c.obj
 *fill*         0x0000000020000ff9        0x3 
 .data          0x0000000020000ffc       0x48 CMakeFiles/seatcontrol.dir/home/testpc/pico/pico-sdk/src/rp2_common/hardware_irq/irq_handler_chain.S.obj
                0x0000000020000ffc                irq_handler_chain_slots
                0x000000002000102c                irq_handler_chain_first_slot
                0x0000000020001036                irq_handler_chain_remove_tail
 .data.default_alarm_pool
                0x0000000020001044       0x18 CMakeFiles/seatcontrol.dir/home/testpc/pico/pico-sdk/src/common/pico_time/time.c.obj
 *fill*         0x000000002000105c        0x4 
 .data.aeabi_bits_funcs
                0x0000000020001060       0x10 CMakeFiles/seatcontrol.dir/home/testpc/pico/pico-sdk/src/rp2_common/pico_bit_ops/bit_ops_aeabi.S.obj
                0x0000000020001060                aeabi_bits_funcs
                0x0000000020001070                aeabi_bits_funcs_end
 .data.aeabi_mem_funcs
                0x0000000020001070       0x10 CMakeFiles/seatcontrol.dir/home/testpc/pico/pico-sdk/src/rp2_common/pico_mem_ops/mem_ops_aeabi.S.obj
                0x0000000020001070                aeabi_mem_funcs
                0x0000000020001080                aeabi_mem_funcs_end
 .data.stdio_usb
                0x0000000020001080       0x18 CMakeFiles/seatcontrol.dir/home/testpc/pico/pico-sdk/src/rp2_common/pico_stdio_usb/stdio_usb.c.obj
                0x0000000020001080                stdio_usb
 .data._usbd_qdef
                0x0000000020001098       0x1c CMakeFiles/seatcontrol.dir/home/testpc/pico/pico-sdk/lib/tinyusb/src/device/usbd.c.obj
                0x0000000020001098                _usbd_qdef
 .data._usbd_rhport
                0x00000000200010b4        0x1 CMakeFiles/seatcontrol.dir/home/testpc/pico/pico-sdk/lib/tinyusb/src/device/usbd.c.obj
 *fill*         0x00000000200010b5        0x3 
 .data.i2c0_inst
                0x00000000200010b8        0x8 CMakeFiles/seatcontrol.dir/home/testpc/pico/pico-sdk/src/rp2_common/hardware_i2c/i2c.c.obj